Archive member included to satisfy reference by file (symbol)

c:/program files (x86)/gnu tools arm embedded/7 2018-q2-update/bin/../lib/gcc/arm-none-eabi/7.3.1/../../../../arm-none-eabi/lib/thumb/v7e-m\libc_nano.a(lib_a-exit.o)
                              c:/program files (x86)/gnu tools arm embedded/7 2018-q2-update/bin/../lib/gcc/arm-none-eabi/7.3.1/../../../../arm-none-eabi/lib/thumb/v7e-m/crt0.o (exit)
c:/program files (x86)/gnu tools arm embedded/7 2018-q2-update/bin/../lib/gcc/arm-none-eabi/7.3.1/../../../../arm-none-eabi/lib/thumb/v7e-m\libc_nano.a(lib_a-impure.o)
                              c:/program files (x86)/gnu tools arm embedded/7 2018-q2-update/bin/../lib/gcc/arm-none-eabi/7.3.1/../../../../arm-none-eabi/lib/thumb/v7e-m\libc_nano.a(lib_a-exit.o) (_global_impure_ptr)
c:/program files (x86)/gnu tools arm embedded/7 2018-q2-update/bin/../lib/gcc/arm-none-eabi/7.3.1/../../../../arm-none-eabi/lib/thumb/v7e-m\libc_nano.a(lib_a-init.o)
                              c:/program files (x86)/gnu tools arm embedded/7 2018-q2-update/bin/../lib/gcc/arm-none-eabi/7.3.1/../../../../arm-none-eabi/lib/thumb/v7e-m/crt0.o (__libc_init_array)
c:/program files (x86)/gnu tools arm embedded/7 2018-q2-update/bin/../lib/gcc/arm-none-eabi/7.3.1/../../../../arm-none-eabi/lib/thumb/v7e-m\libc_nano.a(lib_a-locale.o)
                              _build/nrf52811_xxaa/nrf_log_str_formatter.c.o (__locale_ctype_ptr)
c:/program files (x86)/gnu tools arm embedded/7 2018-q2-update/bin/../lib/gcc/arm-none-eabi/7.3.1/../../../../arm-none-eabi/lib/thumb/v7e-m\libc_nano.a(lib_a-mbtowc_r.o)
                              c:/program files (x86)/gnu tools arm embedded/7 2018-q2-update/bin/../lib/gcc/arm-none-eabi/7.3.1/../../../../arm-none-eabi/lib/thumb/v7e-m\libc_nano.a(lib_a-locale.o) (__ascii_mbtowc)
c:/program files (x86)/gnu tools arm embedded/7 2018-q2-update/bin/../lib/gcc/arm-none-eabi/7.3.1/../../../../arm-none-eabi/lib/thumb/v7e-m\libc_nano.a(lib_a-memcmp.o)
                              _build/nrf52811_xxaa/ble_advdata.c.o (memcmp)
c:/program files (x86)/gnu tools arm embedded/7 2018-q2-update/bin/../lib/gcc/arm-none-eabi/7.3.1/../../../../arm-none-eabi/lib/thumb/v7e-m\libc_nano.a(lib_a-memcpy-stub.o)
                              _build/nrf52811_xxaa/nrf_log_frontend.c.o (memcpy)
c:/program files (x86)/gnu tools arm embedded/7 2018-q2-update/bin/../lib/gcc/arm-none-eabi/7.3.1/../../../../arm-none-eabi/lib/thumb/v7e-m\libc_nano.a(lib_a-memset.o)
                              c:/program files (x86)/gnu tools arm embedded/7 2018-q2-update/bin/../lib/gcc/arm-none-eabi/7.3.1/../../../../arm-none-eabi/lib/thumb/v7e-m/crt0.o (memset)
c:/program files (x86)/gnu tools arm embedded/7 2018-q2-update/bin/../lib/gcc/arm-none-eabi/7.3.1/../../../../arm-none-eabi/lib/thumb/v7e-m\libc_nano.a(lib_a-printf.o)
                              _build/nrf52811_xxaa/main.c.o (printf)
c:/program files (x86)/gnu tools arm embedded/7 2018-q2-update/bin/../lib/gcc/arm-none-eabi/7.3.1/../../../../arm-none-eabi/lib/thumb/v7e-m\libc_nano.a(lib_a-strcmp.o)
                              c:/program files (x86)/gnu tools arm embedded/7 2018-q2-update/bin/../lib/gcc/arm-none-eabi/7.3.1/../../../../arm-none-eabi/lib/thumb/v7e-m\libc_nano.a(lib_a-locale.o) (strcmp)
c:/program files (x86)/gnu tools arm embedded/7 2018-q2-update/bin/../lib/gcc/arm-none-eabi/7.3.1/../../../../arm-none-eabi/lib/thumb/v7e-m\libc_nano.a(lib_a-strcpy.o)
                              _build/nrf52811_xxaa/SEGGER_RTT.c.o (strcpy)
c:/program files (x86)/gnu tools arm embedded/7 2018-q2-update/bin/../lib/gcc/arm-none-eabi/7.3.1/../../../../arm-none-eabi/lib/thumb/v7e-m\libc_nano.a(lib_a-strlen.o)
                              _build/nrf52811_xxaa/nrf_log_frontend.c.o (strlen)
c:/program files (x86)/gnu tools arm embedded/7 2018-q2-update/bin/../lib/gcc/arm-none-eabi/7.3.1/../../../../arm-none-eabi/lib/thumb/v7e-m\libc_nano.a(lib_a-wctomb_r.o)
                              c:/program files (x86)/gnu tools arm embedded/7 2018-q2-update/bin/../lib/gcc/arm-none-eabi/7.3.1/../../../../arm-none-eabi/lib/thumb/v7e-m\libc_nano.a(lib_a-locale.o) (__ascii_wctomb)
c:/program files (x86)/gnu tools arm embedded/7 2018-q2-update/bin/../lib/gcc/arm-none-eabi/7.3.1/../../../../arm-none-eabi/lib/thumb/v7e-m\libc_nano.a(lib_a-ctype_.o)
                              c:/program files (x86)/gnu tools arm embedded/7 2018-q2-update/bin/../lib/gcc/arm-none-eabi/7.3.1/../../../../arm-none-eabi/lib/thumb/v7e-m\libc_nano.a(lib_a-locale.o) (_ctype_)
c:/program files (x86)/gnu tools arm embedded/7 2018-q2-update/bin/../lib/gcc/arm-none-eabi/7.3.1/../../../../arm-none-eabi/lib/thumb/v7e-m\libc_nano.a(lib_a-findfp.o)
                              c:/program files (x86)/gnu tools arm embedded/7 2018-q2-update/bin/../lib/gcc/arm-none-eabi/7.3.1/../../../../arm-none-eabi/lib/thumb/v7e-m\libc_nano.a(lib_a-printf.o) (__sinit)
[...]
Memory Configuration

Name             Origin             Length             Attributes
FLASH            0x00019000         0x00017000         xr
RAM              0x200022c8         0x00003d38         xrw
*default*        0x00000000         0xffffffff

Linker script and memory map


.text           0x00019000     0x8384
 *(.isr_vector)
 .isr_vector    0x00019000      0x200 _build/nrf52811_xxaa/gcc_startup_nrf52811.S.o
                0x00019000                __isr_vector
 *(.text*)
 .text          0x00019200       0x40 c:/program files (x86)/gnu tools arm embedded/7 2018-q2-update/bin/../lib/gcc/arm-none-eabi/7.3.1/thumb/v7e-m/crtbegin.o
 .text          0x00019240       0x74 c:/program files (x86)/gnu tools arm embedded/7 2018-q2-update/bin/../lib/gcc/arm-none-eabi/7.3.1/../../../../arm-none-eabi/lib/thumb/v7e-m/crt0.o
                0x00019240                _start
                0x00019240                _mainCRTStartup
 .text          0x000192b4       0x3c _build/nrf52811_xxaa/gcc_startup_nrf52811.S.o
                0x000192b4                Reset_Handler
                0x000192dc                NMI_Handler
                0x000192de                HardFault_Handler
                0x000192e0                MemoryManagement_Handler
                0x000192e2                BusFault_Handler
                0x000192e4                UsageFault_Handler
                0x000192e6                SVC_Handler
                0x000192e8                DebugMon_Handler
                0x000192ea                PendSV_Handler
                0x000192ec                SysTick_Handler
                0x000192ee                PDM_IRQHandler
                0x000192ee                SWI4_IRQHandler
                0x000192ee                TEMP_IRQHandler
                0x000192ee                QDEC_IRQHandler
                0x000192ee                RADIO_IRQHandler
                0x000192ee                SWI5_IRQHandler
                0x000192ee                SWI0_EGU0_IRQHandler
                0x000192ee                TWIM0_TWIS0_TWI0_SPIM1_SPIS1_SPI1_IRQHandler
                0x000192ee                TIMER1_IRQHandler
                0x000192ee                ECB_IRQHandler
                0x000192ee                Default_Handler
                0x000192ee                SWI3_IRQHandler
                0x000192ee                SPIM0_SPIS0_SPI0_IRQHandler
                0x000192ee                SAADC_IRQHandler
                0x000192ee                CCM_AAR_IRQHandler
                0x000192ee                WDT_IRQHandler
                0x000192ee                RTC0_IRQHandler
                0x000192ee                RNG_IRQHandler
                0x000192ee                COMP_IRQHandler
                0x000192ee                PWM0_IRQHandler
                0x000192ee                SWI1_EGU1_IRQHandler
                0x000192ee                TIMER0_IRQHandler
                0x000192ee                TIMER2_IRQHandler
 .text.nrf_log_backend_rtt_flush
                0x000192f0        0x2 _build/nrf52811_xxaa/nrf_log_backend_rtt.c.o
 *fill*         0x000192f2        0x2 
 .text.nrf_log_backend_rtt_put
                0x000192f4       0x1c _build/nrf52811_xxaa/nrf_log_backend_rtt.c.o
 .text.serial_tx
                0x00019310       0x50 _build/nrf52811_xxaa/nrf_log_backend_rtt.c.o
 .text.nrf_log_backend_rtt_panic_set
                0x00019360        0x2 _build/nrf52811_xxaa/nrf_log_backend_rtt.c.o
 .text.nrf_log_backend_rtt_init
                0x00019362        0x4 _build/nrf52811_xxaa/nrf_log_backend_rtt.c.o
                0x00019362                nrf_log_backend_rtt_init
 .text.nrf_log_backend_serial_put
                0x00019366       0xcc _build/nrf52811_xxaa/nrf_log_backend_serial.c.o
                0x00019366                nrf_log_backend_serial_put
 *fill*         0x00019432        0x2 
 .text.nrf_log_default_backends_init
                0x00019434       0x20 _build/nrf52811_xxaa/nrf_log_default_backends.c.o
                0x00019434                nrf_log_default_backends_init
 .text.invalid_packets_omit
                0x00019454       0x3a _build/nrf52811_xxaa/nrf_log_frontend.c.o
 *fill*         0x0001948e        0x2 
 .text.buf_prealloc
                0x00019490      0x134 _build/nrf52811_xxaa/nrf_log_frontend.c.o
 .text.nrf_log_init
                0x000195c4       0x3c _build/nrf52811_xxaa/nrf_log_frontend.c.o
                0x000195c4                nrf_log_init
 .text.nrf_log_module_name_get
                0x00019600       0x38 _build/nrf52811_xxaa/nrf_log_frontend.c.o
                0x00019600                nrf_log_module_name_get
 .text.nrf_log_color_id_get
                0x00019638       0x2c _build/nrf52811_xxaa/nrf_log_frontend.c.o
                0x00019638                nrf_log_color_id_get
 .text.buffer_is_empty
                0x00019664       0x14 _build/nrf52811_xxaa/nrf_log_frontend.c.o
                0x00019664                buffer_is_empty
 .text.nrf_log_frontend_dequeue
                0x00019678      0x228 _build/nrf52811_xxaa/nrf_log_frontend.c.o
                0x00019678                nrf_log_frontend_dequeue
 .text.std_n    0x000198a0       0xb0 _build/nrf52811_xxaa/nrf_log_frontend.c.o
 .text.nrf_log_frontend_std_0
                0x00019950        0x8 _build/nrf52811_xxaa/nrf_log_frontend.c.o
                0x00019950                nrf_log_frontend_std_0
 .text.nrf_log_frontend_std_1
                0x00019958       0x14 _build/nrf52811_xxaa/nrf_log_frontend.c.o
                0x00019958                nrf_log_frontend_std_1
 .text.nrf_log_frontend_std_2
                0x0001996c       0x14 _build/nrf52811_xxaa/nrf_log_frontend.c.o
                0x0001996c                nrf_log_frontend_std_2
 .text.nrf_log_backend_add
                0x00019980       0x54 _build/nrf52811_xxaa/nrf_log_frontend.c.o
                0x00019980                nrf_log_backend_add
 .text.nrf_log_panic
                0x000199d4       0x2c _build/nrf52811_xxaa/nrf_log_frontend.c.o
                0x000199d4                nrf_log_panic
 .text.postfix_process
                0x00019a00       0x3c _build/nrf52811_xxaa/nrf_log_str_formatter.c.o
 .text.prefix_process
                0x00019a3c       0x78 _build/nrf52811_xxaa/nrf_log_str_formatter.c.o
 .text.nrf_log_std_entry_process
                0x00019ab4       0xc8 _build/nrf52811_xxaa/nrf_log_str_formatter.c.o
                0x00019ab4                nrf_log_std_entry_process
 .text.nrf_log_hexdump_entry_process
                0x00019b7c       0xbc _build/nrf52811_xxaa/nrf_log_str_formatter.c.o
                0x00019b7c                nrf_log_hexdump_entry_process
 .text.state_set
                0x00019c38       0x24 _build/nrf52811_xxaa/app_button.c.o
 .text.button_get
                0x00019c5c       0x30 _build/nrf52811_xxaa/app_button.c.o
 .text.usr_event
                0x00019c8c       0x1c _build/nrf52811_xxaa/app_button.c.o
 .text.timer_start
                0x00019ca8       0x18 _build/nrf52811_xxaa/app_button.c.o
 .text.gpiote_event_handler
                0x00019cc0       0x34 _build/nrf52811_xxaa/app_button.c.o
 .text.evt_handle
                0x00019cf4       0xf4 _build/nrf52811_xxaa/app_button.c.o
                0x00019cf4                evt_handle
 .text.detection_delay_timeout_handler
                0x00019de8       0x5c _build/nrf52811_xxaa/app_button.c.o
 .text.app_button_init
                0x00019e44       0xb0 _build/nrf52811_xxaa/app_button.c.o
                0x00019e44                app_button_init
 .text.app_button_enable
                0x00019ef4       0x2c _build/nrf52811_xxaa/app_button.c.o
                0x00019ef4                app_button_enable
 .text.app_button_disable
                0x00019f20       0x54 _build/nrf52811_xxaa/app_button.c.o
                0x00019f20                app_button_disable
 .text.app_button_is_pushed
                0x00019f74       0x28 _build/nrf52811_xxaa/app_button.c.o
                0x00019f74                app_button_is_pushed
 .text.app_error_handler_bare
                0x00019f9c       0x1a _build/nrf52811_xxaa/app_error.c.o
                0x00019f9c                app_error_handler_bare
 *fill*         0x00019fb6        0x2 
 .text.app_error_fault_handler
                0x00019fb8       0x70 _build/nrf52811_xxaa/app_error_weak.c.o
                0x00019fb8                app_error_fault_handler
 .text.app_fifo_init
                0x0001a028       0x1e _build/nrf52811_xxaa/app_fifo.c.o
                0x0001a028                app_fifo_init
 .text.app_fifo_put
                0x0001a046       0x24 _build/nrf52811_xxaa/app_fifo.c.o
                0x0001a046                app_fifo_put
 .text.app_fifo_get
                0x0001a06a       0x22 _build/nrf52811_xxaa/app_fifo.c.o
                0x0001a06a                app_fifo_get
 .text.compare_func
                0x0001a08c       0x16 _build/nrf52811_xxaa/app_timer2.c.o
 *fill*         0x0001a0a2        0x2 
 .text.get_now  0x0001a0a4       0x44 _build/nrf52811_xxaa/app_timer2.c.o
 .text.timer_req_schedule
                0x0001a0e8       0x38 _build/nrf52811_xxaa/app_timer2.c.o
 .text.timer_expire
                0x0001a120       0x70 _build/nrf52811_xxaa/app_timer2.c.o
 .text.app_timer_init
                0x0001a190       0x64 _build/nrf52811_xxaa/app_timer2.c.o
                0x0001a190                app_timer_init
 .text.app_timer_create
                0x0001a1f4       0x16 _build/nrf52811_xxaa/app_timer2.c.o
                0x0001a1f4                app_timer_create
 .text.app_timer_start
                0x0001a20a       0x30 _build/nrf52811_xxaa/app_timer2.c.o
                0x0001a20a                app_timer_start
 .text.app_timer_stop
                0x0001a23a        0xc _build/nrf52811_xxaa/app_timer2.c.o
                0x0001a23a                app_timer_stop
 *fill*         0x0001a246        0x2 
 .text.app_timer_cnt_get
                0x0001a248        0xc _build/nrf52811_xxaa/app_timer2.c.o
                0x0001a248                app_timer_cnt_get
 .text.rtc_irq  0x0001a254      0x194 _build/nrf52811_xxaa/app_timer2.c.o
 .text.nrf_drv_uart_rx.constprop.0
                0x0001a3e8       0x28 _build/nrf52811_xxaa/app_uart_fifo.c.o
 .text.nrf_drv_uart_tx.constprop.2
                0x0001a410       0x28 _build/nrf52811_xxaa/app_uart_fifo.c.o
 .text.uart_event_handler
                0x0001a438       0xac _build/nrf52811_xxaa/app_uart_fifo.c.o
 .text.app_uart_init
                0x0001a4e4       0xb0 _build/nrf52811_xxaa/app_uart_fifo.c.o
                0x0001a4e4                app_uart_init
 .text.app_uart_get
                0x0001a594       0x2c _build/nrf52811_xxaa/app_uart_fifo.c.o
                0x0001a594                app_uart_get
 .text.app_uart_put
                0x0001a5c0       0x50 _build/nrf52811_xxaa/app_uart_fifo.c.o
                0x0001a5c0                app_uart_put
 .text.app_util_critical_region_enter
                0x0001a610       0x48 _build/nrf52811_xxaa/app_util_platform.c.o
                0x0001a610                app_util_critical_region_enter
 .text.app_util_critical_region_exit
                0x0001a658       0x2c _build/nrf52811_xxaa/app_util_platform.c.o
                0x0001a658                app_util_critical_region_exit
 .text.evt_pending.isra.2
                0x0001a684       0x1a _build/nrf52811_xxaa/drv_rtc.c.o
 *fill*         0x0001a69e        0x2 
 .text.drv_rtc_init
                0x0001a6a0       0xac _build/nrf52811_xxaa/drv_rtc.c.o
                0x0001a6a0                drv_rtc_init
 .text.drv_rtc_start
                0x0001a74c        0x8 _build/nrf52811_xxaa/drv_rtc.c.o
                0x0001a74c                drv_rtc_start
 .text.drv_rtc_stop
                0x0001a754        0x8 _build/nrf52811_xxaa/drv_rtc.c.o
                0x0001a754                drv_rtc_stop
 .text.drv_rtc_compare_set
                0x0001a75c       0x48 _build/nrf52811_xxaa/drv_rtc.c.o
                0x0001a75c                drv_rtc_compare_set
 .text.drv_rtc_windowed_compare_set
                0x0001a7a4       0xf0 _build/nrf52811_xxaa/drv_rtc.c.o
                0x0001a7a4                drv_rtc_windowed_compare_set
 .text.drv_rtc_overflow_enable
                0x0001a894       0x12 _build/nrf52811_xxaa/drv_rtc.c.o
                0x0001a894                drv_rtc_overflow_enable
 .text.drv_rtc_overflow_pending
                0x0001a8a6        0xa _build/nrf52811_xxaa/drv_rtc.c.o
                0x0001a8a6                drv_rtc_overflow_pending
 .text.drv_rtc_compare_disable
                0x0001a8b0       0x16 _build/nrf52811_xxaa/drv_rtc.c.o
                0x0001a8b0                drv_rtc_compare_disable
 .text.drv_rtc_compare_pending
                0x0001a8c6        0xe _build/nrf52811_xxaa/drv_rtc.c.o
                0x0001a8c6                drv_rtc_compare_pending
 .text.drv_rtc_counter_get
                0x0001a8d4        0x8 _build/nrf52811_xxaa/drv_rtc.c.o
                0x0001a8d4                drv_rtc_counter_get
 .text.drv_rtc_irq_trigger
                0x0001a8dc       0x20 _build/nrf52811_xxaa/drv_rtc.c.o
                0x0001a8dc                drv_rtc_irq_trigger
 .text.RTC1_IRQHandler
                0x0001a8fc       0x14 _build/nrf52811_xxaa/drv_rtc.c.o
                0x0001a8fc                RTC1_IRQHandler
 .text.nrf_atfifo_init
                0x0001a910       0x26 _build/nrf52811_xxaa/nrf_atfifo.c.o
                0x0001a910                nrf_atfifo_init
 .text.nrf_atfifo_item_alloc
                0x0001a936       0x54 _build/nrf52811_xxaa/nrf_atfifo.c.o
                0x0001a936                nrf_atfifo_item_alloc
 .text.nrf_atfifo_item_put
                0x0001a98a       0x20 _build/nrf52811_xxaa/nrf_atfifo.c.o
                0x0001a98a                nrf_atfifo_item_put
 .text.nrf_atfifo_item_get
                0x0001a9aa       0x56 _build/nrf52811_xxaa/nrf_atfifo.c.o
                0x0001a9aa                nrf_atfifo_item_get
 .text.nrf_atfifo_item_free
                0x0001aa00       0x20 _build/nrf52811_xxaa/nrf_atfifo.c.o
                0x0001aa00                nrf_atfifo_item_free
 .text.nrf_atflags_set
                0x0001aa20       0x12 _build/nrf52811_xxaa/nrf_atflags.c.o
                0x0001aa20                nrf_atflags_set
 .text.nrf_atflags_clear
                0x0001aa32       0x14 _build/nrf52811_xxaa/nrf_atflags.c.o
                0x0001aa32                nrf_atflags_clear
 .text.nrf_atflags_get
                0x0001aa46       0x12 _build/nrf52811_xxaa/nrf_atflags.c.o
                0x0001aa46                nrf_atflags_get
 .text.nrf_atomic_u32_fetch_store
                0x0001aa58       0x14 _build/nrf52811_xxaa/nrf_atomic.c.o
                0x0001aa58                nrf_atomic_u32_fetch_store
 .text.nrf_atomic_u32_or
                0x0001aa6c       0x16 _build/nrf52811_xxaa/nrf_atomic.c.o
                0x0001aa6c                nrf_atomic_u32_or
 .text.nrf_atomic_u32_fetch_and
                0x0001aa82       0x16 _build/nrf52811_xxaa/nrf_atomic.c.o
                0x0001aa82                nrf_atomic_u32_fetch_and
 .text.nrf_atomic_u32_and
                0x0001aa98       0x16 _build/nrf52811_xxaa/nrf_atomic.c.o
                0x0001aa98                nrf_atomic_u32_and
 .text.nrf_atomic_u32_add
                0x0001aaae       0x16 _build/nrf52811_xxaa/nrf_atomic.c.o
                0x0001aaae                nrf_atomic_u32_add
 .text.nrf_atomic_u32_sub
                0x0001aac4       0x16 _build/nrf52811_xxaa/nrf_atomic.c.o
                0x0001aac4                nrf_atomic_u32_sub
 .text.nrf_atomic_flag_set
                0x0001aada        0x6 _build/nrf52811_xxaa/nrf_atomic.c.o
                0x0001aada                nrf_atomic_flag_set
 .text.nrf_atomic_flag_clear_fetch
                0x0001aae0        0x6 _build/nrf52811_xxaa/nrf_atomic.c.o
                0x0001aae0                nrf_atomic_flag_clear_fetch
 .text.nrf_balloc_init
                0x0001aae6       0x2e _build/nrf52811_xxaa/nrf_balloc.c.o
                0x0001aae6                nrf_balloc_init
 .text.nrf_balloc_alloc
                0x0001ab14       0x4a _build/nrf52811_xxaa/nrf_balloc.c.o
                0x0001ab14                nrf_balloc_alloc
 .text.nrf_balloc_free
                0x0001ab5e       0x32 _build/nrf52811_xxaa/nrf_balloc.c.o
                0x0001ab5e                nrf_balloc_free
 .text.nrf_fprintf_buffer_flush
                0x0001ab90       0x16 _build/nrf52811_xxaa/nrf_fprintf.c.o
                0x0001ab90                nrf_fprintf_buffer_flush
 .text.nrf_fprintf
                0x0001aba6       0x1e _build/nrf52811_xxaa/nrf_fprintf.c.o
                0x0001aba6                nrf_fprintf
 .text.buffer_add
                0x0001abc4       0x2e _build/nrf52811_xxaa/nrf_fprintf_format.c.o
 *fill*         0x0001abf2        0x2 
 .text.unsigned_print
                0x0001abf4       0xac _build/nrf52811_xxaa/nrf_fprintf_format.c.o
 .text.nrf_fprintf_fmt
                0x0001aca0      0x28a _build/nrf52811_xxaa/nrf_fprintf_format.c.o
                0x0001aca0                nrf_fprintf_fmt
 .text.memobj_op
                0x0001af2a       0x82 _build/nrf52811_xxaa/nrf_memobj.c.o
 .text.nrf_memobj_pool_init
                0x0001afac        0x4 _build/nrf52811_xxaa/nrf_memobj.c.o
                0x0001afac                nrf_memobj_pool_init
 .text.nrf_memobj_free
                0x0001afb0       0x2c _build/nrf52811_xxaa/nrf_memobj.c.o
                0x0001afb0                nrf_memobj_free
 .text.nrf_memobj_alloc
                0x0001afdc       0x5e _build/nrf52811_xxaa/nrf_memobj.c.o
                0x0001afdc                nrf_memobj_alloc
 .text.nrf_memobj_get
                0x0001b03a        0x8 _build/nrf52811_xxaa/nrf_memobj.c.o
                0x0001b03a                nrf_memobj_get
 .text.nrf_memobj_put
                0x0001b042       0x1e _build/nrf52811_xxaa/nrf_memobj.c.o
                0x0001b042                nrf_memobj_put
 .text.nrf_memobj_write
                0x0001b060       0x16 _build/nrf52811_xxaa/nrf_memobj.c.o
                0x0001b060                nrf_memobj_write
 .text.nrf_memobj_read
                0x0001b076       0x16 _build/nrf52811_xxaa/nrf_memobj.c.o
                0x0001b076                nrf_memobj_read
 .text.sd_power_system_off
                0x0001b08c        0x4 _build/nrf52811_xxaa/nrf_pwr_mgmt.c.o
 .text.sd_app_evt_wait
                0x0001b090        0x4 _build/nrf52811_xxaa/nrf_pwr_mgmt.c.o
 .text.nrf_pwr_mgmt_init
                0x0001b094       0x2c _build/nrf52811_xxaa/nrf_pwr_mgmt.c.o
                0x0001b094                nrf_pwr_mgmt_init
 .text.nrf_pwr_mgmt_run
                0x0001b0c0       0x18 _build/nrf52811_xxaa/nrf_pwr_mgmt.c.o
                0x0001b0c0                nrf_pwr_mgmt_run
 .text.nrf_pwr_mgmt_shutdown
                0x0001b0d8       0xb4 _build/nrf52811_xxaa/nrf_pwr_mgmt.c.o
                0x0001b0d8                nrf_pwr_mgmt_shutdown
 .text.nrf_ringbuf_init
                0x0001b18c       0x1c _build/nrf52811_xxaa/nrf_ringbuf.c.o
                0x0001b18c                nrf_ringbuf_init
 .text.nrf_section_iter_init
                0x0001b1a8       0x12 _build/nrf52811_xxaa/nrf_section_iter.c.o
                0x0001b1a8                nrf_section_iter_init
 .text.nrf_section_iter_next
                0x0001b1ba       0x18 _build/nrf52811_xxaa/nrf_section_iter.c.o
                0x0001b1ba                nrf_section_iter_next
 .text.nrf_sortlist_add
                0x0001b1d2       0x20 _build/nrf52811_xxaa/nrf_sortlist.c.o
                0x0001b1d2                nrf_sortlist_add
 .text.nrf_sortlist_pop
                0x0001b1f2        0xc _build/nrf52811_xxaa/nrf_sortlist.c.o
                0x0001b1f2                nrf_sortlist_pop
 .text.nrf_sortlist_peek
                0x0001b1fe        0x6 _build/nrf52811_xxaa/nrf_sortlist.c.o
                0x0001b1fe                nrf_sortlist_peek
 .text.nrf_sortlist_remove
                0x0001b204       0x1a _build/nrf52811_xxaa/nrf_sortlist.c.o
                0x0001b204                nrf_sortlist_remove
 *fill*         0x0001b21e        0x2 
 .text.nrf_strerror_find
                0x0001b220       0x3c _build/nrf52811_xxaa/nrf_strerror.c.o
                0x0001b220                nrf_strerror_find
 .text.nrf_strerror_get
                0x0001b25c       0x14 _build/nrf52811_xxaa/nrf_strerror.c.o
                0x0001b25c                nrf_strerror_get
 .text._write   0x0001b270       0x1c _build/nrf52811_xxaa/retarget.c.o
                0x0001b270                _write
 .text._read    0x0001b28c       0x12 _build/nrf52811_xxaa/retarget.c.o
                0x0001b28c                _read
 *fill*         0x0001b29e        0x2 
 .text.SystemInit
                0x0001b2a0      0x1b0 _build/nrf52811_xxaa/system_nrf52811.c.o
                0x0001b2a0                SystemInit
 .text.bsp_board_led_state_get
                0x0001b450       0x1c _build/nrf52811_xxaa/boards.c.o
                0x0001b450                bsp_board_led_state_get
 .text.bsp_board_led_on
                0x0001b46c       0x18 _build/nrf52811_xxaa/boards.c.o
                0x0001b46c                bsp_board_led_on
 .text.bsp_board_led_off
                0x0001b484       0x18 _build/nrf52811_xxaa/boards.c.o
                0x0001b484                bsp_board_led_off
 .text.bsp_board_leds_off
                0x0001b49c       0x1e _build/nrf52811_xxaa/boards.c.o
                0x0001b49c                bsp_board_leds_off
 .text.bsp_board_leds_on
                0x0001b4ba       0x1e _build/nrf52811_xxaa/boards.c.o
                0x0001b4ba                bsp_board_leds_on
 .text.bsp_board_led_invert
                0x0001b4d8       0x24 _build/nrf52811_xxaa/boards.c.o
                0x0001b4d8                bsp_board_led_invert
 .text.bsp_board_button_state_get
                0x0001b4fc       0x1c _build/nrf52811_xxaa/boards.c.o
                0x0001b4fc                bsp_board_button_state_get
 .text.bsp_board_pin_to_button_idx
                0x0001b518       0x24 _build/nrf52811_xxaa/boards.c.o
                0x0001b518                bsp_board_pin_to_button_idx
 .text.bsp_board_button_idx_to_pin
                0x0001b53c        0xc _build/nrf52811_xxaa/boards.c.o
                0x0001b53c                bsp_board_button_idx_to_pin
 .text.bsp_board_init
                0x0001b548       0x3e _build/nrf52811_xxaa/boards.c.o
                0x0001b548                bsp_board_init
 *fill*         0x0001b586        0x2 
 .text.clock_clk_started_notify
                0x0001b588       0x28 _build/nrf52811_xxaa/nrf_drv_clock.c.o
 .text.clock_irq_handler
                0x0001b5b0       0x1c _build/nrf52811_xxaa/nrf_drv_clock.c.o
 .text.soc_evt_handler
                0x0001b5cc       0x14 _build/nrf52811_xxaa/nrf_drv_clock.c.o
 .text.nrf_drv_clock_init
                0x0001b5e0       0x38 _build/nrf52811_xxaa/nrf_drv_clock.c.o
                0x0001b5e0                nrf_drv_clock_init
 .text.nrf_drv_clock_lfclk_release
                0x0001b618       0x30 _build/nrf52811_xxaa/nrf_drv_clock.c.o
                0x0001b618                nrf_drv_clock_lfclk_release
 .text.sd_state_evt_handler
                0x0001b648       0x58 _build/nrf52811_xxaa/nrf_drv_clock.c.o
 .text.uarte_evt_handler
                0x0001b6a0       0x34 _build/nrf52811_xxaa/nrf_drv_uart.c.o
 .text.uart_evt_handler
                0x0001b6d4       0x34 _build/nrf52811_xxaa/nrf_drv_uart.c.o
 .text.nrf_drv_uart_init
                0x0001b708       0x7c _build/nrf52811_xxaa/nrf_drv_uart.c.o
                0x0001b708                nrf_drv_uart_init
 .text.nrfx_clock_init
                0x0001b784       0x18 _build/nrf52811_xxaa/nrfx_clock.c.o
                0x0001b784                nrfx_clock_init
 .text.nrfx_clock_enable
                0x0001b79c       0x24 _build/nrf52811_xxaa/nrfx_clock.c.o
                0x0001b79c                nrfx_clock_enable
 .text.nrfx_clock_lfclk_stop
                0x0001b7c0       0x18 _build/nrf52811_xxaa/nrfx_clock.c.o
                0x0001b7c0                nrfx_clock_lfclk_stop
 .text.POWER_CLOCK_IRQHandler
                0x0001b7d8       0x5c _build/nrf52811_xxaa/nrfx_clock.c.o
                0x0001b7d8                POWER_CLOCK_IRQHandler
 .text.nrf_gpiote_event_clear
                0x0001b834       0x18 _build/nrf52811_xxaa/nrfx_gpiote.c.o
 .text.nrf_gpio_cfg_sense_set
                0x0001b84c       0x20 _build/nrf52811_xxaa/nrfx_gpiote.c.o
 .text.channel_free
                0x0001b86c       0x1c _build/nrf52811_xxaa/nrfx_gpiote.c.o
 .text.nrfx_gpiote_init
                0x0001b888       0x6c _build/nrf52811_xxaa/nrfx_gpiote.c.o
                0x0001b888                nrfx_gpiote_init
 .text.nrfx_gpiote_is_init
                0x0001b8f4       0x14 _build/nrf52811_xxaa/nrfx_gpiote.c.o
                0x0001b8f4                nrfx_gpiote_is_init
 .text.nrfx_gpiote_in_init
                0x0001b908       0xf0 _build/nrf52811_xxaa/nrfx_gpiote.c.o
                0x0001b908                nrfx_gpiote_in_init
 .text.nrfx_gpiote_in_event_enable
                0x0001b9f8       0x8c _build/nrf52811_xxaa/nrfx_gpiote.c.o
                0x0001b9f8                nrfx_gpiote_in_event_enable
 .text.nrfx_gpiote_in_event_disable
                0x0001ba84       0x44 _build/nrf52811_xxaa/nrfx_gpiote.c.o
                0x0001ba84                nrfx_gpiote_in_event_disable
 .text.nrfx_gpiote_in_is_set
                0x0001bac8       0x12 _build/nrf52811_xxaa/nrfx_gpiote.c.o
                0x0001bac8                nrfx_gpiote_in_is_set
 *fill*         0x0001bada        0x2 
 .text.GPIOTE_IRQHandler
                0x0001badc      0x17c _build/nrf52811_xxaa/nrfx_gpiote.c.o
                0x0001badc                GPIOTE_IRQHandler
 .text.UARTE0_UART0_IRQHandler
                0x0001bc58        0xc _build/nrf52811_xxaa/nrfx_prs.c.o
                0x0001bc58                UARTE0_UART0_IRQHandler
 .text.nrfx_prs_acquire
                0x0001bc64       0x40 _build/nrf52811_xxaa/nrfx_prs.c.o
                0x0001bc64                nrfx_prs_acquire
 .text.nrf_uart_event_clear
                0x0001bca4       0x10 _build/nrf52811_xxaa/nrfx_uart.c.o
 .text.tx_byte  0x0001bcb4       0x1e _build/nrf52811_xxaa/nrfx_uart.c.o
 .text.rx_enable.isra.5
                0x0001bcd2       0x20 _build/nrf52811_xxaa/nrfx_uart.c.o
 .text.rx_byte  0x0001bcf2       0x2c _build/nrf52811_xxaa/nrfx_uart.c.o
 *fill*         0x0001bd1e        0x2 
 .text.rx_done_event.constprop.8
                0x0001bd20       0x20 _build/nrf52811_xxaa/nrfx_uart.c.o
 .text.nrfx_uart_0_irq_handler
                0x0001bd40      0x140 _build/nrf52811_xxaa/nrfx_uart.c.o
                0x0001bd40                nrfx_uart_0_irq_handler
 .text.nrfx_uart_init
                0x0001be80      0x180 _build/nrf52811_xxaa/nrfx_uart.c.o
                0x0001be80                nrfx_uart_init
 .text.nrfx_uart_tx
                0x0001c000       0x94 _build/nrf52811_xxaa/nrfx_uart.c.o
                0x0001c000                nrfx_uart_tx
 .text.nrfx_uart_tx_in_progress
                0x0001c094       0x18 _build/nrf52811_xxaa/nrfx_uart.c.o
                0x0001c094                nrfx_uart_tx_in_progress
 .text.nrfx_uart_rx
                0x0001c0ac       0xec _build/nrf52811_xxaa/nrfx_uart.c.o
                0x0001c0ac                nrfx_uart_rx
 .text.nrf_uarte_event_clear
                0x0001c198       0x10 _build/nrf52811_xxaa/nrfx_uarte.c.o
 .text.rx_done_event.constprop.7
                0x0001c1a8       0x20 _build/nrf52811_xxaa/nrfx_uarte.c.o
 .text.nrfx_uarte_0_irq_handler
                0x0001c1c8      0x120 _build/nrf52811_xxaa/nrfx_uarte.c.o
                0x0001c1c8                nrfx_uarte_0_irq_handler
 .text.nrfx_uarte_init
                0x0001c2e8      0x198 _build/nrf52811_xxaa/nrfx_uarte.c.o
                0x0001c2e8                nrfx_uarte_init
 .text.nrfx_uarte_tx
                0x0001c480       0x98 _build/nrf52811_xxaa/nrfx_uarte.c.o
                0x0001c480                nrfx_uarte_tx
 .text.nrfx_uarte_tx_in_progress
                0x0001c518       0x18 _build/nrf52811_xxaa/nrfx_uarte.c.o
                0x0001c518                nrfx_uarte_tx_in_progress
 .text.nrfx_uarte_rx
                0x0001c530       0xdc _build/nrf52811_xxaa/nrfx_uarte.c.o
                0x0001c530                nrfx_uarte_rx
 .text.alert_timer_handler
                0x0001c60c        0x6 _build/nrf52811_xxaa/bsp.c.o
 *fill*         0x0001c612        0x2 
 .text.bsp_button_event_handler
                0x0001c614       0x9c _build/nrf52811_xxaa/bsp.c.o
 .text.button_timer_handler
                0x0001c6b0        0x8 _build/nrf52811_xxaa/bsp.c.o
 .text.leds_off
                0x0001c6b8       0x2c _build/nrf52811_xxaa/bsp.c.o
 .text.bsp_led_indication
                0x0001c6e4      0x204 _build/nrf52811_xxaa/bsp.c.o
 .text.leds_timer_handler
                0x0001c8e8       0x1c _build/nrf52811_xxaa/bsp.c.o
 .text.bsp_button_is_pressed
                0x0001c904        0xc _build/nrf52811_xxaa/bsp.c.o
                0x0001c904                bsp_button_is_pressed
 .text.bsp_indication_set
                0x0001c910       0x18 _build/nrf52811_xxaa/bsp.c.o
                0x0001c910                bsp_indication_set
 .text.bsp_init
                0x0001c928       0x9c _build/nrf52811_xxaa/bsp.c.o
                0x0001c928                bsp_init
 .text.bsp_event_to_button_action_assign
                0x0001c9c4       0x4c _build/nrf52811_xxaa/bsp.c.o
                0x0001c9c4                bsp_event_to_button_action_assign
 .text.bsp_buttons_disable
                0x0001ca10        0x4 _build/nrf52811_xxaa/bsp.c.o
                0x0001ca10                bsp_buttons_disable
 .text.bsp_wakeup_button_enable
                0x0001ca14       0x30 _build/nrf52811_xxaa/bsp.c.o
                0x0001ca14                bsp_wakeup_button_enable
 .text.advertising_buttons_configure
                0x0001ca44       0x36 _build/nrf52811_xxaa/bsp_btn_ble.c.o
 *fill*         0x0001ca7a        0x2 
 .text.ble_evt_handler
                0x0001ca7c       0x80 _build/nrf52811_xxaa/bsp_btn_ble.c.o
 .text.bsp_btn_ble_sleep_mode_prepare
                0x0001cafc       0x1e _build/nrf52811_xxaa/bsp_btn_ble.c.o
                0x0001cafc                bsp_btn_ble_sleep_mode_prepare
 *fill*         0x0001cb1a        0x2 
 .text.bsp_btn_ble_init
                0x0001cb1c       0x40 _build/nrf52811_xxaa/bsp_btn_ble.c.o
                0x0001cb1c                bsp_btn_ble_init
 .text.sd_ble_gatts_service_add
                0x0001cb5c        0x4 _build/nrf52811_xxaa/SaeA_Service.c.o
 .text.sd_ble_gatts_value_get
                0x0001cb60        0x4 _build/nrf52811_xxaa/SaeA_Service.c.o
 .text.sd_ble_gatts_hvx
                0x0001cb64        0x4 _build/nrf52811_xxaa/SaeA_Service.c.o
 .text.sd_ble_uuid_vs_add
                0x0001cb68        0x4 _build/nrf52811_xxaa/SaeA_Service.c.o
 .text.ble_saea_on_ble_evt
                0x0001cb6c      0x154 _build/nrf52811_xxaa/SaeA_Service.c.o
                0x0001cb6c                ble_saea_on_ble_evt
 .text.ble_badapen_init
                0x0001ccc0      0x2c0 _build/nrf52811_xxaa/SaeA_Service.c.o
                0x0001ccc0                ble_badapen_init
 .text.ble_f01_data_send
                0x0001cf80       0x66 _build/nrf52811_xxaa/SaeA_Service.c.o
                0x0001cf80                ble_f01_data_send
 .text.sd_ble_gap_disconnect
                0x0001cfe6        0x4 _build/nrf52811_xxaa/main.c.o
 .text.sd_ble_gap_ppcp_set
                0x0001cfea        0x4 _build/nrf52811_xxaa/main.c.o
 .text.sd_ble_gap_device_name_set
                0x0001cfee        0x4 _build/nrf52811_xxaa/main.c.o
 .text.sd_ble_gap_sec_params_reply
                0x0001cff2        0x4 _build/nrf52811_xxaa/main.c.o
 .text.sd_ble_gap_phy_update
                0x0001cff6        0x4 _build/nrf52811_xxaa/main.c.o
 .text.sd_ble_gatts_sys_attr_set
                0x0001cffa        0x4 _build/nrf52811_xxaa/main.c.o
 .text.sd_power_system_off
                0x0001cffe        0x4 _build/nrf52811_xxaa/main.c.o
 .text.nrf_qwr_error_handler
                0x0001d002        0x4 _build/nrf52811_xxaa/main.c.o
 *fill*         0x0001d006        0x2 
 .text.uart_event_handle
                0x0001d008       0x74 _build/nrf52811_xxaa/main.c.o
                0x0001d008                uart_event_handle
 .text.battery_level_meas_timeout_handler
                0x0001d07c       0x3c _build/nrf52811_xxaa/main.c.o
 .text.ble_evt_handler
                0x0001d0b8       0xcc _build/nrf52811_xxaa/main.c.o
 .text.gatt_evt_handler
                0x0001d184       0x44 _build/nrf52811_xxaa/main.c.o
                0x0001d184                gatt_evt_handler
 .text.on_conn_params_evt
                0x0001d1c8       0x20 _build/nrf52811_xxaa/main.c.o
 .text.bsp_event_handler
                0x0001d1e8       0x5c _build/nrf52811_xxaa/main.c.o
                0x0001d1e8                bsp_event_handler
 .text.button_callback
                0x0001d244       0x24 _build/nrf52811_xxaa/main.c.o
                0x0001d244                button_callback
 .text.nus_data_handler
                0x0001d268       0x58 _build/nrf52811_xxaa/main.c.o
 .text.on_adv_evt
                0x0001d2c0       0x34 _build/nrf52811_xxaa/main.c.o
 .text.button_timeout_handler
                0x0001d2f4       0x88 _build/nrf52811_xxaa/main.c.o
                0x0001d2f4                button_timeout_handler
 .text.conn_params_error_handler
                0x0001d37c        0x4 _build/nrf52811_xxaa/main.c.o
 .text.gatt_init
                0x0001d380       0x2c _build/nrf52811_xxaa/main.c.o
                0x0001d380                gatt_init
 *fill*         0x0001d3ac        0x4 
 .text.startup.main
                0x0001d3b0      0x408 _build/nrf52811_xxaa/main.c.o
                0x0001d3b0                main
 .text._GetAvailWriteSpace
                0x0001d7b8       0x1c _build/nrf52811_xxaa/SEGGER_RTT.c.o
 .text._WriteNoCheck
                0x0001d7d4       0x3a _build/nrf52811_xxaa/SEGGER_RTT.c.o
 .text._WriteBlocking
                0x0001d80e       0x52 _build/nrf52811_xxaa/SEGGER_RTT.c.o
 .text._DoInit  0x0001d860       0x60 _build/nrf52811_xxaa/SEGGER_RTT.c.o
 .text.SEGGER_RTT_WriteNoLock
                0x0001d8c0       0x68 _build/nrf52811_xxaa/SEGGER_RTT.c.o
                0x0001d8c0                SEGGER_RTT_WriteNoLock
 .text.SEGGER_RTT_Init
                0x0001d928        0x4 _build/nrf52811_xxaa/SEGGER_RTT.c.o
                0x0001d928                SEGGER_RTT_Init
 .text.sd_ble_gap_addr_get
                0x0001d92c        0x4 _build/nrf52811_xxaa/ble_advdata.c.o
 .text.sd_ble_gap_appearance_get
                0x0001d930        0x4 _build/nrf52811_xxaa/ble_advdata.c.o
 .text.sd_ble_gap_device_name_get
                0x0001d934        0x4 _build/nrf52811_xxaa/ble_advdata.c.o
 .text.sd_ble_uuid_encode
                0x0001d938        0x4 _build/nrf52811_xxaa/ble_advdata.c.o
 .text.uuid_list_sized_encode
                0x0001d93c       0xa4 _build/nrf52811_xxaa/ble_advdata.c.o
 .text.uuid_list_encode
                0x0001d9e0       0x34 _build/nrf52811_xxaa/ble_advdata.c.o
 .text.ble_advdata_encode
                0x0001da14      0x392 _build/nrf52811_xxaa/ble_advdata.c.o
                0x0001da14                ble_advdata_encode
 .text.ble_advdata_search
                0x0001dda6       0x40 _build/nrf52811_xxaa/ble_advdata.c.o
                0x0001dda6                ble_advdata_search
 .text.ble_advdata_parse
                0x0001dde6       0x20 _build/nrf52811_xxaa/ble_advdata.c.o
                0x0001dde6                ble_advdata_parse
 .text.sd_ble_gap_adv_set_configure
                0x0001de06        0x4 _build/nrf52811_xxaa/ble_advertising.c.o
 .text.sd_ble_gap_adv_start
                0x0001de0a        0x4 _build/nrf52811_xxaa/ble_advertising.c.o
 .text.sd_ble_gap_adv_stop
                0x0001de0e        0x4 _build/nrf52811_xxaa/ble_advertising.c.o
 .text.flags_set
                0x0001de12       0x2c _build/nrf52811_xxaa/ble_advertising.c.o
 .text.ble_advertising_conn_cfg_tag_set
                0x0001de3e        0x6 _build/nrf52811_xxaa/ble_advertising.c.o
                0x0001de3e                ble_advertising_conn_cfg_tag_set
 .text.ble_advertising_init
                0x0001de44       0xe4 _build/nrf52811_xxaa/ble_advertising.c.o
                0x0001de44                ble_advertising_init
 .text.ble_advertising_start
                0x0001df28      0x204 _build/nrf52811_xxaa/ble_advertising.c.o
                0x0001df28                ble_advertising_start
 .text.ble_advertising_on_ble_evt
                0x0001e12c       0x6a _build/nrf52811_xxaa/ble_advertising.c.o
                0x0001e12c                ble_advertising_on_ble_evt
 .text.ble_advertising_restart_without_whitelist
                0x0001e196       0x3c _build/nrf52811_xxaa/ble_advertising.c.o
                0x0001e196                ble_advertising_restart_without_whitelist
 .text.sd_ble_gap_conn_param_update
                0x0001e1d2        0x4 _build/nrf52811_xxaa/ble_conn_params.c.o
 .text.sd_ble_gap_disconnect
                0x0001e1d6        0x4 _build/nrf52811_xxaa/ble_conn_params.c.o
 .text.sd_ble_gap_ppcp_set
                0x0001e1da        0x4 _build/nrf52811_xxaa/ble_conn_params.c.o
 .text.sd_ble_gap_ppcp_get
                0x0001e1de        0x4 _build/nrf52811_xxaa/ble_conn_params.c.o
 *fill*         0x0001e1e2        0x2 
 .text.instance_get
                0x0001e1e4       0x14 _build/nrf52811_xxaa/ble_conn_params.c.o
 .text.send_error_evt
                0x0001e1f8       0x10 _build/nrf52811_xxaa/ble_conn_params.c.o
 .text.update_timeout_handler
                0x0001e208       0x6c _build/nrf52811_xxaa/ble_conn_params.c.o
 .text.conn_params_negotiation
                0x0001e274       0x48 _build/nrf52811_xxaa/ble_conn_params.c.o
 .text.is_conn_params_ok.constprop.3
                0x0001e2bc       0x3a _build/nrf52811_xxaa/ble_conn_params.c.o
 *fill*         0x0001e2f6        0x2 
 .text.ble_evt_handler
                0x0001e2f8       0xe0 _build/nrf52811_xxaa/ble_conn_params.c.o
 .text.ble_conn_params_init
                0x0001e3d8       0x74 _build/nrf52811_xxaa/ble_conn_params.c.o
                0x0001e3d8                ble_conn_params_init
 .text.flag_toggle
                0x0001e44c        0xa _build/nrf52811_xxaa/ble_conn_state.c.o
 .text.conn_handle_list_get
                0x0001e456       0x2e _build/nrf52811_xxaa/ble_conn_state.c.o
                0x0001e456                conn_handle_list_get
 .text.ble_evt_handler
                0x0001e484      0x10c _build/nrf52811_xxaa/ble_conn_state.c.o
 .text.ble_conn_state_valid
                0x0001e590       0x14 _build/nrf52811_xxaa/ble_conn_state.c.o
                0x0001e590                ble_conn_state_valid
 .text.ble_conn_state_status
                0x0001e5a4       0x20 _build/nrf52811_xxaa/ble_conn_state.c.o
                0x0001e5a4                ble_conn_state_status
 .text.ble_conn_state_conn_handles
                0x0001e5c4       0x14 _build/nrf52811_xxaa/ble_conn_state.c.o
                0x0001e5c4                ble_conn_state_conn_handles
 .text.ble_conn_state_conn_idx
                0x0001e5d8       0x12 _build/nrf52811_xxaa/ble_conn_state.c.o
                0x0001e5d8                ble_conn_state_conn_idx
 .text.blcm_link_ctx_get
                0x0001e5ea       0x4e _build/nrf52811_xxaa/ble_link_ctx_manager.c.o
                0x0001e5ea                blcm_link_ctx_get
 .text.sd_ble_gatts_characteristic_add
                0x0001e638        0x4 _build/nrf52811_xxaa/ble_srv_common.c.o
 .text.sd_ble_gatts_descriptor_add
                0x0001e63c        0x4 _build/nrf52811_xxaa/ble_srv_common.c.o
 .text.set_security_req
                0x0001e640       0x2a _build/nrf52811_xxaa/ble_srv_common.c.o
 .text.ble_srv_is_notification_enabled
                0x0001e66a        0x8 _build/nrf52811_xxaa/ble_srv_common.c.o
                0x0001e66a                ble_srv_is_notification_enabled
 .text.ble_srv_report_ref_encode
                0x0001e672        0xc _build/nrf52811_xxaa/ble_srv_common.c.o
                0x0001e672                ble_srv_report_ref_encode
 .text.ble_srv_ascii_to_utf8
                0x0001e67e       0x12 _build/nrf52811_xxaa/ble_srv_common.c.o
                0x0001e67e                ble_srv_ascii_to_utf8
 .text.characteristic_add
                0x0001e690      0x14e _build/nrf52811_xxaa/ble_srv_common.c.o
                0x0001e690                characteristic_add
 .text.descriptor_add
                0x0001e7de       0x8a _build/nrf52811_xxaa/ble_srv_common.c.o
                0x0001e7de                descriptor_add
 .text.sd_ble_gattc_exchange_mtu_request
                0x0001e868        0x4 _build/nrf52811_xxaa/nrf_ble_gatt.c.o
 .text.sd_ble_gatts_exchange_mtu_reply
                0x0001e86c        0x4 _build/nrf52811_xxaa/nrf_ble_gatt.c.o
 .text.nrf_ble_gatt_init
                0x0001e870       0x24 _build/nrf52811_xxaa/nrf_ble_gatt.c.o
                0x0001e870                nrf_ble_gatt_init
 .text.nrf_ble_gatt_att_mtu_periph_set
                0x0001e894       0x18 _build/nrf52811_xxaa/nrf_ble_gatt.c.o
                0x0001e894                nrf_ble_gatt_att_mtu_periph_set
 .text.nrf_ble_gatt_on_ble_evt
                0x0001e8ac      0x14c _build/nrf52811_xxaa/nrf_ble_gatt.c.o
                0x0001e8ac                nrf_ble_gatt_on_ble_evt
 .text.sd_ble_gatts_rw_authorize_reply
                0x0001e9f8        0x4 _build/nrf52811_xxaa/nrf_ble_qwr.c.o
 .text.sd_ble_user_mem_reply
                0x0001e9fc        0x4 _build/nrf52811_xxaa/nrf_ble_qwr.c.o
 .text.user_mem_reply.part.0
                0x0001ea00       0x24 _build/nrf52811_xxaa/nrf_ble_qwr.c.o
 .text.nrf_ble_qwr_init
                0x0001ea24       0x24 _build/nrf52811_xxaa/nrf_ble_qwr.c.o
                0x0001ea24                nrf_ble_qwr_init
 .text.nrf_ble_qwr_conn_handle_assign
                0x0001ea48       0x16 _build/nrf52811_xxaa/nrf_ble_qwr.c.o
                0x0001ea48                nrf_ble_qwr_conn_handle_assign
 .text.nrf_ble_qwr_on_ble_evt
                0x0001ea5e       0xa0 _build/nrf52811_xxaa/nrf_ble_qwr.c.o
                0x0001ea5e                nrf_ble_qwr_on_ble_evt
 .text.sd_ble_gatts_service_add
                0x0001eafe        0x4 _build/nrf52811_xxaa/ble_bas.c.o
 .text.sd_ble_gatts_value_set
                0x0001eb02        0x4 _build/nrf52811_xxaa/ble_bas.c.o
 .text.sd_ble_gatts_hvx
                0x0001eb06        0x4 _build/nrf52811_xxaa/ble_bas.c.o
 .text.ble_bas_on_ble_evt
                0x0001eb0a       0x4a _build/nrf52811_xxaa/ble_bas.c.o
                0x0001eb0a                ble_bas_on_ble_evt
 .text.ble_bas_init
                0x0001eb54       0xe2 _build/nrf52811_xxaa/ble_bas.c.o
                0x0001eb54                ble_bas_init
 .text.ble_bas_battery_level_update
                0x0001ec36       0xd0 _build/nrf52811_xxaa/ble_bas.c.o
                0x0001ec36                ble_bas_battery_level_update
 .text.sd_ble_gatts_service_add
                0x0001ed06        0x4 _build/nrf52811_xxaa/ble_dis.c.o
 *fill*         0x0001ed0a        0x2 
 .text.char_add
                0x0001ed0c       0x58 _build/nrf52811_xxaa/ble_dis.c.o
 .text.ble_dis_init
                0x0001ed64      0x1a4 _build/nrf52811_xxaa/ble_dis.c.o
                0x0001ed64                ble_dis_init
 .text.sd_softdevice_enable
                0x0001ef08        0x4 _build/nrf52811_xxaa/nrf_sdh.c.o
 .text.sdh_request_observer_notify
                0x0001ef0c       0x30 _build/nrf52811_xxaa/nrf_sdh.c.o
 .text.sdh_state_observer_notify
                0x0001ef3c       0x28 _build/nrf52811_xxaa/nrf_sdh.c.o
 .text.softdevices_evt_irq_enable
                0x0001ef64       0x38 _build/nrf52811_xxaa/nrf_sdh.c.o
 .text.nrf_sdh_enable_request
                0x0001ef9c       0x78 _build/nrf52811_xxaa/nrf_sdh.c.o
                0x0001ef9c                nrf_sdh_enable_request
 .text.nrf_sdh_is_enabled
                0x0001f014        0xc _build/nrf52811_xxaa/nrf_sdh.c.o
                0x0001f014                nrf_sdh_is_enabled
 .text.nrf_sdh_evts_poll
                0x0001f020       0x28 _build/nrf52811_xxaa/nrf_sdh.c.o
                0x0001f020                nrf_sdh_evts_poll
 .text.SWI2_IRQHandler
                0x0001f048        0x4 _build/nrf52811_xxaa/nrf_sdh.c.o
                0x0001f048                SWI2_IRQHandler
 .text.sd_ble_enable
                0x0001f04c        0x4 _build/nrf52811_xxaa/nrf_sdh_ble.c.o
 .text.sd_ble_cfg_set
                0x0001f050        0x4 _build/nrf52811_xxaa/nrf_sdh_ble.c.o
 .text.sd_ble_evt_get
                0x0001f054        0x4 _build/nrf52811_xxaa/nrf_sdh_ble.c.o
 .text.nrf_sdh_ble_evts_poll.part.1
                0x0001f058       0x4c _build/nrf52811_xxaa/nrf_sdh_ble.c.o
 .text.nrf_sdh_ble_evts_poll
                0x0001f0a4       0x10 _build/nrf52811_xxaa/nrf_sdh_ble.c.o
 .text.nrf_sdh_ble_default_cfg_set
                0x0001f0b4      0x198 _build/nrf52811_xxaa/nrf_sdh_ble.c.o
                0x0001f0b4                nrf_sdh_ble_default_cfg_set
 .text.nrf_sdh_ble_enable
                0x0001f24c       0x94 _build/nrf52811_xxaa/nrf_sdh_ble.c.o
                0x0001f24c                nrf_sdh_ble_enable
 .text.sd_evt_get
                0x0001f2e0        0x4 _build/nrf52811_xxaa/nrf_sdh_soc.c.o
 .text.nrf_sdh_soc_evts_poll
                0x0001f2e4       0x3c _build/nrf52811_xxaa/nrf_sdh_soc.c.o
 .text.exit     0x0001f320       0x28 c:/program files (x86)/gnu tools arm embedded/7 2018-q2-update/bin/../lib/gcc/arm-none-eabi/7.3.1/../../../../arm-none-eabi/lib/thumb/v7e-m\libc_nano.a(lib_a-exit.o)
                0x0001f320                exit
 .text.__libc_init_array
                0x0001f348       0x48 c:/program files (x86)/gnu tools arm embedded/7 2018-q2-update/bin/../lib/gcc/arm-none-eabi/7.3.1/../../../../arm-none-eabi/lib/thumb/v7e-m\libc_nano.a(lib_a-init.o)
                0x0001f348                __libc_init_array
 .text.__locale_ctype_ptr
                0x0001f390       0x1c c:/program files (x86)/gnu tools arm embedded/7 2018-q2-update/bin/../lib/gcc/arm-none-eabi/7.3.1/../../../../arm-none-eabi/lib/thumb/v7e-m\libc_nano.a(lib_a-locale.o)
                0x0001f390                __locale_ctype_ptr
 .text.__ascii_mbtowc
                0x0001f3ac       0x24 c:/program files (x86)/gnu tools arm embedded/7 2018-q2-update/bin/../lib/gcc/arm-none-eabi/7.3.1/../../../../arm-none-eabi/lib/thumb/v7e-m\libc_nano.a(lib_a-mbtowc_r.o)
                0x0001f3ac                __ascii_mbtowc
 .text.memcpy   0x0001f3d0       0x16 c:/program files (x86)/gnu tools arm embedded/7 2018-q2-update/bin/../lib/gcc/arm-none-eabi/7.3.1/../../../../arm-none-eabi/lib/thumb/v7e-m\libc_nano.a(lib_a-memcpy-stub.o)
                0x0001f3d0                memcpy
 .text.memset   0x0001f3e6       0x10 c:/program files (x86)/gnu tools arm embedded/7 2018-q2-update/bin/../lib/gcc/arm-none-eabi/7.3.1/../../../../arm-none-eabi/lib/thumb/v7e-m\libc_nano.a(lib_a-memset.o)
                0x0001f3e6                memset
 *fill*         0x0001f3f6        0x2 
 .text.printf   0x0001f3f8       0x30 c:/program files (x86)/gnu tools arm embedded/7 2018-q2-update/bin/../lib/gcc/arm-none-eabi/7.3.1/../../../../arm-none-eabi/lib/thumb/v7e-m\libc_nano.a(lib_a-printf.o)
                0x0001f3f8                iprintf
                0x0001f3f8                printf
 .text.strcpy   0x0001f428       0x10 c:/program files (x86)/gnu tools arm embedded/7 2018-q2-update/bin/../lib/gcc/arm-none-eabi/7.3.1/../../../../arm-none-eabi/lib/thumb/v7e-m\libc_nano.a(lib_a-strcpy.o)
                0x0001f428                strcpy
 .text          0x0001f438       0x10 c:/program files (x86)/gnu tools arm embedded/7 2018-q2-update/bin/../lib/gcc/arm-none-eabi/7.3.1/../../../../arm-none-eabi/lib/thumb/v7e-m\libc_nano.a(lib_a-strlen.o)
                0x0001f438                strlen
 .text.__ascii_wctomb
                0x0001f448       0x1a c:/program files (x86)/gnu tools arm embedded/7 2018-q2-update/bin/../lib/gcc/arm-none-eabi/7.3.1/../../../../arm-none-eabi/lib/thumb/v7e-m\libc_nano.a(lib_a-wctomb_r.o)
                0x0001f448                __ascii_wctomb
 *fill*         0x0001f462        0x2 
 .text.std      0x0001f464       0x48 c:/program files (x86)/gnu tools arm embedded/7 2018-q2-update/bin/../lib/gcc/arm-none-eabi/7.3.1/../../../../arm-none-eabi/lib/thumb/v7e-m\libc_nano.a(lib_a-findfp.o)
 .text._cleanup_r
                0x0001f4ac        0xc c:/program files (x86)/gnu tools arm embedded/7 2018-q2-update/bin/../lib/gcc/arm-none-eabi/7.3.1/../../../../arm-none-eabi/lib/thumb/v7e-m\libc_nano.a(lib_a-findfp.o)
                0x0001f4ac                _cleanup_r
 .text.__sfmoreglue
                0x0001f4b8       0x2c c:/program files (x86)/gnu tools arm embedded/7 2018-q2-update/bin/../lib/gcc/arm-none-eabi/7.3.1/../../../../arm-none-eabi/lib/thumb/v7e-m\libc_nano.a(lib_a-findfp.o)
                0x0001f4b8                __sfmoreglue
 .text.__sinit  0x0001f4e4       0x60 c:/program files (x86)/gnu tools arm embedded/7 2018-q2-update/bin/../lib/gcc/arm-none-eabi/7.3.1/../../../../arm-none-eabi/lib/thumb/v7e-m\libc_nano.a(lib_a-findfp.o)
                0x0001f4e4                __sinit
 .text.__sfp    0x0001f544       0x78 c:/program files (x86)/gnu tools arm embedded/7 2018-q2-update/bin/../lib/gcc/arm-none-eabi/7.3.1/../../../../arm-none-eabi/lib/thumb/v7e-m\libc_nano.a(lib_a-findfp.o)
                0x0001f544                __sfp
 .text._fwalk_reent
                0x0001f5bc       0x3c c:/program files (x86)/gnu tools arm embedded/7 2018-q2-update/bin/../lib/gcc/arm-none-eabi/7.3.1/../../../../arm-none-eabi/lib/thumb/v7e-m\libc_nano.a(lib_a-fwalk.o)
                0x0001f5bc                _fwalk_reent
 .text._malloc_r
                0x0001f5f8       0xb4 c:/program files (x86)/gnu tools arm embedded/7 2018-q2-update/bin/../lib/gcc/arm-none-eabi/7.3.1/../../../../arm-none-eabi/lib/thumb/v7e-m\libc_nano.a(lib_a-nano-mallocr.o)
                0x0001f5f8                _malloc_r
 .text.__sfputc_r
                0x0001f6ac       0x2a c:/program files (x86)/gnu tools arm embedded/7 2018-q2-update/bin/../lib/gcc/arm-none-eabi/7.3.1/../../../../arm-none-eabi/lib/thumb/v7e-m\libc_nano.a(lib_a-nano-vfprintf.o)
 .text.__sfputs_r
                0x0001f6d6       0x24 c:/program files (x86)/gnu tools arm embedded/7 2018-q2-update/bin/../lib/gcc/arm-none-eabi/7.3.1/../../../../arm-none-eabi/lib/thumb/v7e-m\libc_nano.a(lib_a-nano-vfprintf.o)
                0x0001f6d6                __sfputs_r
 *fill*         0x0001f6fa        0x2 
 .text._vfprintf_r
                0x0001f6fc      0x22c c:/program files (x86)/gnu tools arm embedded/7 2018-q2-update/bin/../lib/gcc/arm-none-eabi/7.3.1/../../../../arm-none-eabi/lib/thumb/v7e-m\libc_nano.a(lib_a-nano-vfprintf.o)
                0x0001f6fc                _vfprintf_r
                0x0001f6fc                _vfiprintf_r
 .text._printf_common
                0x0001f928       0xea c:/program files (x86)/gnu tools arm embedded/7 2018-q2-update/bin/../lib/gcc/arm-none-eabi/7.3.1/../../../../arm-none-eabi/lib/thumb/v7e-m\libc_nano.a(lib_a-nano-vfprintf_i.o)
                0x0001f928                _printf_common
 *fill*         0x0001fa12        0x2 
 .text._printf_i
                0x0001fa14      0x224 c:/program files (x86)/gnu tools arm embedded/7 2018-q2-update/bin/../lib/gcc/arm-none-eabi/7.3.1/../../../../arm-none-eabi/lib/thumb/v7e-m\libc_nano.a(lib_a-nano-vfprintf_i.o)
                0x0001fa14                _printf_i
 .text._sbrk_r  0x0001fc38       0x20 c:/program files (x86)/gnu tools arm embedded/7 2018-q2-update/bin/../lib/gcc/arm-none-eabi/7.3.1/../../../../arm-none-eabi/lib/thumb/v7e-m\libc_nano.a(lib_a-sbrkr.o)
                0x0001fc38                _sbrk_r
 .text.__sread  0x0001fc58       0x22 c:/program files (x86)/gnu tools arm embedded/7 2018-q2-update/bin/../lib/gcc/arm-none-eabi/7.3.1/../../../../arm-none-eabi/lib/thumb/v7e-m\libc_nano.a(lib_a-stdio.o)
                0x0001fc58                __sread
 .text.__swrite
                0x0001fc7a       0x38 c:/program files (x86)/gnu tools arm embedded/7 2018-q2-update/bin/../lib/gcc/arm-none-eabi/7.3.1/../../../../arm-none-eabi/lib/thumb/v7e-m\libc_nano.a(lib_a-stdio.o)
                0x0001fc7a                __swrite
 .text.__sseek  0x0001fcb2       0x24 c:/program files (x86)/gnu tools arm embedded/7 2018-q2-update/bin/../lib/gcc/arm-none-eabi/7.3.1/../../../../arm-none-eabi/lib/thumb/v7e-m\libc_nano.a(lib_a-stdio.o)
                0x0001fcb2                __sseek
 .text.__sclose
                0x0001fcd6        0x8 c:/program files (x86)/gnu tools arm embedded/7 2018-q2-update/bin/../lib/gcc/arm-none-eabi/7.3.1/../../../../arm-none-eabi/lib/thumb/v7e-m\libc_nano.a(lib_a-stdio.o)
                0x0001fcd6                __sclose
 *fill*         0x0001fcde        0x2 
 .text.__swbuf_r
                0x0001fce0       0xa4 c:/program files (x86)/gnu tools arm embedded/7 2018-q2-update/bin/../lib/gcc/arm-none-eabi/7.3.1/../../../../arm-none-eabi/lib/thumb/v7e-m\libc_nano.a(lib_a-wbuf.o)
                0x0001fce0                __swbuf_r
 .text._write_r
                0x0001fd84       0x24 c:/program files (x86)/gnu tools arm embedded/7 2018-q2-update/bin/../lib/gcc/arm-none-eabi/7.3.1/../../../../arm-none-eabi/lib/thumb/v7e-m\libc_nano.a(lib_a-writer.o)
                0x0001fd84                _write_r
 .text.__swsetup_r
                0x0001fda8       0xdc c:/program files (x86)/gnu tools arm embedded/7 2018-q2-update/bin/../lib/gcc/arm-none-eabi/7.3.1/../../../../arm-none-eabi/lib/thumb/v7e-m\libc_nano.a(lib_a-wsetup.o)
                0x0001fda8                __swsetup_r
 .text._close_r
                0x0001fe84       0x20 c:/program files (x86)/gnu tools arm embedded/7 2018-q2-update/bin/../lib/gcc/arm-none-eabi/7.3.1/../../../../arm-none-eabi/lib/thumb/v7e-m\libc_nano.a(lib_a-closer.o)
                0x0001fe84                _close_r
 .text.__sflush_r
                0x0001fea4      0x10c c:/program files (x86)/gnu tools arm embedded/7 2018-q2-update/bin/../lib/gcc/arm-none-eabi/7.3.1/../../../../arm-none-eabi/lib/thumb/v7e-m\libc_nano.a(lib_a-fflush.o)
                0x0001fea4                __sflush_r
 .text._fflush_r
                0x0001ffb0       0x54 c:/program files (x86)/gnu tools arm embedded/7 2018-q2-update/bin/../lib/gcc/arm-none-eabi/7.3.1/../../../../arm-none-eabi/lib/thumb/v7e-m\libc_nano.a(lib_a-fflush.o)
                0x0001ffb0                _fflush_r
 .text._lseek_r
                0x00020004       0x24 c:/program files (x86)/gnu tools arm embedded/7 2018-q2-update/bin/../lib/gcc/arm-none-eabi/7.3.1/../../../../arm-none-eabi/lib/thumb/v7e-m\libc_nano.a(lib_a-lseekr.o)
                0x00020004                _lseek_r
 .text.__swhatbuf_r
                0x00020028       0x48 c:/program files (x86)/gnu tools arm embedded/7 2018-q2-update/bin/../lib/gcc/arm-none-eabi/7.3.1/../../../../arm-none-eabi/lib/thumb/v7e-m\libc_nano.a(lib_a-makebuf.o)
                0x00020028                __swhatbuf_r
 .text.__smakebuf_r
                0x00020070       0x80 c:/program files (x86)/gnu tools arm embedded/7 2018-q2-update/bin/../lib/gcc/arm-none-eabi/7.3.1/../../../../arm-none-eabi/lib/thumb/v7e-m\libc_nano.a(lib_a-makebuf.o)
                0x00020070                __smakebuf_r
 .text          0x000200f0       0xa0 c:/program files (x86)/gnu tools arm embedded/7 2018-q2-update/bin/../lib/gcc/arm-none-eabi/7.3.1/../../../../arm-none-eabi/lib/thumb/v7e-m\libc_nano.a(lib_a-memchr.o)
                0x000200f0                memchr
 .text.__malloc_lock
                0x00020190        0x2 c:/program files (x86)/gnu tools arm embedded/7 2018-q2-update/bin/../lib/gcc/arm-none-eabi/7.3.1/../../../../arm-none-eabi/lib/thumb/v7e-m\libc_nano.a(lib_a-mlock.o)
                0x00020190                __malloc_lock
 .text.__malloc_unlock
                0x00020192        0x2 c:/program files (x86)/gnu tools arm embedded/7 2018-q2-update/bin/../lib/gcc/arm-none-eabi/7.3.1/../../../../arm-none-eabi/lib/thumb/v7e-m\libc_nano.a(lib_a-mlock.o)
                0x00020192                __malloc_unlock
 .text._free_r  0x00020194       0x9c c:/program files (x86)/gnu tools arm embedded/7 2018-q2-update/bin/../lib/gcc/arm-none-eabi/7.3.1/../../../../arm-none-eabi/lib/thumb/v7e-m\libc_nano.a(lib_a-nano-freer.o)
                0x00020194                _free_r
 .text._read_r  0x00020230       0x24 c:/program files (x86)/gnu tools arm embedded/7 2018-q2-update/bin/../lib/gcc/arm-none-eabi/7.3.1/../../../../arm-none-eabi/lib/thumb/v7e-m\libc_nano.a(lib_a-readr.o)
                0x00020230                _read_r
 .text._fstat_r
                0x00020254       0x24 c:/program files (x86)/gnu tools arm embedded/7 2018-q2-update/bin/../lib/gcc/arm-none-eabi/7.3.1/../../../../arm-none-eabi/lib/thumb/v7e-m\libc_nano.a(lib_a-fstatr.o)
                0x00020254                _fstat_r
 .text._isatty_r
                0x00020278       0x20 c:/program files (x86)/gnu tools arm embedded/7 2018-q2-update/bin/../lib/gcc/arm-none-eabi/7.3.1/../../../../arm-none-eabi/lib/thumb/v7e-m\libc_nano.a(lib_a-isattyr.o)
                0x00020278                _isatty_r
 .text._close   0x00020298       0x10 c:/program files (x86)/gnu tools arm embedded/7 2018-q2-update/bin/../lib/gcc/arm-none-eabi/7.3.1/../../../../arm-none-eabi/lib/thumb/v7e-m\libnosys.a(close.o)
                0x00020298                _close
 .text._fstat   0x000202a8       0x10 c:/program files (x86)/gnu tools arm embedded/7 2018-q2-update/bin/../lib/gcc/arm-none-eabi/7.3.1/../../../../arm-none-eabi/lib/thumb/v7e-m\libnosys.a(fstat.o)
                0x000202a8                _fstat
 .text._isatty  0x000202b8       0x10 c:/program files (x86)/gnu tools arm embedded/7 2018-q2-update/bin/../lib/gcc/arm-none-eabi/7.3.1/../../../../arm-none-eabi/lib/thumb/v7e-m\libnosys.a(isatty.o)
                0x000202b8                _isatty
 .text._lseek   0x000202c8       0x10 c:/program files (x86)/gnu tools arm embedded/7 2018-q2-update/bin/../lib/gcc/arm-none-eabi/7.3.1/../../../../arm-none-eabi/lib/thumb/v7e-m\libnosys.a(lseek.o)
                0x000202c8                _lseek
 .text._sbrk    0x000202d8       0x1c c:/program files (x86)/gnu tools arm embedded/7 2018-q2-update/bin/../lib/gcc/arm-none-eabi/7.3.1/../../../../arm-none-eabi/lib/thumb/v7e-m\libnosys.a(sbrk.o)
                0x000202d8                _sbrk
 .text._exit    0x000202f4        0x4 c:/program files (x86)/gnu tools arm embedded/7 2018-q2-update/bin/../lib/gcc/arm-none-eabi/7.3.1/../../../../arm-none-eabi/lib/thumb/v7e-m\libnosys.a(_exit.o)
                0x000202f4                _exit
 .text          0x000202f8       0x30 c:/program files (x86)/gnu tools arm embedded/7 2018-q2-update/bin/../lib/gcc/arm-none-eabi/7.3.1/thumb/v7e-m\libgcc.a(_aeabi_uldivmod.o)
                0x000202f8                __aeabi_uldivmod
 .text          0x00020328      0x2cc c:/program files (x86)/gnu tools arm embedded/7 2018-q2-update/bin/../lib/gcc/arm-none-eabi/7.3.1/thumb/v7e-m\libgcc.a(_udivmoddi4.o)
                0x00020328                __udivmoddi4
 .text          0x000205f4        0x4 c:/program files (x86)/gnu tools arm embedded/7 2018-q2-update/bin/../lib/gcc/arm-none-eabi/7.3.1/thumb/v7e-m\libgcc.a(_dvmd_tls.o)
                0x000205f4                __aeabi_idiv0
                0x000205f4                __aeabi_ldiv0
 *(.init)
 .init          0x000205f8        0x4 c:/program files (x86)/gnu tools arm embedded/7 2018-q2-update/bin/../lib/gcc/arm-none-eabi/7.3.1/thumb/v7e-m/crti.o
                0x000205f8                _init
 .init          0x000205fc        0x8 c:/program files (x86)/gnu tools arm embedded/7 2018-q2-update/bin/../lib/gcc/arm-none-eabi/7.3.1/thumb/v7e-m/crtn.o
 *(.fini)
 .fini          0x00020604        0x4 c:/program files (x86)/gnu tools arm embedded/7 2018-q2-update/bin/../lib/gcc/arm-none-eabi/7.3.1/thumb/v7e-m/crti.o
                0x00020604                _fini
 .fini          0x00020608        0x8 c:/program files (x86)/gnu tools arm embedded/7 2018-q2-update/bin/../lib/gcc/arm-none-eabi/7.3.1/thumb/v7e-m/crtn.o
 *crtbegin.o(.ctors)
 *crtbegin?.o(.ctors)
 *(EXCLUDE_FILE(*crtend.o *crtend?.o) .ctors)
 *(SORT_BY_NAME(.ctors.*))
 *(.ctors)
 *crtbegin.o(.dtors)
 *crtbegin?.o(.dtors)
 *(EXCLUDE_FILE(*crtend.o *crtend?.o) .dtors)
 *(SORT_BY_NAME(.dtors.*))
 *(.dtors)
 *(.rodata*)
 .rodata.delay_machine_code.7560
                0x00020610        0x6 _build/nrf52811_xxaa/nrf_log_backend_rtt.c.o
 *fill*         0x00020616        0x2 
 .rodata.nrf_log_backend_rtt_api
                0x00020618        0xc _build/nrf52811_xxaa/nrf_log_backend_rtt.c.o
                0x00020618                nrf_log_backend_rtt_api
 .rodata.str1.1
                0x00020624       0x10 _build/nrf52811_xxaa/nrf_log_default_backends.c.o
 .rodata.m_log_push_ringbuf
                0x00020634        0xc _build/nrf52811_xxaa/nrf_log_frontend.c.o
 .rodata.nrf_log_frontend_dequeue.str1.1
                0x00020640       0x11 _build/nrf52811_xxaa/nrf_log_frontend.c.o
 .rodata.str1.1
                0x00020651        0x4 _build/nrf52811_xxaa/nrf_log_frontend.c.o
 *fill*         0x00020655        0x3 
 .rodata.m_colors
                0x00020658       0x24 _build/nrf52811_xxaa/nrf_log_str_formatter.c.o
 .rodata.nrf_log_hexdump_entry_process.str1.1
                0x0002067c        0xf _build/nrf52811_xxaa/nrf_log_str_formatter.c.o
                                 0x11 (size before relaxing)
 .rodata.postfix_process.str1.1
                0x0002068b        0x8 _build/nrf52811_xxaa/nrf_log_str_formatter.c.o
                                  0xb (size before relaxing)
 .rodata.prefix_process.str1.1
                0x00020693       0x2a _build/nrf52811_xxaa/nrf_log_str_formatter.c.o
 *fill*         0x000206bd        0x3 
 .rodata.severity_names
                0x000206c0       0x14 _build/nrf52811_xxaa/nrf_log_str_formatter.c.o
 .rodata.str1.1
                0x000206d4       0x4b _build/nrf52811_xxaa/nrf_log_str_formatter.c.o
                                 0x51 (size before relaxing)
 *fill*         0x0002071f        0x1 
 .rodata.m_detection_delay_timer_id
                0x00020720        0x4 _build/nrf52811_xxaa/app_button.c.o
 .rodata.str1.1
                0x00020724        0xb _build/nrf52811_xxaa/app_button.c.o
 .rodata.app_error_fault_handler.str1.1
                0x0002072f       0x19 _build/nrf52811_xxaa/app_error_weak.c.o
 .rodata        0x00020748        0x4 _build/nrf52811_xxaa/app_timer2.c.o
 .rodata.m_app_timer_sortlist
                0x0002074c        0xc _build/nrf52811_xxaa/app_timer2.c.o
 .rodata.str1.1
                0x00020758        0xa _build/nrf52811_xxaa/app_timer2.c.o
 *fill*         0x00020762        0x2 
 .rodata        0x00020764       0x20 _build/nrf52811_xxaa/app_uart_fifo.c.o
 *fill*         0x00020784        0xc 
 .rodata.delay_machine_code.6884
                0x00020790        0x6 _build/nrf52811_xxaa/drv_rtc.c.o
 .rodata.drv_rtc_init.str1.1
                0x00020796       0x34 _build/nrf52811_xxaa/drv_rtc.c.o
 .rodata._aV2C.5981
                0x000207ca       0x10 _build/nrf52811_xxaa/nrf_fprintf_format.c.o
 *fill*         0x000207da        0x2 
 .rodata.pwr_mgmt_data
                0x000207dc        0xc _build/nrf52811_xxaa/nrf_pwr_mgmt.c.o
 .rodata.str1.1
                0x000207e8        0x9 _build/nrf52811_xxaa/nrf_pwr_mgmt.c.o
 .rodata.str1.1
                0x000207f1        0x9 _build/nrf52811_xxaa/nrf_sortlist.c.o
 .rodata.m_unknown_str
                0x000207fa       0x13 _build/nrf52811_xxaa/nrf_strerror.c.o
 *fill*         0x0002080d        0x3 
 .rodata.nrf_strerror_array
                0x00020810      0x128 _build/nrf52811_xxaa/nrf_strerror.c.o
 .rodata.str1.1
                0x00020938      0x3ba _build/nrf52811_xxaa/nrf_strerror.c.o
 .rodata.m_board_btn_list
                0x00020cf2        0x4 _build/nrf52811_xxaa/boards.c.o
 .rodata.m_board_led_list
                0x00020cf6        0x4 _build/nrf52811_xxaa/boards.c.o
 .rodata.str1.1
                0x00020cfa        0x6 _build/nrf52811_xxaa/nrf_drv_clock.c.o
 .rodata.str1.1
                0x00020d00        0x6 _build/nrf52811_xxaa/nrfx_clock.c.o
 .rodata.str1.1
                0x00020d06        0x7 _build/nrf52811_xxaa/nrfx_gpiote.c.o
 .rodata.str1.1
                0x00020d0d        0x4 _build/nrf52811_xxaa/nrfx_prs.c.o
 .rodata.str1.1
                0x00020d11        0x5 _build/nrf52811_xxaa/nrfx_uart.c.o
 .rodata.str1.1
                0x00020d16        0x6 _build/nrf52811_xxaa/nrfx_uarte.c.o
 .rodata.app_buttons
                0x00020d1c       0x20 _build/nrf52811_xxaa/bsp.c.o
 .rodata.m_bsp_alert_tmr
                0x00020d3c        0x4 _build/nrf52811_xxaa/bsp.c.o
 .rodata.m_bsp_button_tmr
                0x00020d40        0x4 _build/nrf52811_xxaa/bsp.c.o
 .rodata.m_bsp_leds_tmr
                0x00020d44        0x4 _build/nrf52811_xxaa/bsp.c.o
 .rodata        0x00020d48       0x10 _build/nrf52811_xxaa/SaeA_Service.c.o
 .rodata.str1.1
                0x00020d58        0x9 _build/nrf52811_xxaa/SaeA_Service.c.o
 *fill*         0x00020d61        0x3 
 .rodata        0x00020d64       0x18 _build/nrf52811_xxaa/main.c.o
 .rodata.ble_evt_handler.str1.1
                0x00020d7c       0x17 _build/nrf52811_xxaa/main.c.o
 .rodata.button_timeout_handler.str1.1
                0x00020d93       0x13 _build/nrf52811_xxaa/main.c.o
 *fill*         0x00020da6        0xa 
 .rodata.delay_machine_code.8695
                0x00020db0        0x6 _build/nrf52811_xxaa/main.c.o
 .rodata.gatt_evt_handler.str1.1
                0x00020db6       0x1c _build/nrf52811_xxaa/main.c.o
 *fill*         0x00020dd2        0x2 
 .rodata.m_battery_timer_id
                0x00020dd4        0x4 _build/nrf52811_xxaa/main.c.o
 .rodata.m_button_action
                0x00020dd8        0x4 _build/nrf52811_xxaa/main.c.o
 .rodata.main.str1.1
                0x00020ddc       0x74 _build/nrf52811_xxaa/main.c.o
 .rodata.nus_data_handler.str1.1
                0x00020e50       0x2b _build/nrf52811_xxaa/main.c.o
 .rodata._DoInit.str1.1
                0x00020e7b       0x14 _build/nrf52811_xxaa/SEGGER_RTT.c.o
 .rodata.nrf_ble_gatt_on_ble_evt.str1.1
                0x00020e8f       0x60 _build/nrf52811_xxaa/nrf_ble_gatt.c.o
 .rodata.str1.1
                0x00020eef        0xd _build/nrf52811_xxaa/nrf_ble_gatt.c.o
 .rodata.str1.1
                0x00020efc        0x8 _build/nrf52811_xxaa/ble_bas.c.o
 .rodata.str1.1
                0x00020f04        0x8 _build/nrf52811_xxaa/ble_nus.c.o
 .rodata        0x00020f0c        0x4 _build/nrf52811_xxaa/nrf_sdh.c.o
 .rodata.sdh_req_observers
                0x00020f10        0xc _build/nrf52811_xxaa/nrf_sdh.c.o
 .rodata.sdh_stack_observers
                0x00020f1c        0xc _build/nrf52811_xxaa/nrf_sdh.c.o
 .rodata.sdh_state_observers
                0x00020f28        0xc _build/nrf52811_xxaa/nrf_sdh.c.o
 .rodata.str1.1
                0x00020f34        0x8 _build/nrf52811_xxaa/nrf_sdh.c.o
 .rodata.nrf_sdh_ble_default_cfg_set.str1.1
                0x00020f3c      0x1c9 _build/nrf52811_xxaa/nrf_sdh_ble.c.o
 .rodata.nrf_sdh_ble_enable.str1.1
                0x00021105       0xa7 _build/nrf52811_xxaa/nrf_sdh_ble.c.o
 .rodata.sdh_ble_observers
                0x000211ac        0xc _build/nrf52811_xxaa/nrf_sdh_ble.c.o
 .rodata.str1.1
                0x000211b8        0xc _build/nrf52811_xxaa/nrf_sdh_ble.c.o
 .rodata.sdh_soc_observers
                0x000211c4        0xc _build/nrf52811_xxaa/nrf_sdh_soc.c.o
 .rodata.str1.1
                0x000211d0        0xc _build/nrf52811_xxaa/nrf_sdh_soc.c.o
 .rodata._global_impure_ptr
                0x000211dc        0x4 c:/program files (x86)/gnu tools arm embedded/7 2018-q2-update/bin/../lib/gcc/arm-none-eabi/7.3.1/../../../../arm-none-eabi/lib/thumb/v7e-m\libc_nano.a(lib_a-impure.o)
                0x000211dc                _global_impure_ptr
 .rodata._setlocale_r.str1.1
                0x000211e0        0x8 c:/program files (x86)/gnu tools arm embedded/7 2018-q2-update/bin/../lib/gcc/arm-none-eabi/7.3.1/../../../../arm-none-eabi/lib/thumb/v7e-m\libc_nano.a(lib_a-locale.o)
                                  0x9 (size before relaxing)
 .rodata.str1.1
                0x000211e8        0x8 c:/program files (x86)/gnu tools arm embedded/7 2018-q2-update/bin/../lib/gcc/arm-none-eabi/7.3.1/../../../../arm-none-eabi/lib/thumb/v7e-m\libc_nano.a(lib_a-locale.o)
                                  0x2 (size before relaxing)
 .rodata._ctype_
                0x000211e8      0x101 c:/program files (x86)/gnu tools arm embedded/7 2018-q2-update/bin/../lib/gcc/arm-none-eabi/7.3.1/../../../../arm-none-eabi/lib/thumb/v7e-m\libc_nano.a(lib_a-ctype_.o)
                0x000211e8                _ctype_
 *fill*         0x000212e9        0x3 
 .rodata.__sf_fake_stderr
                0x000212ec       0x20 c:/program files (x86)/gnu tools arm embedded/7 2018-q2-update/bin/../lib/gcc/arm-none-eabi/7.3.1/../../../../arm-none-eabi/lib/thumb/v7e-m\libc_nano.a(lib_a-findfp.o)
                0x000212ec                __sf_fake_stderr
 .rodata.__sf_fake_stdin
                0x0002130c       0x20 c:/program files (x86)/gnu tools arm embedded/7 2018-q2-update/bin/../lib/gcc/arm-none-eabi/7.3.1/../../../../arm-none-eabi/lib/thumb/v7e-m\libc_nano.a(lib_a-findfp.o)
                0x0002130c                __sf_fake_stdin
 .rodata.__sf_fake_stdout
                0x0002132c       0x20 c:/program files (x86)/gnu tools arm embedded/7 2018-q2-update/bin/../lib/gcc/arm-none-eabi/7.3.1/../../../../arm-none-eabi/lib/thumb/v7e-m\libc_nano.a(lib_a-findfp.o)
                0x0002132c                __sf_fake_stdout
 .rodata._vfprintf_r.str1.1
                0x0002134c       0x11 c:/program files (x86)/gnu tools arm embedded/7 2018-q2-update/bin/../lib/gcc/arm-none-eabi/7.3.1/../../../../arm-none-eabi/lib/thumb/v7e-m\libc_nano.a(lib_a-nano-vfprintf.o)
 .rodata._printf_i.str1.1
                0x0002135d       0x22 c:/program files (x86)/gnu tools arm embedded/7 2018-q2-update/bin/../lib/gcc/arm-none-eabi/7.3.1/../../../../arm-none-eabi/lib/thumb/v7e-m\libc_nano.a(lib_a-nano-vfprintf_i.o)
 *(.eh_frame*)
 *fill*         0x0002137f        0x1 
 .eh_frame      0x00021380        0x0 c:/program files (x86)/gnu tools arm embedded/7 2018-q2-update/bin/../lib/gcc/arm-none-eabi/7.3.1/thumb/v7e-m/crtbegin.o
 .eh_frame      0x00021380        0x4 c:/program files (x86)/gnu tools arm embedded/7 2018-q2-update/bin/../lib/gcc/arm-none-eabi/7.3.1/thumb/v7e-m/crtend.o

.glue_7         0x00021384        0x0
 .glue_7        0x00021384        0x0 linker stubs

.glue_7t        0x00021384        0x0
 .glue_7t       0x00021384        0x0 linker stubs

.vfp11_veneer   0x00021384        0x0
 .vfp11_veneer  0x00021384        0x0 linker stubs

.v4_bx          0x00021384        0x0
 .v4_bx         0x00021384        0x0 linker stubs

.iplt           0x00021384        0x0
 .iplt          0x00021384        0x0 c:/program files (x86)/gnu tools arm embedded/7 2018-q2-update/bin/../lib/gcc/arm-none-eabi/7.3.1/thumb/v7e-m/crtbegin.o

.mem_section_dummy_rom

.sdh_soc_observers
                0x00021384        0x8
                0x00021384                PROVIDE (__start_sdh_soc_observers = .)
 *(SORT_BY_NAME(.sdh_soc_observers*))
 .sdh_soc_observers0
                0x00021384        0x8 _build/nrf52811_xxaa/nrf_drv_clock.c.o
                0x0002138c                PROVIDE (__stop_sdh_soc_observers = .)

.sdh_ble_observers
                0x0002138c       0x48
                0x0002138c                PROVIDE (__start_sdh_ble_observers = .)
 *(SORT_BY_NAME(.sdh_ble_observers*))
 .sdh_ble_observers0
                0x0002138c        0x8 _build/nrf52811_xxaa/ble_conn_state.c.o
 .sdh_ble_observers1
                0x00021394        0x8 _build/nrf52811_xxaa/bsp_btn_ble.c.o
 .sdh_ble_observers1
                0x0002139c       0x10 _build/nrf52811_xxaa/main.c.o
 .sdh_ble_observers1
                0x000213ac        0x8 _build/nrf52811_xxaa/ble_conn_params.c.o
 .sdh_ble_observers2
                0x000213b4       0x18 _build/nrf52811_xxaa/main.c.o
 .sdh_ble_observers3
                0x000213cc        0x8 _build/nrf52811_xxaa/main.c.o
                0x000213d4                PROVIDE (__stop_sdh_ble_observers = .)

.pwr_mgmt_data  0x000213d4        0x0
                0x000213d4                PROVIDE (__start_pwr_mgmt_data = .)
 *(SORT_BY_NAME(.pwr_mgmt_data*))
                0x000213d4                PROVIDE (__stop_pwr_mgmt_data = .)

.sdh_state_observers
                0x000213d4        0x8
                0x000213d4                PROVIDE (__start_sdh_state_observers = .)
 *(SORT_BY_NAME(.sdh_state_observers*))
 .sdh_state_observers0
                0x000213d4        0x8 _build/nrf52811_xxaa/nrf_drv_clock.c.o
                0x000213dc                PROVIDE (__stop_sdh_state_observers = .)

.sdh_stack_observers
                0x000213dc       0x10
                0x000213dc                PROVIDE (__start_sdh_stack_observers = .)
 *(SORT_BY_NAME(.sdh_stack_observers*))
 .sdh_stack_observers0
                0x000213dc        0x8 _build/nrf52811_xxaa/nrf_sdh_ble.c.o
 .sdh_stack_observers0
                0x000213e4        0x8 _build/nrf52811_xxaa/nrf_sdh_soc.c.o
                0x000213ec                PROVIDE (__stop_sdh_stack_observers = .)

.sdh_req_observers
                0x000213ec        0x0
                0x000213ec                PROVIDE (__start_sdh_req_observers = .)
 *(SORT_BY_NAME(.sdh_req_observers*))
                0x000213ec                PROVIDE (__stop_sdh_req_observers = .)

.nrf_queue      0x000213ec        0x0
                [!provide]                PROVIDE (__start_nrf_queue = .)
 *(.nrf_queue)
                [!provide]                PROVIDE (__stop_nrf_queue = .)

.nrf_balloc     0x000213ec       0x14
                [!provide]                PROVIDE (__start_nrf_balloc = .)
 *(.nrf_balloc)
 .nrf_balloc    0x000213ec       0x14 _build/nrf52811_xxaa/nrf_log_frontend.c.o
                0x000213ec                log_mempool
                [!provide]                PROVIDE (__stop_nrf_balloc = .)

.cli_command    0x00021400        0x0
                [!provide]                PROVIDE (__start_cli_command = .)
 *(.cli_command)
                [!provide]                PROVIDE (__stop_cli_command = .)

.crypto_data    0x00021400        0x0
                [!provide]                PROVIDE (__start_crypto_data = .)
 *(SORT_BY_NAME(.crypto_data*))
                [!provide]                PROVIDE (__stop_crypto_data = .)

.log_const_data
                0x00021400       0x90
                0x00021400                PROVIDE (__start_log_const_data = .)
 *(SORT_BY_NAME(.log_const_data*))
 .log_const_data_CLOCK
                0x00021400        0x8 _build/nrf52811_xxaa/nrfx_clock.c.o
                0x00021400                m_nrf_log_CLOCK_logs_data_const
 .log_const_data_GPIOTE
                0x00021408        0x8 _build/nrf52811_xxaa/nrfx_gpiote.c.o
                0x00021408                m_nrf_log_GPIOTE_logs_data_const
 .log_const_data_PRS
                0x00021410        0x8 _build/nrf52811_xxaa/nrfx_prs.c.o
                0x00021410                m_nrf_log_PRS_logs_data_const
 .log_const_data_UART
                0x00021418        0x8 _build/nrf52811_xxaa/nrfx_uart.c.o
                0x00021418                m_nrf_log_UART_logs_data_const
 .log_const_data_UARTE
                0x00021420        0x8 _build/nrf52811_xxaa/nrfx_uarte.c.o
                0x00021420                m_nrf_log_UARTE_logs_data_const
 .log_const_data_app
                0x00021428        0x8 _build/nrf52811_xxaa/nrf_log_frontend.c.o
                0x00021428                m_nrf_log_app_logs_data_const
 .log_const_data_app_button
                0x00021430        0x8 _build/nrf52811_xxaa/app_button.c.o
                0x00021430                m_nrf_log_app_button_logs_data_const
 .log_const_data_app_timer
                0x00021438        0x8 _build/nrf52811_xxaa/app_timer2.c.o
                0x00021438                m_nrf_log_app_timer_logs_data_const
 .log_const_data_ble_bas
                0x00021440        0x8 _build/nrf52811_xxaa/ble_bas.c.o
                0x00021440                m_nrf_log_ble_bas_logs_data_const
 .log_const_data_ble_nus
                0x00021448        0x8 _build/nrf52811_xxaa/ble_nus.c.o
                0x00021448                m_nrf_log_ble_nus_logs_data_const
 .log_const_data_ble_saea
                0x00021450        0x8 _build/nrf52811_xxaa/SaeA_Service.c.o
                0x00021450                m_nrf_log_ble_saea_logs_data_const
 .log_const_data_clock
                0x00021458        0x8 _build/nrf52811_xxaa/nrf_drv_clock.c.o
                0x00021458                m_nrf_log_clock_logs_data_const
 .log_const_data_nrf_ble_gatt
                0x00021460        0x8 _build/nrf52811_xxaa/nrf_ble_gatt.c.o
                0x00021460                m_nrf_log_nrf_ble_gatt_logs_data_const
 .log_const_data_nrf_sdh
                0x00021468        0x8 _build/nrf52811_xxaa/nrf_sdh.c.o
                0x00021468                m_nrf_log_nrf_sdh_logs_data_const
 .log_const_data_nrf_sdh_ble
                0x00021470        0x8 _build/nrf52811_xxaa/nrf_sdh_ble.c.o
                0x00021470                m_nrf_log_nrf_sdh_ble_logs_data_const
 .log_const_data_nrf_sdh_soc
                0x00021478        0x8 _build/nrf52811_xxaa/nrf_sdh_soc.c.o
                0x00021478                m_nrf_log_nrf_sdh_soc_logs_data_const
 .log_const_data_pwr_mgmt
                0x00021480        0x8 _build/nrf52811_xxaa/nrf_pwr_mgmt.c.o
                0x00021480                m_nrf_log_pwr_mgmt_logs_data_const
 .log_const_data_sortlist
                0x00021488        0x8 _build/nrf52811_xxaa/nrf_sortlist.c.o
                0x00021488                m_nrf_log_sortlist_logs_data_const
                0x00021490                PROVIDE (__stop_log_const_data = .)

.log_backends   0x00021490       0x10
                [!provide]                PROVIDE (__start_log_backends = .)
 *(SORT_BY_NAME(.log_backends*))
 .log_backends  0x00021490       0x10 _build/nrf52811_xxaa/nrf_log_default_backends.c.o
                [!provide]                PROVIDE (__stop_log_backends = .)

.ARM.extab
 *(.ARM.extab* .gnu.linkonce.armextab.*)
                0x000214a0                __exidx_start = .

.ARM.exidx      0x000214a0        0x8
 *(.ARM.exidx* .gnu.linkonce.armexidx.*)
 .ARM.exidx     0x000214a0        0x8 c:/program files (x86)/gnu tools arm embedded/7 2018-q2-update/bin/../lib/gcc/arm-none-eabi/7.3.1/../../../../arm-none-eabi/lib/thumb/v7e-m/crt0.o
 .ARM.exidx     0x000214a8        0x0 c:/program files (x86)/gnu tools arm embedded/7 2018-q2-update/bin/../lib/gcc/arm-none-eabi/7.3.1/thumb/v7e-m\libgcc.a(_udivmoddi4.o)
                                  0x8 (size before relaxing)
                0x000214a8                __exidx_end = .
                0x000214a8                __etext = .

.rel.dyn        0x000214a8        0x0
 .rel.iplt      0x000214a8        0x0 c:/program files (x86)/gnu tools arm embedded/7 2018-q2-update/bin/../lib/gcc/arm-none-eabi/7.3.1/thumb/v7e-m/crtbegin.o

.data           0x200022c8      0x26c load address 0x000214a8
                0x200022c8                __data_start__ = .
 *(vtable)
 *(.data*)
 .data.log_backend_cb_rtt_log_backend
                0x200022c8        0x8 _build/nrf52811_xxaa/nrf_log_default_backends.c.o
 .data.m_rtc_inst
                0x200022d0        0x8 _build/nrf52811_xxaa/app_timer2.c.o
 .data.app_uart_inst
                0x200022d8       0x14 _build/nrf52811_xxaa/app_uart_fifo.c.o
 .data.SystemCoreClock
                0x200022ec        0x4 _build/nrf52811_xxaa/system_nrf52811.c.o
                0x200022ec                SystemCoreClock
 .data.cnt.10468
                0x200022f0        0x1 _build/nrf52811_xxaa/main.c.o
 *fill*         0x200022f1        0x1 
 .data.m_adv_uuids
                0x200022f2        0xc _build/nrf52811_xxaa/main.c.o
 .data.m_beacon_info
                0x200022fe        0x6 _build/nrf52811_xxaa/main.c.o
 .data.m_conn_handle
                0x20002304        0x2 _build/nrf52811_xxaa/main.c.o
 *fill*         0x20002306        0x2 
 .data.m_saea   0x20002308       0x4c _build/nrf52811_xxaa/main.c.o
 .data.m_saea_link_ctx_storage
                0x20002354        0x8 _build/nrf52811_xxaa/main.c.o
 .data._impure_ptr
                0x2000235c        0x4 c:/program files (x86)/gnu tools arm embedded/7 2018-q2-update/bin/../lib/gcc/arm-none-eabi/7.3.1/../../../../arm-none-eabi/lib/thumb/v7e-m\libc_nano.a(lib_a-impure.o)
                0x2000235c                _impure_ptr
 .data.impure_data
                0x20002360       0x60 c:/program files (x86)/gnu tools arm embedded/7 2018-q2-update/bin/../lib/gcc/arm-none-eabi/7.3.1/../../../../arm-none-eabi/lib/thumb/v7e-m\libc_nano.a(lib_a-impure.o)
 .data.__global_locale
                0x200023c0      0x16c c:/program files (x86)/gnu tools arm embedded/7 2018-q2-update/bin/../lib/gcc/arm-none-eabi/7.3.1/../../../../arm-none-eabi/lib/thumb/v7e-m\libc_nano.a(lib_a-locale.o)
                0x200023c0                __global_locale
                0x2000252c                . = ALIGN (0x4)
                0x2000252c                PROVIDE (__preinit_array_start = .)
 *(.preinit_array)
                0x2000252c                PROVIDE (__preinit_array_end = .)
                0x2000252c                . = ALIGN (0x4)
                0x2000252c                PROVIDE (__init_array_start = .)
 *(SORT_BY_NAME(.init_array.*))
 *(.init_array)
 .init_array    0x2000252c        0x4 c:/program files (x86)/gnu tools arm embedded/7 2018-q2-update/bin/../lib/gcc/arm-none-eabi/7.3.1/thumb/v7e-m/crtbegin.o
                0x20002530                PROVIDE (__init_array_end = .)
                0x20002530                . = ALIGN (0x4)
                [!provide]                PROVIDE (__fini_array_start = .)
 *(SORT_BY_NAME(.fini_array.*))
 *(.fini_array)
 .fini_array    0x20002530        0x4 c:/program files (x86)/gnu tools arm embedded/7 2018-q2-update/bin/../lib/gcc/arm-none-eabi/7.3.1/thumb/v7e-m/crtbegin.o
                [!provide]                PROVIDE (__fini_array_end = .)
 *(.jcr*)
                0x20002534                . = ALIGN (0x4)
                0x20002534                __data_end__ = .
LOAD c:/program files (x86)/gnu tools arm embedded/7 2018-q2-update/bin/../lib/gcc/arm-none-eabi/7.3.1/thumb/v7e-m/crti.o
LOAD c:/program files (x86)/gnu tools arm embedded/7 2018-q2-update/bin/../lib/gcc/arm-none-eabi/7.3.1/thumb/v7e-m/crtbegin.o
LOAD c:/program files (x86)/gnu tools arm embedded/7 2018-q2-update/bin/../lib/gcc/arm-none-eabi/7.3.1/../../../../arm-none-eabi/lib/thumb/v7e-m/crt0.o
LOAD _build/nrf52811_xxaa/gcc_startup_nrf52811.S.o
LOAD _build/nrf52811_xxaa/nrf_log_backend_rtt.c.o
LOAD _build/nrf52811_xxaa/nrf_log_backend_serial.c.o
LOAD _build/nrf52811_xxaa/nrf_log_default_backends.c.o
LOAD _build/nrf52811_xxaa/nrf_log_frontend.c.o
LOAD _build/nrf52811_xxaa/nrf_log_str_formatter.c.o
LOAD _build/nrf52811_xxaa/app_button.c.o
LOAD _build/nrf52811_xxaa/app_error.c.o
LOAD _build/nrf52811_xxaa/app_error_handler_gcc.c.o
LOAD _build/nrf52811_xxaa/app_error_weak.c.o
LOAD _build/nrf52811_xxaa/app_fifo.c.o
LOAD _build/nrf52811_xxaa/app_scheduler.c.o
LOAD _build/nrf52811_xxaa/app_timer2.c.o
LOAD _build/nrf52811_xxaa/app_uart_fifo.c.o
LOAD _build/nrf52811_xxaa/app_util_platform.c.o
LOAD _build/nrf52811_xxaa/drv_rtc.c.o
LOAD _build/nrf52811_xxaa/hardfault_implementation.c.o
LOAD _build/nrf52811_xxaa/nrf_assert.c.o
LOAD _build/nrf52811_xxaa/nrf_atfifo.c.o
LOAD _build/nrf52811_xxaa/nrf_atflags.c.o
LOAD _build/nrf52811_xxaa/nrf_atomic.c.o
LOAD _build/nrf52811_xxaa/nrf_balloc.c.o
LOAD _build/nrf52811_xxaa/nrf_fprintf.c.o
LOAD _build/nrf52811_xxaa/nrf_fprintf_format.c.o
LOAD _build/nrf52811_xxaa/nrf_memobj.c.o
LOAD _build/nrf52811_xxaa/nrf_pwr_mgmt.c.o
LOAD _build/nrf52811_xxaa/nrf_ringbuf.c.o
LOAD _build/nrf52811_xxaa/nrf_section_iter.c.o
LOAD _build/nrf52811_xxaa/nrf_sortlist.c.o
LOAD _build/nrf52811_xxaa/nrf_strerror.c.o
LOAD _build/nrf52811_xxaa/retarget.c.o
LOAD _build/nrf52811_xxaa/system_nrf52811.c.o
LOAD _build/nrf52811_xxaa/sensorsim.c.o
LOAD _build/nrf52811_xxaa/boards.c.o
LOAD _build/nrf52811_xxaa/nrf_drv_clock.c.o
LOAD _build/nrf52811_xxaa/nrf_drv_uart.c.o
LOAD _build/nrf52811_xxaa/nrfx_atomic.c.o
LOAD _build/nrf52811_xxaa/nrfx_clock.c.o
LOAD _build/nrf52811_xxaa/nrfx_gpiote.c.o
LOAD _build/nrf52811_xxaa/nrfx_prs.c.o
LOAD _build/nrf52811_xxaa/nrfx_uart.c.o
LOAD _build/nrf52811_xxaa/nrfx_uarte.c.o
LOAD _build/nrf52811_xxaa/bsp.c.o
LOAD _build/nrf52811_xxaa/bsp_btn_ble.c.o
LOAD _build/nrf52811_xxaa/SaeA_Service.c.o
LOAD _build/nrf52811_xxaa/main.c.o
LOAD _build/nrf52811_xxaa/SEGGER_RTT.c.o
LOAD _build/nrf52811_xxaa/SEGGER_RTT_Syscalls_GCC.c.o
LOAD _build/nrf52811_xxaa/SEGGER_RTT_printf.c.o
LOAD _build/nrf52811_xxaa/ble_advdata.c.o
LOAD _build/nrf52811_xxaa/ble_advertising.c.o
LOAD _build/nrf52811_xxaa/ble_conn_params.c.o
LOAD _build/nrf52811_xxaa/ble_conn_state.c.o
LOAD _build/nrf52811_xxaa/ble_link_ctx_manager.c.o
LOAD _build/nrf52811_xxaa/ble_srv_common.c.o
LOAD _build/nrf52811_xxaa/nrf_ble_gatt.c.o
LOAD _build/nrf52811_xxaa/nrf_ble_qwr.c.o
LOAD _build/nrf52811_xxaa/ble_bas.c.o
LOAD _build/nrf52811_xxaa/ble_dis.c.o
LOAD _build/nrf52811_xxaa/utf.c.o
LOAD _build/nrf52811_xxaa/ble_nus.c.o
LOAD _build/nrf52811_xxaa/nrf_sdh.c.o
LOAD _build/nrf52811_xxaa/nrf_sdh_ble.c.o
LOAD _build/nrf52811_xxaa/nrf_sdh_soc.c.o
LOAD c:/program files (x86)/gnu tools arm embedded/7 2018-q2-update/bin/../lib/gcc/arm-none-eabi/7.3.1/../../../../arm-none-eabi/lib/thumb/v7e-m\libc_nano.a
LOAD c:/program files (x86)/gnu tools arm embedded/7 2018-q2-update/bin/../lib/gcc/arm-none-eabi/7.3.1/../../../../arm-none-eabi/lib/thumb/v7e-m\libnosys.a
LOAD c:/program files (x86)/gnu tools arm embedded/7 2018-q2-update/bin/../lib/gcc/arm-none-eabi/7.3.1/../../../../arm-none-eabi/lib/thumb/v7e-m\libm.a
START GROUP
LOAD c:/program files (x86)/gnu tools arm embedded/7 2018-q2-update/bin/../lib/gcc/arm-none-eabi/7.3.1/thumb/v7e-m\libgcc.a
LOAD c:/program files (x86)/gnu tools arm embedded/7 2018-q2-update/bin/../lib/gcc/arm-none-eabi/7.3.1/../../../../arm-none-eabi/lib/thumb/v7e-m\libg_nano.a
LOAD c:/program files (x86)/gnu tools arm embedded/7 2018-q2-update/bin/../lib/gcc/arm-none-eabi/7.3.1/../../../../arm-none-eabi/lib/thumb/v7e-m\libc_nano.a
END GROUP
START GROUP
LOAD c:/program files (x86)/gnu tools arm embedded/7 2018-q2-update/bin/../lib/gcc/arm-none-eabi/7.3.1/thumb/v7e-m\libgcc.a
LOAD c:/program files (x86)/gnu tools arm embedded/7 2018-q2-update/bin/../lib/gcc/arm-none-eabi/7.3.1/../../../../arm-none-eabi/lib/thumb/v7e-m\libc_nano.a
END GROUP
LOAD c:/program files (x86)/gnu tools arm embedded/7 2018-q2-update/bin/../lib/gcc/arm-none-eabi/7.3.1/thumb/v7e-m/crtend.o
LOAD c:/program files (x86)/gnu tools arm embedded/7 2018-q2-update/bin/../lib/gcc/arm-none-eabi/7.3.1/thumb/v7e-m/crtn.o
START GROUP
LOAD c:/program files (x86)/gnu tools arm embedded/7 2018-q2-update/bin/../lib/gcc/arm-none-eabi/7.3.1/thumb/v7e-m\libgcc.a
LOAD c:/program files (x86)/gnu tools arm embedded/7 2018-q2-update/bin/../lib/gcc/arm-none-eabi/7.3.1/../../../../arm-none-eabi/lib/thumb/v7e-m\libc.a
LOAD c:/program files (x86)/gnu tools arm embedded/7 2018-q2-update/bin/../lib/gcc/arm-none-eabi/7.3.1/../../../../arm-none-eabi/lib/thumb/v7e-m\libnosys.a
END GROUP

.igot.plt       0x20002534        0x0 load address 0x00021714
 .igot.plt      0x20002534        0x0 c:/program files (x86)/gnu tools arm embedded/7 2018-q2-update/bin/../lib/gcc/arm-none-eabi/7.3.1/thumb/v7e-m/crtbegin.o
                0x20002534                . = ALIGN (0x4)

.mem_section_dummy_ram

.cli_sorted_cmd_ptrs
                0x20002534        0x0
                [!provide]                PROVIDE (__start_cli_sorted_cmd_ptrs = .)
 *(.cli_sorted_cmd_ptrs)
                [!provide]                PROVIDE (__stop_cli_sorted_cmd_ptrs = .)

.fs_data        0x20002534        0x0
                [!provide]                PROVIDE (__start_fs_data = .)
 *(.fs_data)
                [!provide]                PROVIDE (__stop_fs_data = .)

.log_dynamic_data
                0x20002534        0x0
                0x20002534                PROVIDE (__start_log_dynamic_data = .)
 *(SORT_BY_NAME(.log_dynamic_data*))
                [!provide]                PROVIDE (__stop_log_dynamic_data = .)

.log_filter_data
                0x20002534        0x0
                [!provide]                PROVIDE (__start_log_filter_data = .)
 *(SORT_BY_NAME(.log_filter_data*))
                [!provide]                PROVIDE (__stop_log_filter_data = .)

.bss            0x20002538      0xfc4 load address 0x00021718
                0x20002538                . = ALIGN (0x4)
                0x20002538                __bss_start__ = .
 *(.bss*)
 .bss           0x20002538       0x1c c:/program files (x86)/gnu tools arm embedded/7 2018-q2-update/bin/../lib/gcc/arm-none-eabi/7.3.1/thumb/v7e-m/crtbegin.o
 .bss.m_host_present
                0x20002554        0x1 _build/nrf52811_xxaa/nrf_log_backend_rtt.c.o
 .bss.m_string_buff
                0x20002555       0x40 _build/nrf52811_xxaa/nrf_log_backend_rtt.c.o
 *fill*         0x20002595        0x3 
 .bss.log_mempool_nrf_balloc_cb
                0x20002598        0x8 _build/nrf52811_xxaa/nrf_log_frontend.c.o
 .bss.log_mempool_nrf_balloc_pool_mem
                0x200025a0       0xc0 _build/nrf52811_xxaa/nrf_log_frontend.c.o
 .bss.log_mempool_nrf_balloc_pool_stack
                0x20002660        0x8 _build/nrf52811_xxaa/nrf_log_frontend.c.o
 .bss.m_log_data
                0x20002668      0x424 _build/nrf52811_xxaa/nrf_log_frontend.c.o
 .bss.m_log_push_ringbuf_buf
                0x20002a8c       0x80 _build/nrf52811_xxaa/nrf_log_frontend.c.o
 .bss.m_log_push_ringbuf_cb
                0x20002b0c       0x18 _build/nrf52811_xxaa/nrf_log_frontend.c.o
 .bss.m_button_count
                0x20002b24        0x1 _build/nrf52811_xxaa/app_button.c.o
 *fill*         0x20002b25        0x3 
 .bss.m_detection_delay
                0x20002b28        0x4 _build/nrf52811_xxaa/app_button.c.o
 *fill*         0x20002b2c        0x4 
 .bss.m_detection_delay_timer_id_data
                0x20002b30       0x20 _build/nrf52811_xxaa/app_button.c.o
 .bss.m_pin_active
                0x20002b50        0x8 _build/nrf52811_xxaa/app_button.c.o
 .bss.m_pin_states
                0x20002b58       0x10 _build/nrf52811_xxaa/app_button.c.o
 .bss.mp_buttons
                0x20002b68        0x4 _build/nrf52811_xxaa/app_button.c.o
 .bss.m_app_timer_sortlist_sortlist_cb
                0x20002b6c        0x4 _build/nrf52811_xxaa/app_timer2.c.o
 .bss.m_base_counter
                0x20002b70        0x8 _build/nrf52811_xxaa/app_timer2.c.o
 .bss.m_global_active
                0x20002b78        0x1 _build/nrf52811_xxaa/app_timer2.c.o
 *fill*         0x20002b79        0x3 
 .bss.m_req_fifo_data
                0x20002b7c       0x58 _build/nrf52811_xxaa/app_timer2.c.o
 .bss.m_req_fifo_inst
                0x20002bd4       0x10 _build/nrf52811_xxaa/app_timer2.c.o
 *fill*         0x20002be4        0x4 
 .bss.m_stamp64
                0x20002be8        0x8 _build/nrf52811_xxaa/app_timer2.c.o
 .bss.mp_active_timer
                0x20002bf0        0x4 _build/nrf52811_xxaa/app_timer2.c.o
 .bss.m_event_handler
                0x20002bf4        0x4 _build/nrf52811_xxaa/app_uart_fifo.c.o
 .bss.m_rx_fifo
                0x20002bf8       0x10 _build/nrf52811_xxaa/app_uart_fifo.c.o
 .bss.m_rx_ovf  0x20002c08        0x1 _build/nrf52811_xxaa/app_uart_fifo.c.o
 *fill*         0x20002c09        0x3 
 .bss.m_tx_fifo
                0x20002c0c       0x10 _build/nrf52811_xxaa/app_uart_fifo.c.o
 .bss.rx_buffer
                0x20002c1c        0x1 _build/nrf52811_xxaa/app_uart_fifo.c.o
 .bss.tx_buffer
                0x20002c1d        0x1 _build/nrf52811_xxaa/app_uart_fifo.c.o
 *fill*         0x20002c1e        0x2 
 .bss.m_cb      0x20002c20        0x8 _build/nrf52811_xxaa/drv_rtc.c.o
 .bss.m_handlers
                0x20002c28        0x4 _build/nrf52811_xxaa/drv_rtc.c.o
 .bss.m_handlers_iter
                0x20002c2c        0x8 _build/nrf52811_xxaa/nrf_pwr_mgmt.c.o
 .bss.m_pwr_mgmt_evt
                0x20002c34        0x1 _build/nrf52811_xxaa/nrf_pwr_mgmt.c.o
 .bss.m_shutdown_started
                0x20002c35        0x1 _build/nrf52811_xxaa/nrf_pwr_mgmt.c.o
 *fill*         0x20002c36        0x2 
 .bss.m_sysoff_mtx
                0x20002c38        0x4 _build/nrf52811_xxaa/nrf_pwr_mgmt.c.o
 .bss.m_clock_cb
                0x20002c3c       0x14 _build/nrf52811_xxaa/nrf_drv_clock.c.o
 .bss.m_contexts
                0x20002c50        0x4 _build/nrf52811_xxaa/nrf_drv_uart.c.o
 .bss.m_handlers
                0x20002c54        0x4 _build/nrf52811_xxaa/nrf_drv_uart.c.o
 .bss.m_clock_cb
                0x20002c58        0x8 _build/nrf52811_xxaa/nrfx_clock.c.o
 .bss.m_cb      0x20002c60       0x5c _build/nrf52811_xxaa/nrfx_gpiote.c.o
 .bss.m_prs_box_2
                0x20002cbc        0x8 _build/nrf52811_xxaa/nrfx_prs.c.o
 .bss.m_cb      0x20002cc4       0x2c _build/nrf52811_xxaa/nrfx_uart.c.o
 .bss.m_cb      0x20002cf0       0x24 _build/nrf52811_xxaa/nrfx_uarte.c.o
 .bss.current_long_push_pin_no.7477
                0x20002d14        0x1 _build/nrf52811_xxaa/bsp.c.o
 .bss.m_alert_on
                0x20002d15        0x1 _build/nrf52811_xxaa/bsp.c.o
 *fill*         0x20002d16        0x2 
 .bss.m_bsp_alert_tmr_data
                0x20002d18       0x20 _build/nrf52811_xxaa/bsp.c.o
 .bss.m_bsp_button_tmr_data
                0x20002d38       0x20 _build/nrf52811_xxaa/bsp.c.o
 .bss.m_bsp_leds_tmr_data
                0x20002d58       0x20 _build/nrf52811_xxaa/bsp.c.o
 .bss.m_events_list
                0x20002d78        0xc _build/nrf52811_xxaa/bsp.c.o
 .bss.m_indication_type
                0x20002d84        0x4 _build/nrf52811_xxaa/bsp.c.o
 .bss.m_leds_clear
                0x20002d88        0x1 _build/nrf52811_xxaa/bsp.c.o
 *fill*         0x20002d89        0x3 
 .bss.m_registered_callback
                0x20002d8c        0x4 _build/nrf52811_xxaa/bsp.c.o
 .bss.m_stable_state
                0x20002d90        0x1 _build/nrf52811_xxaa/bsp.c.o