Archive member included to satisfy reference by file (symbol)

c:/program files (x86)/gnu tools arm embedded/7 2018-q2-update/bin/../lib/gcc/arm-none-eabi/7.3.1/../../../../arm-none-eabi/lib/thumb/v7e-m/fpv4-sp/hard\libc_nano.a(lib_a-exit.o)
                              c:/program files (x86)/gnu tools arm embedded/7 2018-q2-update/bin/../lib/gcc/arm-none-eabi/7.3.1/../../../../arm-none-eabi/lib/thumb/v7e-m/fpv4-sp/hard/crt0.o (exit)
c:/program files (x86)/gnu tools arm embedded/7 2018-q2-update/bin/../lib/gcc/arm-none-eabi/7.3.1/../../../../arm-none-eabi/lib/thumb/v7e-m/fpv4-sp/hard\libc_nano.a(lib_a-impure.o)
                              c:/program files (x86)/gnu tools arm embedded/7 2018-q2-update/bin/../lib/gcc/arm-none-eabi/7.3.1/../../../../arm-none-eabi/lib/thumb/v7e-m/fpv4-sp/hard\libc_nano.a(lib_a-exit.o) (_global_impure_ptr)
c:/program files (x86)/gnu tools arm embedded/7 2018-q2-update/bin/../lib/gcc/arm-none-eabi/7.3.1/../../../../arm-none-eabi/lib/thumb/v7e-m/fpv4-sp/hard\libc_nano.a(lib_a-init.o)
                              c:/program files (x86)/gnu tools arm embedded/7 2018-q2-update/bin/../lib/gcc/arm-none-eabi/7.3.1/../../../../arm-none-eabi/lib/thumb/v7e-m/fpv4-sp/hard/crt0.o (__libc_init_array)
c:/program files (x86)/gnu tools arm embedded/7 2018-q2-update/bin/../lib/gcc/arm-none-eabi/7.3.1/../../../../arm-none-eabi/lib/thumb/v7e-m/fpv4-sp/hard\libc_nano.a(lib_a-locale.o)
                              _build/nrf52832_xxaa/nrf_log_str_formatter.c.o (__locale_ctype_ptr)
c:/program files (x86)/gnu tools arm embedded/7 2018-q2-update/bin/../lib/gcc/arm-none-eabi/7.3.1/../../../../arm-none-eabi/lib/thumb/v7e-m/fpv4-sp/hard\libc_nano.a(lib_a-mbtowc_r.o)
                              c:/program files (x86)/gnu tools arm embedded/7 2018-q2-update/bin/../lib/gcc/arm-none-eabi/7.3.1/../../../../arm-none-eabi/lib/thumb/v7e-m/fpv4-sp/hard\libc_nano.a(lib_a-locale.o) (__ascii_mbtowc)
c:/program files (x86)/gnu tools arm embedded/7 2018-q2-update/bin/../lib/gcc/arm-none-eabi/7.3.1/../../../../arm-none-eabi/lib/thumb/v7e-m/fpv4-sp/hard\libc_nano.a(lib_a-memcmp.o)
                              _build/nrf52832_xxaa/ble_advdata.c.o (memcmp)
c:/program files (x86)/gnu tools arm embedded/7 2018-q2-update/bin/../lib/gcc/arm-none-eabi/7.3.1/../../../../arm-none-eabi/lib/thumb/v7e-m/fpv4-sp/hard\libc_nano.a(lib_a-memcpy-stub.o)
                              _build/nrf52832_xxaa/nrf_log_frontend.c.o (memcpy)
c:/program files (x86)/gnu tools arm embedded/7 2018-q2-update/bin/../lib/gcc/arm-none-eabi/7.3.1/../../../../arm-none-eabi/lib/thumb/v7e-m/fpv4-sp/hard\libc_nano.a(lib_a-memset.o)
                              c:/program files (x86)/gnu tools arm embedded/7 2018-q2-update/bin/../lib/gcc/arm-none-eabi/7.3.1/../../../../arm-none-eabi/lib/thumb/v7e-m/fpv4-sp/hard/crt0.o (memset)
c:/program files (x86)/gnu tools arm embedded/7 2018-q2-update/bin/../lib/gcc/arm-none-eabi/7.3.1/../../../../arm-none-eabi/lib/thumb/v7e-m/fpv4-sp/hard\libc_nano.a(lib_a-printf.o)
                              _build/nrf52832_xxaa/main.c.o (printf)
c:/program files (x86)/gnu tools arm embedded/7 2018-q2-update/bin/../lib/gcc/arm-none-eabi/7.3.1/../../../../arm-none-eabi/lib/thumb/v7e-m/fpv4-sp/hard\libc_nano.a(lib_a-strcmp.o)
                              c:/program files (x86)/gnu tools arm embedded/7 2018-q2-update/bin/../lib/gcc/arm-none-eabi/7.3.1/../../../../arm-none-eabi/lib/thumb/v7e-m/fpv4-sp/hard\libc_nano.a(lib_a-locale.o) (strcmp)
c:/program files (x86)/gnu tools arm embedded/7 2018-q2-update/bin/../lib/gcc/arm-none-eabi/7.3.1/../../../../arm-none-eabi/lib/thumb/v7e-m/fpv4-sp/hard\libc_nano.a(lib_a-strcpy.o)
                              _build/nrf52832_xxaa/SEGGER_RTT.c.o (strcpy)
c:/program files (x86)/gnu tools arm embedded/7 2018-q2-update/bin/../lib/gcc/arm-none-eabi/7.3.1/../../../../arm-none-eabi/lib/thumb/v7e-m/fpv4-sp/hard\libc_nano.a(lib_a-strlen.o)
                              _build/nrf52832_xxaa/nrf_log_frontend.c.o (strlen)
c:/program files (x86)/gnu tools arm embedded/7 2018-q2-update/bin/../lib/gcc/arm-none-eabi/7.3.1/../../../../arm-none-eabi/lib/thumb/v7e-m/fpv4-sp/hard\libc_nano.a(lib_a-wctomb_r.o)
                              c:/program files (x86)/gnu tools arm embedded/7 2018-q2-update/bin/../lib/gcc/arm-none-eabi/7.3.1/../../../../arm-none-eabi/lib/thumb/v7e-m/fpv4-sp/hard\libc_nano.a(lib_a-locale.o) (__ascii_wctomb)
c:/program files (x86)/gnu tools arm embedded/7 2018-q2-update/bin/../lib/gcc/arm-none-eabi/7.3.1/../../../../arm-none-eabi/lib/thumb/v7e-m/fpv4-sp/hard\libc_nano.a(lib_a-ctype_.o)
                              c:/program files (x86)/gnu tools arm embedded/7 2018-q2-update/bin/../lib/gcc/arm-none-eabi/7.3.1/../../../../arm-none-eabi/lib/thumb/v7e-m/fpv4-sp/hard\libc_nano.a(lib_a-locale.o) (_ctype_)
c:/program files (x86)/gnu tools arm embedded/7 2018-q2-update/bin/../lib/gcc/arm-none-eabi/7.3.1/../../../../arm-none-eabi/lib/thumb/v7e-m/fpv4-sp/hard\libc_nano.a(lib_a-findfp.o)
[...]
Memory Configuration

Name             Origin             Length             Attributes
FLASH            0x00026000         0x0005a000         xr
RAM              0x20002ad8         0x0000d528         xrw
*default*        0x00000000         0xffffffff

Linker script and memory map


.text           0x00026000     0x9964
 *(.isr_vector)
 .isr_vector    0x00026000      0x200 _build/nrf52832_xxaa/gcc_startup_nrf52.S.o
                0x00026000                __isr_vector
 *(.text*)
 .text          0x00026200       0x40 c:/program files (x86)/gnu tools arm embedded/7 2018-q2-update/bin/../lib/gcc/arm-none-eabi/7.3.1/thumb/v7e-m/fpv4-sp/hard/crtbegin.o
 .text          0x00026240       0x74 c:/program files (x86)/gnu tools arm embedded/7 2018-q2-update/bin/../lib/gcc/arm-none-eabi/7.3.1/../../../../arm-none-eabi/lib/thumb/v7e-m/fpv4-sp/hard/crt0.o
                0x00026240                _start
                0x00026240                _mainCRTStartup
 .text          0x000262b4       0x3c _build/nrf52832_xxaa/gcc_startup_nrf52.S.o
                0x000262b4                Reset_Handler
                0x000262dc                NMI_Handler
                0x000262de                HardFault_Handler
                0x000262e0                MemoryManagement_Handler
                0x000262e2                BusFault_Handler
                0x000262e4                UsageFault_Handler
                0x000262e6                SVC_Handler
                0x000262e8                DebugMon_Handler
                0x000262ea                PendSV_Handler
                0x000262ee                TEMP_IRQHandler
                0x000262ee                RADIO_IRQHandler
                0x000262ee                TIMER3_IRQHandler
                0x000262ee                FPU_IRQHandler
                0x000262ee                SPIM0_SPIS0_TWIM0_TWIS0_SPI0_TWI0_IRQHandler
                0x000262ee                QDEC_IRQHandler
                0x000262ee                PDM_IRQHandler
                0x000262ee                TIMER4_IRQHandler
                0x000262ee                PWM1_IRQHandler
                0x000262ee                SWI4_EGU4_IRQHandler
                0x000262ee                TIMER0_IRQHandler
                0x000262ee                RTC0_IRQHandler
                0x000262ee                TIMER1_IRQHandler
                0x000262ee                PWM2_IRQHandler
                0x000262ee                ECB_IRQHandler
                0x000262ee                SPIM1_SPIS1_TWIM1_TWIS1_SPI1_TWI1_IRQHandler
                0x000262ee                Default_Handler
                0x000262ee                SAADC_IRQHandler
                0x000262ee                CCM_AAR_IRQHandler
                0x000262ee                WDT_IRQHandler
                0x000262ee                I2S_IRQHandler
                0x000262ee                SWI5_EGU5_IRQHandler
                0x000262ee                RNG_IRQHandler
                0x000262ee                RTC2_IRQHandler
                0x000262ee                PWM0_IRQHandler
                0x000262ee                SWI3_EGU3_IRQHandler
                0x000262ee                SWI1_EGU1_IRQHandler
                0x000262ee                SPIM2_SPIS2_SPI2_IRQHandler
                0x000262ee                NFCT_IRQHandler
                0x000262ee                SWI0_EGU0_IRQHandler
                0x000262ee                MWU_IRQHandler
                0x000262ee                TIMER2_IRQHandler
                0x000262ee                COMP_LPCOMP_IRQHandler
 .text.nrf_log_backend_rtt_flush
                0x000262f0        0x4 _build/nrf52832_xxaa/nrf_log_backend_rtt.c.o
 .text.nrf_log_backend_rtt_put
                0x000262f4       0x20 _build/nrf52832_xxaa/nrf_log_backend_rtt.c.o
 .text.serial_tx
                0x00026314       0x54 _build/nrf52832_xxaa/nrf_log_backend_rtt.c.o
 .text.nrf_log_backend_rtt_panic_set
                0x00026368        0x4 _build/nrf52832_xxaa/nrf_log_backend_rtt.c.o
 .text.nrf_log_backend_rtt_init
                0x0002636c        0x4 _build/nrf52832_xxaa/nrf_log_backend_rtt.c.o
                0x0002636c                nrf_log_backend_rtt_init
 .text.nrf_log_backend_serial_put
                0x00026370       0xd4 _build/nrf52832_xxaa/nrf_log_backend_serial.c.o
                0x00026370                nrf_log_backend_serial_put
 .text.nrf_log_default_backends_init
                0x00026444       0x20 _build/nrf52832_xxaa/nrf_log_default_backends.c.o
                0x00026444                nrf_log_default_backends_init
 .text.log_skip
                0x00026464       0xd4 _build/nrf52832_xxaa/nrf_log_frontend.c.o
 .text.nrf_log_init
                0x00026538       0x3c _build/nrf52832_xxaa/nrf_log_frontend.c.o
                0x00026538                nrf_log_init
 .text.nrf_log_module_name_get
                0x00026574       0x58 _build/nrf52832_xxaa/nrf_log_frontend.c.o
                0x00026574                nrf_log_module_name_get
 .text.nrf_log_color_id_get
                0x000265cc       0x2c _build/nrf52832_xxaa/nrf_log_frontend.c.o
                0x000265cc                nrf_log_color_id_get
 .text.nrf_log_frontend_std_0
                0x000265f8       0xf0 _build/nrf52832_xxaa/nrf_log_frontend.c.o
                0x000265f8                nrf_log_frontend_std_0
 .text.nrf_log_frontend_dequeue.part.6
                0x000266e8      0x26c _build/nrf52832_xxaa/nrf_log_frontend.c.o
 .text.nrf_log_frontend_std_1
                0x00026954      0x100 _build/nrf52832_xxaa/nrf_log_frontend.c.o
                0x00026954                nrf_log_frontend_std_1
 .text.nrf_log_frontend_std_2
                0x00026a54      0x104 _build/nrf52832_xxaa/nrf_log_frontend.c.o
                0x00026a54                nrf_log_frontend_std_2
 .text.nrf_log_frontend_dequeue
                0x00026b58       0x18 _build/nrf52832_xxaa/nrf_log_frontend.c.o
                0x00026b58                nrf_log_frontend_dequeue
 .text.nrf_log_backend_add
                0x00026b70       0x68 _build/nrf52832_xxaa/nrf_log_frontend.c.o
                0x00026b70                nrf_log_backend_add
 .text.nrf_log_panic
                0x00026bd8       0x2c _build/nrf52832_xxaa/nrf_log_frontend.c.o
                0x00026bd8                nrf_log_panic
 .text.nrf_log_std_entry_process
                0x00026c04      0x14c _build/nrf52832_xxaa/nrf_log_str_formatter.c.o
                0x00026c04                nrf_log_std_entry_process
 .text.nrf_log_hexdump_entry_process
                0x00026d50      0x160 _build/nrf52832_xxaa/nrf_log_str_formatter.c.o
                0x00026d50                nrf_log_hexdump_entry_process
 .text.gpiote_event_handler
                0x00026eb0       0x80 _build/nrf52832_xxaa/app_button.c.o
 .text.detection_delay_timeout_handler
                0x00026f30      0x294 _build/nrf52832_xxaa/app_button.c.o
 .text.app_button_init
                0x000271c4       0xb8 _build/nrf52832_xxaa/app_button.c.o
                0x000271c4                app_button_init
 .text.app_button_enable
                0x0002727c       0x2c _build/nrf52832_xxaa/app_button.c.o
                0x0002727c                app_button_enable
 .text.app_error_handler_bare
                0x000272a8       0x20 _build/nrf52832_xxaa/app_error.c.o
                0x000272a8                app_error_handler_bare
 .text.app_error_fault_handler
                0x000272c8       0x70 _build/nrf52832_xxaa/app_error_weak.c.o
                0x000272c8                app_error_fault_handler
 .text.app_fifo_init
                0x00027338       0x20 _build/nrf52832_xxaa/app_fifo.c.o
                0x00027338                app_fifo_init
 .text.app_fifo_put
                0x00027358       0x30 _build/nrf52832_xxaa/app_fifo.c.o
                0x00027358                app_fifo_put
 .text.app_fifo_get
                0x00027388       0x2c _build/nrf52832_xxaa/app_fifo.c.o
                0x00027388                app_fifo_get
 .text.compare_func
                0x000273b4       0x18 _build/nrf52832_xxaa/app_timer2.c.o
 .text.rtc_irq  0x000273cc      0x324 _build/nrf52832_xxaa/app_timer2.c.o
 .text.app_timer_init
                0x000276f0       0x6c _build/nrf52832_xxaa/app_timer2.c.o
                0x000276f0                app_timer_init
 .text.app_timer_create
                0x0002775c       0x1c _build/nrf52832_xxaa/app_timer2.c.o
                0x0002775c                app_timer_create
 .text.app_timer_start
                0x00027778       0xa0 _build/nrf52832_xxaa/app_timer2.c.o
                0x00027778                app_timer_start
 .text.app_timer_stop
                0x00027818       0x44 _build/nrf52832_xxaa/app_timer2.c.o
                0x00027818                app_timer_stop
 .text.uart_event_handler
                0x0002785c      0x11c _build/nrf52832_xxaa/app_uart_fifo.c.o
 .text.app_uart_init
                0x00027978       0xf4 _build/nrf52832_xxaa/app_uart_fifo.c.o
                0x00027978                app_uart_init
 .text.app_uart_get
                0x00027a6c       0x5c _build/nrf52832_xxaa/app_uart_fifo.c.o
                0x00027a6c                app_uart_get
 .text.app_uart_put
                0x00027ac8       0x74 _build/nrf52832_xxaa/app_uart_fifo.c.o
                0x00027ac8                app_uart_put
 .text.app_util_critical_region_enter
                0x00027b3c       0x4c _build/nrf52832_xxaa/app_util_platform.c.o
                0x00027b3c                app_util_critical_region_enter
 .text.app_util_critical_region_exit
                0x00027b88       0x30 _build/nrf52832_xxaa/app_util_platform.c.o
                0x00027b88                app_util_critical_region_exit
 .text.drv_rtc_init
                0x00027bb8       0xb0 _build/nrf52832_xxaa/drv_rtc.c.o
                0x00027bb8                drv_rtc_init
 .text.drv_rtc_start
                0x00027c68        0x8 _build/nrf52832_xxaa/drv_rtc.c.o
                0x00027c68                drv_rtc_start
 .text.drv_rtc_stop
                0x00027c70        0x8 _build/nrf52832_xxaa/drv_rtc.c.o
                0x00027c70                drv_rtc_stop
 .text.drv_rtc_compare_set
                0x00027c78       0x4c _build/nrf52832_xxaa/drv_rtc.c.o
                0x00027c78                drv_rtc_compare_set
 .text.drv_rtc_windowed_compare_set
                0x00027cc4       0xf8 _build/nrf52832_xxaa/drv_rtc.c.o
                0x00027cc4                drv_rtc_windowed_compare_set
 .text.drv_rtc_overflow_enable
                0x00027dbc       0x14 _build/nrf52832_xxaa/drv_rtc.c.o
                0x00027dbc                drv_rtc_overflow_enable
 .text.drv_rtc_overflow_pending
                0x00027dd0       0x20 _build/nrf52832_xxaa/drv_rtc.c.o
                0x00027dd0                drv_rtc_overflow_pending
 .text.drv_rtc_compare_disable
                0x00027df0       0x18 _build/nrf52832_xxaa/drv_rtc.c.o
                0x00027df0                drv_rtc_compare_disable
 .text.drv_rtc_compare_pending
                0x00027e08       0x24 _build/nrf52832_xxaa/drv_rtc.c.o
                0x00027e08                drv_rtc_compare_pending
 .text.drv_rtc_counter_get
                0x00027e2c        0x8 _build/nrf52832_xxaa/drv_rtc.c.o
                0x00027e2c                drv_rtc_counter_get
 .text.drv_rtc_irq_trigger
                0x00027e34       0x20 _build/nrf52832_xxaa/drv_rtc.c.o
                0x00027e34                drv_rtc_irq_trigger
 .text.RTC1_IRQHandler
                0x00027e54       0x14 _build/nrf52832_xxaa/drv_rtc.c.o
                0x00027e54                RTC1_IRQHandler
 .text.nrf_atfifo_init
                0x00027e68       0x30 _build/nrf52832_xxaa/nrf_atfifo.c.o
                0x00027e68                nrf_atfifo_init
 .text.nrf_atfifo_item_alloc
                0x00027e98       0x58 _build/nrf52832_xxaa/nrf_atfifo.c.o
                0x00027e98                nrf_atfifo_item_alloc
 .text.nrf_atfifo_item_put
                0x00027ef0       0x20 _build/nrf52832_xxaa/nrf_atfifo.c.o
                0x00027ef0                nrf_atfifo_item_put
 .text.nrf_atfifo_item_get
                0x00027f10       0x5c _build/nrf52832_xxaa/nrf_atfifo.c.o
                0x00027f10                nrf_atfifo_item_get
 .text.nrf_atfifo_item_free
                0x00027f6c       0x20 _build/nrf52832_xxaa/nrf_atfifo.c.o
                0x00027f6c                nrf_atfifo_item_free
 .text.nrf_atflags_set
                0x00027f8c       0x14 _build/nrf52832_xxaa/nrf_atflags.c.o
                0x00027f8c                nrf_atflags_set
 .text.nrf_atflags_clear
                0x00027fa0       0x14 _build/nrf52832_xxaa/nrf_atflags.c.o
                0x00027fa0                nrf_atflags_clear
 .text.nrf_atflags_get
                0x00027fb4       0x14 _build/nrf52832_xxaa/nrf_atflags.c.o
                0x00027fb4                nrf_atflags_get
 .text.nrf_atomic_u32_fetch_store
                0x00027fc8       0x14 _build/nrf52832_xxaa/nrf_atomic.c.o
                0x00027fc8                nrf_atomic_u32_fetch_store
 .text.nrf_atomic_u32_or
                0x00027fdc       0x18 _build/nrf52832_xxaa/nrf_atomic.c.o
                0x00027fdc                nrf_atomic_u32_or
 .text.nrf_atomic_u32_and
                0x00027ff4       0x18 _build/nrf52832_xxaa/nrf_atomic.c.o
                0x00027ff4                nrf_atomic_u32_and
 .text.nrf_atomic_u32_add
                0x0002800c       0x18 _build/nrf52832_xxaa/nrf_atomic.c.o
                0x0002800c                nrf_atomic_u32_add
 .text.nrf_atomic_u32_sub
                0x00028024       0x18 _build/nrf52832_xxaa/nrf_atomic.c.o
                0x00028024                nrf_atomic_u32_sub
 .text.nrf_atomic_flag_set
                0x0002803c       0x18 _build/nrf52832_xxaa/nrf_atomic.c.o
                0x0002803c                nrf_atomic_flag_set
 .text.nrf_atomic_flag_clear_fetch
                0x00028054       0x18 _build/nrf52832_xxaa/nrf_atomic.c.o
                0x00028054                nrf_atomic_flag_clear_fetch
 .text.nrf_balloc_init
                0x0002806c       0x38 _build/nrf52832_xxaa/nrf_balloc.c.o
                0x0002806c                nrf_balloc_init
 .text.nrf_balloc_alloc
                0x000280a4       0x50 _build/nrf52832_xxaa/nrf_balloc.c.o
                0x000280a4                nrf_balloc_alloc
 .text.nrf_balloc_free
                0x000280f4       0x38 _build/nrf52832_xxaa/nrf_balloc.c.o
                0x000280f4                nrf_balloc_free
 .text.nrf_fprintf_buffer_flush
                0x0002812c       0x18 _build/nrf52832_xxaa/nrf_fprintf.c.o
                0x0002812c                nrf_fprintf_buffer_flush
 .text.nrf_fprintf
                0x00028144       0x20 _build/nrf52832_xxaa/nrf_fprintf.c.o
                0x00028144                nrf_fprintf
 .text.unsigned_print
                0x00028164      0x148 _build/nrf52832_xxaa/nrf_fprintf_format.c.o
 .text.nrf_fprintf_fmt
                0x000282ac      0x6e4 _build/nrf52832_xxaa/nrf_fprintf_format.c.o
                0x000282ac                nrf_fprintf_fmt
 .text.nrf_memobj_pool_init
                0x00028990        0x4 _build/nrf52832_xxaa/nrf_memobj.c.o
                0x00028990                nrf_memobj_pool_init
 .text.nrf_memobj_alloc
                0x00028994       0x84 _build/nrf52832_xxaa/nrf_memobj.c.o
                0x00028994                nrf_memobj_alloc
 .text.nrf_memobj_get
                0x00028a18        0x8 _build/nrf52832_xxaa/nrf_memobj.c.o
                0x00028a18                nrf_memobj_get
 .text.nrf_memobj_put
                0x00028a20       0x44 _build/nrf52832_xxaa/nrf_memobj.c.o
                0x00028a20                nrf_memobj_put
 .text.nrf_memobj_write
                0x00028a64       0x68 _build/nrf52832_xxaa/nrf_memobj.c.o
                0x00028a64                nrf_memobj_write
 .text.nrf_memobj_read
                0x00028acc       0x68 _build/nrf52832_xxaa/nrf_memobj.c.o
                0x00028acc                nrf_memobj_read
 .text.sd_app_evt_wait
                0x00028b34        0x4 _build/nrf52832_xxaa/nrf_pwr_mgmt.c.o
 .text.nrf_pwr_mgmt_init
                0x00028b38       0x2c _build/nrf52832_xxaa/nrf_pwr_mgmt.c.o
                0x00028b38                nrf_pwr_mgmt_init
 .text.nrf_pwr_mgmt_run
                0x00028b64       0x50 _build/nrf52832_xxaa/nrf_pwr_mgmt.c.o
                0x00028b64                nrf_pwr_mgmt_run
 .text.nrf_ringbuf_init
                0x00028bb4       0x1c _build/nrf52832_xxaa/nrf_ringbuf.c.o
                0x00028bb4                nrf_ringbuf_init
 .text.nrf_section_iter_init
                0x00028bd0       0x14 _build/nrf52832_xxaa/nrf_section_iter.c.o
                0x00028bd0                nrf_section_iter_init
 .text.nrf_section_iter_next
                0x00028be4       0x18 _build/nrf52832_xxaa/nrf_section_iter.c.o
                0x00028be4                nrf_section_iter_next
 .text.nrf_sortlist_add
                0x00028bfc       0x28 _build/nrf52832_xxaa/nrf_sortlist.c.o
                0x00028bfc                nrf_sortlist_add
 .text.nrf_sortlist_pop
                0x00028c24        0xc _build/nrf52832_xxaa/nrf_sortlist.c.o
                0x00028c24                nrf_sortlist_pop
 .text.nrf_sortlist_peek
                0x00028c30        0x8 _build/nrf52832_xxaa/nrf_sortlist.c.o
                0x00028c30                nrf_sortlist_peek
 .text.nrf_sortlist_remove
                0x00028c38       0x28 _build/nrf52832_xxaa/nrf_sortlist.c.o
                0x00028c38                nrf_sortlist_remove
 .text.nrf_strerror_get
                0x00028c60       0x6c _build/nrf52832_xxaa/nrf_strerror.c.o
                0x00028c60                nrf_strerror_get
 .text._write   0x00028ccc       0x1c _build/nrf52832_xxaa/retarget.c.o
                0x00028ccc                _write
 .text._read    0x00028ce8       0x14 _build/nrf52832_xxaa/retarget.c.o
                0x00028ce8                _read
 .text.SystemInit
                0x00028cfc      0x3c0 _build/nrf52832_xxaa/system_nrf52.c.o
                0x00028cfc                SystemInit
 .text.bsp_board_led_state_get
                0x000290bc       0x1c _build/nrf52832_xxaa/boards.c.o
                0x000290bc                bsp_board_led_state_get
 .text.bsp_board_led_on
                0x000290d8       0x18 _build/nrf52832_xxaa/boards.c.o
                0x000290d8                bsp_board_led_on
 .text.bsp_board_led_off
                0x000290f0       0x18 _build/nrf52832_xxaa/boards.c.o
                0x000290f0                bsp_board_led_off
 .text.bsp_board_leds_off
                0x00029108       0x2c _build/nrf52832_xxaa/boards.c.o
                0x00029108                bsp_board_leds_off
 .text.bsp_board_leds_on
                0x00029134       0x2c _build/nrf52832_xxaa/boards.c.o
                0x00029134                bsp_board_leds_on
 .text.bsp_board_led_invert
                0x00029160       0x24 _build/nrf52832_xxaa/boards.c.o
                0x00029160                bsp_board_led_invert
 .text.bsp_board_button_state_get
                0x00029184       0x1c _build/nrf52832_xxaa/boards.c.o
                0x00029184                bsp_board_button_state_get
 .text.bsp_board_pin_to_button_idx
                0x000291a0       0x24 _build/nrf52832_xxaa/boards.c.o
                0x000291a0                bsp_board_pin_to_button_idx
 .text.bsp_board_button_idx_to_pin
                0x000291c4        0xc _build/nrf52832_xxaa/boards.c.o
                0x000291c4                bsp_board_button_idx_to_pin
 .text.bsp_board_init
                0x000291d0       0x5c _build/nrf52832_xxaa/boards.c.o
                0x000291d0                bsp_board_init
 .text.clock_irq_handler
                0x0002922c       0x44 _build/nrf52832_xxaa/nrf_drv_clock.c.o
 .text.soc_evt_handler
                0x00029270       0x28 _build/nrf52832_xxaa/nrf_drv_clock.c.o
 .text.sd_state_evt_handler
                0x00029298       0xa0 _build/nrf52832_xxaa/nrf_drv_clock.c.o
 .text.uarte_evt_handler
                0x00029338       0x34 _build/nrf52832_xxaa/nrf_drv_uart.c.o
 .text.uart_evt_handler
                0x0002936c       0x34 _build/nrf52832_xxaa/nrf_drv_uart.c.o
 .text.nrf_drv_uart_init
                0x000293a0       0x80 _build/nrf52832_xxaa/nrf_drv_uart.c.o
                0x000293a0                nrf_drv_uart_init
 .text.nrfx_clock_init
                0x00029420       0x1c _build/nrf52832_xxaa/nrfx_clock.c.o
                0x00029420                nrfx_clock_init
 .text.nrfx_clock_enable
                0x0002943c       0x24 _build/nrf52832_xxaa/nrfx_clock.c.o
                0x0002943c                nrfx_clock_enable
 .text.nrfx_clock_lfclk_stop
                0x00029460       0x18 _build/nrf52832_xxaa/nrfx_clock.c.o
                0x00029460                nrfx_clock_lfclk_stop
 .text.POWER_CLOCK_IRQHandler
                0x00029478       0x64 _build/nrf52832_xxaa/nrfx_clock.c.o
                0x00029478                POWER_CLOCK_IRQHandler
 .text.nrfx_gpiote_init
                0x000294dc       0x88 _build/nrf52832_xxaa/nrfx_gpiote.c.o
                0x000294dc                nrfx_gpiote_init
 .text.nrfx_gpiote_is_init
                0x00029564       0x14 _build/nrf52832_xxaa/nrfx_gpiote.c.o
                0x00029564                nrfx_gpiote_is_init
 .text.nrfx_gpiote_in_init
                0x00029578      0x1bc _build/nrf52832_xxaa/nrfx_gpiote.c.o
                0x00029578                nrfx_gpiote_in_init
 .text.nrfx_gpiote_in_event_enable
                0x00029734       0xc4 _build/nrf52832_xxaa/nrfx_gpiote.c.o
                0x00029734                nrfx_gpiote_in_event_enable
 .text.nrfx_gpiote_in_is_set
                0x000297f8       0x14 _build/nrf52832_xxaa/nrfx_gpiote.c.o
                0x000297f8                nrfx_gpiote_in_is_set
 .text.GPIOTE_IRQHandler
                0x0002980c      0x548 _build/nrf52832_xxaa/nrfx_gpiote.c.o
                0x0002980c                GPIOTE_IRQHandler
 .text.UARTE0_UART0_IRQHandler
                0x00029d54        0xc _build/nrf52832_xxaa/nrfx_prs.c.o
                0x00029d54                UARTE0_UART0_IRQHandler
 .text.nrfx_prs_acquire
                0x00029d60       0x4c _build/nrf52832_xxaa/nrfx_prs.c.o
                0x00029d60                nrfx_prs_acquire
 .text.nrfx_uart_0_irq_handler
                0x00029dac      0x1c0 _build/nrf52832_xxaa/nrfx_uart.c.o
                0x00029dac                nrfx_uart_0_irq_handler
 .text.nrfx_uart_init
                0x00029f6c      0x194 _build/nrf52832_xxaa/nrfx_uart.c.o
                0x00029f6c                nrfx_uart_init
 .text.nrfx_uart_tx
                0x0002a100       0xcc _build/nrf52832_xxaa/nrfx_uart.c.o
                0x0002a100                nrfx_uart_tx
 .text.nrfx_uart_tx_in_progress
                0x0002a1cc       0x18 _build/nrf52832_xxaa/nrfx_uart.c.o
                0x0002a1cc                nrfx_uart_tx_in_progress
 .text.nrfx_uart_rx
                0x0002a1e4      0x14c _build/nrf52832_xxaa/nrfx_uart.c.o
                0x0002a1e4                nrfx_uart_rx
 .text.nrfx_uarte_0_irq_handler
                0x0002a330      0x154 _build/nrf52832_xxaa/nrfx_uarte.c.o
                0x0002a330                nrfx_uarte_0_irq_handler
 .text.nrfx_uarte_init
                0x0002a484      0x1c8 _build/nrf52832_xxaa/nrfx_uarte.c.o
                0x0002a484                nrfx_uarte_init
 .text.nrfx_uarte_tx
                0x0002a64c       0xac _build/nrf52832_xxaa/nrfx_uarte.c.o
                0x0002a64c                nrfx_uarte_tx
 .text.nrfx_uarte_tx_in_progress
                0x0002a6f8       0x1c _build/nrf52832_xxaa/nrfx_uarte.c.o
                0x0002a6f8                nrfx_uarte_tx_in_progress
 .text.nrfx_uarte_rx
                0x0002a714      0x12c _build/nrf52832_xxaa/nrfx_uarte.c.o
                0x0002a714                nrfx_uarte_rx
 .text.alert_timer_handler
                0x0002a840        0x8 _build/nrf52832_xxaa/bsp.c.o
 .text.bsp_button_event_handler
                0x0002a848       0xa0 _build/nrf52832_xxaa/bsp.c.o
 .text.button_timer_handler
                0x0002a8e8       0x30 _build/nrf52832_xxaa/bsp.c.o
 .text.leds_timer_handler
                0x0002a918      0x2ec _build/nrf52832_xxaa/bsp.c.o
 .text.bsp_button_is_pressed
                0x0002ac04        0xc _build/nrf52832_xxaa/bsp.c.o
                0x0002ac04                bsp_button_is_pressed
 .text.bsp_indication_set
                0x0002ac10      0x330 _build/nrf52832_xxaa/bsp.c.o
                0x0002ac10                bsp_indication_set
 .text.bsp_init
                0x0002af40       0xbc _build/nrf52832_xxaa/bsp.c.o
                0x0002af40                bsp_init
 .text.bsp_event_to_button_action_assign
                0x0002affc       0x50 _build/nrf52832_xxaa/bsp.c.o
                0x0002affc                bsp_event_to_button_action_assign
 .text.bsp_wakeup_button_enable
                0x0002b04c       0x30 _build/nrf52832_xxaa/bsp.c.o
                0x0002b04c                bsp_wakeup_button_enable
 .text.ble_evt_handler
                0x0002b07c       0xac _build/nrf52832_xxaa/bsp_btn_ble.c.o
 .text.bsp_btn_ble_sleep_mode_prepare
                0x0002b128       0x24 _build/nrf52832_xxaa/bsp_btn_ble.c.o
                0x0002b128                bsp_btn_ble_sleep_mode_prepare
 .text.bsp_btn_ble_init
                0x0002b14c       0x6c _build/nrf52832_xxaa/bsp_btn_ble.c.o
                0x0002b14c                bsp_btn_ble_init
 .text.sd_ble_gap_disconnect
                0x0002b1b8        0x4 _build/nrf52832_xxaa/main.c.o
 .text.sd_ble_gap_ppcp_set
                0x0002b1bc        0x4 _build/nrf52832_xxaa/main.c.o
 .text.sd_ble_gap_device_name_set
                0x0002b1c0        0x4 _build/nrf52832_xxaa/main.c.o
 .text.sd_ble_gap_sec_params_reply
                0x0002b1c4        0x4 _build/nrf52832_xxaa/main.c.o
 .text.sd_ble_gap_phy_update
                0x0002b1c8        0x4 _build/nrf52832_xxaa/main.c.o
 .text.sd_ble_gatts_sys_attr_set
                0x0002b1cc        0x4 _build/nrf52832_xxaa/main.c.o
 .text.sd_power_system_off
                0x0002b1d0        0x4 _build/nrf52832_xxaa/main.c.o
 .text.nrf_qwr_error_handler
                0x0002b1d4        0x4 _build/nrf52832_xxaa/main.c.o
 .text.uart_event_handle
                0x0002b1d8       0x68 _build/nrf52832_xxaa/main.c.o
                0x0002b1d8                uart_event_handle
 .text.ble_evt_handler
                0x0002b240      0x118 _build/nrf52832_xxaa/main.c.o
 .text.gatt_evt_handler
                0x0002b358       0x44 _build/nrf52832_xxaa/main.c.o
                0x0002b358                gatt_evt_handler
 .text.on_conn_params_evt
                0x0002b39c       0x24 _build/nrf52832_xxaa/main.c.o
 .text.bsp_event_handler
                0x0002b3c0       0x70 _build/nrf52832_xxaa/main.c.o
                0x0002b3c0                bsp_event_handler
 .text.nus_data_handler
                0x0002b430       0x74 _build/nrf52832_xxaa/main.c.o
 .text.conn_params_error_handler
                0x0002b4a4        0x4 _build/nrf52832_xxaa/main.c.o
 .text.on_adv_evt
                0x0002b4a8       0x40 _build/nrf52832_xxaa/main.c.o
 .text.gatt_init
                0x0002b4e8       0x30 _build/nrf52832_xxaa/main.c.o
                0x0002b4e8                gatt_init
 .text.SysTick_Handler
                0x0002b518       0x48 _build/nrf52832_xxaa/main.c.o
                0x0002b518                SysTick_Handler
 .text.startup.main
                0x0002b560      0x25c _build/nrf52832_xxaa/main.c.o
                0x0002b560                main
 .text.SEGGER_RTT_WriteNoLock
                0x0002b7bc      0x168 _build/nrf52832_xxaa/SEGGER_RTT.c.o
                0x0002b7bc                SEGGER_RTT_WriteNoLock
 .text.SEGGER_RTT_Init
                0x0002b924       0x60 _build/nrf52832_xxaa/SEGGER_RTT.c.o
                0x0002b924                SEGGER_RTT_Init
 .text.sd_ble_gap_addr_get
                0x0002b984        0x4 _build/nrf52832_xxaa/ble_advdata.c.o
 .text.sd_ble_gap_appearance_get
                0x0002b988        0x4 _build/nrf52832_xxaa/ble_advdata.c.o
 .text.sd_ble_gap_device_name_get
                0x0002b98c        0x4 _build/nrf52832_xxaa/ble_advdata.c.o
 .text.sd_ble_uuid_encode
                0x0002b990        0x4 _build/nrf52832_xxaa/ble_advdata.c.o
 .text.uuid_list_sized_encode
                0x0002b994       0xb4 _build/nrf52832_xxaa/ble_advdata.c.o
 .text.ble_advdata_encode
                0x0002ba48      0x3fc _build/nrf52832_xxaa/ble_advdata.c.o
                0x0002ba48                ble_advdata_encode
 .text.ble_advdata_parse
                0x0002be44       0x58 _build/nrf52832_xxaa/ble_advdata.c.o
                0x0002be44                ble_advdata_parse
 .text.sd_ble_gap_adv_set_configure
                0x0002be9c        0x4 _build/nrf52832_xxaa/ble_advertising.c.o
 .text.sd_ble_gap_adv_start
                0x0002bea0        0x4 _build/nrf52832_xxaa/ble_advertising.c.o
 .text.sd_ble_gap_adv_stop
                0x0002bea4        0x4 _build/nrf52832_xxaa/ble_advertising.c.o
 .text.ble_advertising_start.part.4
                0x0002bea8      0x2b8 _build/nrf52832_xxaa/ble_advertising.c.o
 .text.ble_advertising_conn_cfg_tag_set
                0x0002c160        0x8 _build/nrf52832_xxaa/ble_advertising.c.o
                0x0002c160                ble_advertising_conn_cfg_tag_set
 .text.ble_advertising_init
                0x0002c168      0x100 _build/nrf52832_xxaa/ble_advertising.c.o
                0x0002c168                ble_advertising_init
 .text.ble_advertising_start
                0x0002c268      0x2c0 _build/nrf52832_xxaa/ble_advertising.c.o
                0x0002c268                ble_advertising_start
 .text.ble_advertising_on_ble_evt
                0x0002c528       0x8c _build/nrf52832_xxaa/ble_advertising.c.o
                0x0002c528                ble_advertising_on_ble_evt
 .text.ble_advertising_restart_without_whitelist
                0x0002c5b4       0x60 _build/nrf52832_xxaa/ble_advertising.c.o
                0x0002c5b4                ble_advertising_restart_without_whitelist
 .text.sd_ble_gap_conn_param_update
                0x0002c614        0x4 _build/nrf52832_xxaa/ble_conn_params.c.o
 .text.sd_ble_gap_disconnect
                0x0002c618        0x4 _build/nrf52832_xxaa/ble_conn_params.c.o
 .text.sd_ble_gap_ppcp_set
                0x0002c61c        0x4 _build/nrf52832_xxaa/ble_conn_params.c.o
 .text.sd_ble_gap_ppcp_get
                0x0002c620        0x4 _build/nrf52832_xxaa/ble_conn_params.c.o
 .text.update_timeout_handler
                0x0002c624       0x80 _build/nrf52832_xxaa/ble_conn_params.c.o
 .text.ble_evt_handler
                0x0002c6a4      0x1d4 _build/nrf52832_xxaa/ble_conn_params.c.o
 .text.ble_conn_params_init
                0x0002c878       0x7c _build/nrf52832_xxaa/ble_conn_params.c.o
                0x0002c878                ble_conn_params_init
 .text.ble_evt_handler
                0x0002c8f4      0x160 _build/nrf52832_xxaa/ble_conn_state.c.o
 .text.ble_conn_state_conn_idx
                0x0002ca54       0x24 _build/nrf52832_xxaa/ble_conn_state.c.o
                0x0002ca54                ble_conn_state_conn_idx
 .text.blcm_link_ctx_get
                0x0002ca78       0x4c _build/nrf52832_xxaa/ble_link_ctx_manager.c.o
                0x0002ca78                blcm_link_ctx_get
 .text.sd_ble_gatts_characteristic_add
                0x0002cac4        0x4 _build/nrf52832_xxaa/ble_srv_common.c.o
 .text.ble_srv_is_notification_enabled
                0x0002cac8        0x8 _build/nrf52832_xxaa/ble_srv_common.c.o
                0x0002cac8                ble_srv_is_notification_enabled
 .text.characteristic_add
                0x0002cad0      0x270 _build/nrf52832_xxaa/ble_srv_common.c.o
                0x0002cad0                characteristic_add
 .text.sd_ble_gap_data_length_update
                0x0002cd40        0x4 _build/nrf52832_xxaa/nrf_ble_gatt.c.o
 .text.sd_ble_gattc_exchange_mtu_request
                0x0002cd44        0x4 _build/nrf52832_xxaa/nrf_ble_gatt.c.o
 .text.sd_ble_gatts_exchange_mtu_reply
                0x0002cd48        0x4 _build/nrf52832_xxaa/nrf_ble_gatt.c.o
 .text.nrf_ble_gatt_init
                0x0002cd4c       0x30 _build/nrf52832_xxaa/nrf_ble_gatt.c.o
                0x0002cd4c                nrf_ble_gatt_init
 .text.nrf_ble_gatt_att_mtu_periph_set
                0x0002cd7c       0x18 _build/nrf52832_xxaa/nrf_ble_gatt.c.o
                0x0002cd7c                nrf_ble_gatt_att_mtu_periph_set
 .text.nrf_ble_gatt_on_ble_evt
                0x0002cd94      0x240 _build/nrf52832_xxaa/nrf_ble_gatt.c.o
                0x0002cd94                nrf_ble_gatt_on_ble_evt
 .text.sd_ble_gatts_rw_authorize_reply
                0x0002cfd4        0x4 _build/nrf52832_xxaa/nrf_ble_qwr.c.o
 .text.sd_ble_user_mem_reply
                0x0002cfd8        0x4 _build/nrf52832_xxaa/nrf_ble_qwr.c.o
 .text.nrf_ble_qwr_init
                0x0002cfdc       0x24 _build/nrf52832_xxaa/nrf_ble_qwr.c.o
                0x0002cfdc                nrf_ble_qwr_init
 .text.nrf_ble_qwr_conn_handle_assign
                0x0002d000       0x18 _build/nrf52832_xxaa/nrf_ble_qwr.c.o
                0x0002d000                nrf_ble_qwr_conn_handle_assign
 .text.nrf_ble_qwr_on_ble_evt
                0x0002d018       0xf8 _build/nrf52832_xxaa/nrf_ble_qwr.c.o
                0x0002d018                nrf_ble_qwr_on_ble_evt
 .text.sd_ble_gatts_service_add
                0x0002d110        0x4 _build/nrf52832_xxaa/ble_nus.c.o
 .text.sd_ble_gatts_value_get
                0x0002d114        0x4 _build/nrf52832_xxaa/ble_nus.c.o
 .text.sd_ble_gatts_hvx
                0x0002d118        0x4 _build/nrf52832_xxaa/ble_nus.c.o
 .text.sd_ble_uuid_vs_add
                0x0002d11c        0x4 _build/nrf52832_xxaa/ble_nus.c.o
 .text.ble_nus_on_ble_evt
                0x0002d120      0x13c _build/nrf52832_xxaa/ble_nus.c.o
                0x0002d120                ble_nus_on_ble_evt
 .text.ble_nus_init
                0x0002d25c       0xdc _build/nrf52832_xxaa/ble_nus.c.o
                0x0002d25c                ble_nus_init
 .text.ble_nus_data_send
                0x0002d338       0x68 _build/nrf52832_xxaa/ble_nus.c.o
                0x0002d338                ble_nus_data_send
 .text.sd_softdevice_enable
                0x0002d3a0        0x4 _build/nrf52832_xxaa/nrf_sdh.c.o
 .text.nrf_sdh_enable_request
                0x0002d3a4      0x114 _build/nrf52832_xxaa/nrf_sdh.c.o
                0x0002d3a4                nrf_sdh_enable_request
 .text.nrf_sdh_is_enabled
                0x0002d4b8        0xc _build/nrf52832_xxaa/nrf_sdh.c.o
                0x0002d4b8                nrf_sdh_is_enabled
 .text.SWI2_EGU2_IRQHandler
                0x0002d4c4       0x2c _build/nrf52832_xxaa/nrf_sdh.c.o
                0x0002d4c4                SWI2_EGU2_IRQHandler
 .text.sd_ble_enable
                0x0002d4f0        0x4 _build/nrf52832_xxaa/nrf_sdh_ble.c.o
 .text.sd_ble_cfg_set
                0x0002d4f4        0x4 _build/nrf52832_xxaa/nrf_sdh_ble.c.o
 .text.sd_ble_evt_get
                0x0002d4f8        0x4 _build/nrf52832_xxaa/nrf_sdh_ble.c.o
 .text.nrf_sdh_ble_evts_poll.part.1
                0x0002d4fc       0x54 _build/nrf52832_xxaa/nrf_sdh_ble.c.o
 .text.nrf_sdh_ble_evts_poll
                0x0002d550       0x10 _build/nrf52832_xxaa/nrf_sdh_ble.c.o
 .text.nrf_sdh_ble_default_cfg_set
                0x0002d560      0x1bc _build/nrf52832_xxaa/nrf_sdh_ble.c.o
                0x0002d560                nrf_sdh_ble_default_cfg_set
 .text.nrf_sdh_ble_enable
                0x0002d71c       0x9c _build/nrf52832_xxaa/nrf_sdh_ble.c.o
                0x0002d71c                nrf_sdh_ble_enable
 .text.sd_evt_get
                0x0002d7b8        0x4 _build/nrf52832_xxaa/nrf_sdh_soc.c.o
 .text.nrf_sdh_soc_evts_poll
                0x0002d7bc       0x4c _build/nrf52832_xxaa/nrf_sdh_soc.c.o
 .text.exit     0x0002d808       0x28 c:/program files (x86)/gnu tools arm embedded/7 2018-q2-update/bin/../lib/gcc/arm-none-eabi/7.3.1/../../../../arm-none-eabi/lib/thumb/v7e-m/fpv4-sp/hard\libc_nano.a(lib_a-exit.o)
                0x0002d808                exit
 .text.__libc_init_array
                0x0002d830       0x48 c:/program files (x86)/gnu tools arm embedded/7 2018-q2-update/bin/../lib/gcc/arm-none-eabi/7.3.1/../../../../arm-none-eabi/lib/thumb/v7e-m/fpv4-sp/hard\libc_nano.a(lib_a-init.o)
                0x0002d830                __libc_init_array
 .text.__locale_ctype_ptr
                0x0002d878       0x1c c:/program files (x86)/gnu tools arm embedded/7 2018-q2-update/bin/../lib/gcc/arm-none-eabi/7.3.1/../../../../arm-none-eabi/lib/thumb/v7e-m/fpv4-sp/hard\libc_nano.a(lib_a-locale.o)
                0x0002d878                __locale_ctype_ptr
 .text.__ascii_mbtowc
                0x0002d894       0x24 c:/program files (x86)/gnu tools arm embedded/7 2018-q2-update/bin/../lib/gcc/arm-none-eabi/7.3.1/../../../../arm-none-eabi/lib/thumb/v7e-m/fpv4-sp/hard\libc_nano.a(lib_a-mbtowc_r.o)
                0x0002d894                __ascii_mbtowc
 .text.memcpy   0x0002d8b8       0x16 c:/program files (x86)/gnu tools arm embedded/7 2018-q2-update/bin/../lib/gcc/arm-none-eabi/7.3.1/../../../../arm-none-eabi/lib/thumb/v7e-m/fpv4-sp/hard\libc_nano.a(lib_a-memcpy-stub.o)
                0x0002d8b8                memcpy
 .text.memset   0x0002d8ce       0x10 c:/program files (x86)/gnu tools arm embedded/7 2018-q2-update/bin/../lib/gcc/arm-none-eabi/7.3.1/../../../../arm-none-eabi/lib/thumb/v7e-m/fpv4-sp/hard\libc_nano.a(lib_a-memset.o)
                0x0002d8ce                memset
 *fill*         0x0002d8de        0x2 
 .text.printf   0x0002d8e0       0x30 c:/program files (x86)/gnu tools arm embedded/7 2018-q2-update/bin/../lib/gcc/arm-none-eabi/7.3.1/../../../../arm-none-eabi/lib/thumb/v7e-m/fpv4-sp/hard\libc_nano.a(lib_a-printf.o)
                0x0002d8e0                iprintf
                0x0002d8e0                printf
 .text.strcpy   0x0002d910       0x10 c:/program files (x86)/gnu tools arm embedded/7 2018-q2-update/bin/../lib/gcc/arm-none-eabi/7.3.1/../../../../arm-none-eabi/lib/thumb/v7e-m/fpv4-sp/hard\libc_nano.a(lib_a-strcpy.o)
                0x0002d910                strcpy
 .text          0x0002d920       0x10 c:/program files (x86)/gnu tools arm embedded/7 2018-q2-update/bin/../lib/gcc/arm-none-eabi/7.3.1/../../../../arm-none-eabi/lib/thumb/v7e-m/fpv4-sp/hard\libc_nano.a(lib_a-strlen.o)
                0x0002d920                strlen
 .text.__ascii_wctomb
                0x0002d930       0x1a c:/program files (x86)/gnu tools arm embedded/7 2018-q2-update/bin/../lib/gcc/arm-none-eabi/7.3.1/../../../../arm-none-eabi/lib/thumb/v7e-m/fpv4-sp/hard\libc_nano.a(lib_a-wctomb_r.o)
                0x0002d930                __ascii_wctomb
 *fill*         0x0002d94a        0x2 
 .text.std      0x0002d94c       0x48 c:/program files (x86)/gnu tools arm embedded/7 2018-q2-update/bin/../lib/gcc/arm-none-eabi/7.3.1/../../../../arm-none-eabi/lib/thumb/v7e-m/fpv4-sp/hard\libc_nano.a(lib_a-findfp.o)
 .text._cleanup_r
                0x0002d994        0xc c:/program files (x86)/gnu tools arm embedded/7 2018-q2-update/bin/../lib/gcc/arm-none-eabi/7.3.1/../../../../arm-none-eabi/lib/thumb/v7e-m/fpv4-sp/hard\libc_nano.a(lib_a-findfp.o)
                0x0002d994                _cleanup_r
 .text.__sfmoreglue
                0x0002d9a0       0x2c c:/program files (x86)/gnu tools arm embedded/7 2018-q2-update/bin/../lib/gcc/arm-none-eabi/7.3.1/../../../../arm-none-eabi/lib/thumb/v7e-m/fpv4-sp/hard\libc_nano.a(lib_a-findfp.o)
                0x0002d9a0                __sfmoreglue
 .text.__sinit  0x0002d9cc       0x60 c:/program files (x86)/gnu tools arm embedded/7 2018-q2-update/bin/../lib/gcc/arm-none-eabi/7.3.1/../../../../arm-none-eabi/lib/thumb/v7e-m/fpv4-sp/hard\libc_nano.a(lib_a-findfp.o)
                0x0002d9cc                __sinit
 .text.__sfp    0x0002da2c       0x78 c:/program files (x86)/gnu tools arm embedded/7 2018-q2-update/bin/../lib/gcc/arm-none-eabi/7.3.1/../../../../arm-none-eabi/lib/thumb/v7e-m/fpv4-sp/hard\libc_nano.a(lib_a-findfp.o)
                0x0002da2c                __sfp
 .text._fwalk_reent
                0x0002daa4       0x3c c:/program files (x86)/gnu tools arm embedded/7 2018-q2-update/bin/../lib/gcc/arm-none-eabi/7.3.1/../../../../arm-none-eabi/lib/thumb/v7e-m/fpv4-sp/hard\libc_nano.a(lib_a-fwalk.o)
                0x0002daa4                _fwalk_reent
 .text._malloc_r
                0x0002dae0       0xb4 c:/program files (x86)/gnu tools arm embedded/7 2018-q2-update/bin/../lib/gcc/arm-none-eabi/7.3.1/../../../../arm-none-eabi/lib/thumb/v7e-m/fpv4-sp/hard\libc_nano.a(lib_a-nano-mallocr.o)
                0x0002dae0                _malloc_r
 .text.__sfputc_r
                0x0002db94       0x2e c:/program files (x86)/gnu tools arm embedded/7 2018-q2-update/bin/../lib/gcc/arm-none-eabi/7.3.1/../../../../arm-none-eabi/lib/thumb/v7e-m/fpv4-sp/hard\libc_nano.a(lib_a-nano-vfprintf.o)
 .text.__sfputs_r
                0x0002dbc2       0x24 c:/program files (x86)/gnu tools arm embedded/7 2018-q2-update/bin/../lib/gcc/arm-none-eabi/7.3.1/../../../../arm-none-eabi/lib/thumb/v7e-m/fpv4-sp/hard\libc_nano.a(lib_a-nano-vfprintf.o)
                0x0002dbc2                __sfputs_r
 *fill*         0x0002dbe6        0x2 
 .text._vfprintf_r
                0x0002dbe8      0x22c c:/program files (x86)/gnu tools arm embedded/7 2018-q2-update/bin/../lib/gcc/arm-none-eabi/7.3.1/../../../../arm-none-eabi/lib/thumb/v7e-m/fpv4-sp/hard\libc_nano.a(lib_a-nano-vfprintf.o)
                0x0002dbe8                _vfprintf_r
                0x0002dbe8                _vfiprintf_r
 .text._printf_common
                0x0002de14       0xea c:/program files (x86)/gnu tools arm embedded/7 2018-q2-update/bin/../lib/gcc/arm-none-eabi/7.3.1/../../../../arm-none-eabi/lib/thumb/v7e-m/fpv4-sp/hard\libc_nano.a(lib_a-nano-vfprintf_i.o)
                0x0002de14                _printf_common
 *fill*         0x0002defe        0x2 
 .text._printf_i
                0x0002df00      0x224 c:/program files (x86)/gnu tools arm embedded/7 2018-q2-update/bin/../lib/gcc/arm-none-eabi/7.3.1/../../../../arm-none-eabi/lib/thumb/v7e-m/fpv4-sp/hard\libc_nano.a(lib_a-nano-vfprintf_i.o)
                0x0002df00                _printf_i
 .text._sbrk_r  0x0002e124       0x20 c:/program files (x86)/gnu tools arm embedded/7 2018-q2-update/bin/../lib/gcc/arm-none-eabi/7.3.1/../../../../arm-none-eabi/lib/thumb/v7e-m/fpv4-sp/hard\libc_nano.a(lib_a-sbrkr.o)
                0x0002e124                _sbrk_r
 .text.__sread  0x0002e144       0x22 c:/program files (x86)/gnu tools arm embedded/7 2018-q2-update/bin/../lib/gcc/arm-none-eabi/7.3.1/../../../../arm-none-eabi/lib/thumb/v7e-m/fpv4-sp/hard\libc_nano.a(lib_a-stdio.o)
                0x0002e144                __sread
 .text.__swrite
                0x0002e166       0x38 c:/program files (x86)/gnu tools arm embedded/7 2018-q2-update/bin/../lib/gcc/arm-none-eabi/7.3.1/../../../../arm-none-eabi/lib/thumb/v7e-m/fpv4-sp/hard\libc_nano.a(lib_a-stdio.o)
                0x0002e166                __swrite
 .text.__sseek  0x0002e19e       0x24 c:/program files (x86)/gnu tools arm embedded/7 2018-q2-update/bin/../lib/gcc/arm-none-eabi/7.3.1/../../../../arm-none-eabi/lib/thumb/v7e-m/fpv4-sp/hard\libc_nano.a(lib_a-stdio.o)
                0x0002e19e                __sseek
 .text.__sclose
                0x0002e1c2        0x8 c:/program files (x86)/gnu tools arm embedded/7 2018-q2-update/bin/../lib/gcc/arm-none-eabi/7.3.1/../../../../arm-none-eabi/lib/thumb/v7e-m/fpv4-sp/hard\libc_nano.a(lib_a-stdio.o)
                0x0002e1c2                __sclose
 *fill*         0x0002e1ca        0x2 
 .text.__swbuf_r
                0x0002e1cc       0xa4 c:/program files (x86)/gnu tools arm embedded/7 2018-q2-update/bin/../lib/gcc/arm-none-eabi/7.3.1/../../../../arm-none-eabi/lib/thumb/v7e-m/fpv4-sp/hard\libc_nano.a(lib_a-wbuf.o)
                0x0002e1cc                __swbuf_r
 .text._write_r
                0x0002e270       0x24 c:/program files (x86)/gnu tools arm embedded/7 2018-q2-update/bin/../lib/gcc/arm-none-eabi/7.3.1/../../../../arm-none-eabi/lib/thumb/v7e-m/fpv4-sp/hard\libc_nano.a(lib_a-writer.o)
                0x0002e270                _write_r
 .text.__swsetup_r
                0x0002e294       0xdc c:/program files (x86)/gnu tools arm embedded/7 2018-q2-update/bin/../lib/gcc/arm-none-eabi/7.3.1/../../../../arm-none-eabi/lib/thumb/v7e-m/fpv4-sp/hard\libc_nano.a(lib_a-wsetup.o)
                0x0002e294                __swsetup_r
 .text._close_r
                0x0002e370       0x20 c:/program files (x86)/gnu tools arm embedded/7 2018-q2-update/bin/../lib/gcc/arm-none-eabi/7.3.1/../../../../arm-none-eabi/lib/thumb/v7e-m/fpv4-sp/hard\libc_nano.a(lib_a-closer.o)
                0x0002e370                _close_r
 .text.__sflush_r
                0x0002e390      0x10c c:/program files (x86)/gnu tools arm embedded/7 2018-q2-update/bin/../lib/gcc/arm-none-eabi/7.3.1/../../../../arm-none-eabi/lib/thumb/v7e-m/fpv4-sp/hard\libc_nano.a(lib_a-fflush.o)
                0x0002e390                __sflush_r
 .text._fflush_r
                0x0002e49c       0x54 c:/program files (x86)/gnu tools arm embedded/7 2018-q2-update/bin/../lib/gcc/arm-none-eabi/7.3.1/../../../../arm-none-eabi/lib/thumb/v7e-m/fpv4-sp/hard\libc_nano.a(lib_a-fflush.o)
                0x0002e49c                _fflush_r
 .text._lseek_r
                0x0002e4f0       0x24 c:/program files (x86)/gnu tools arm embedded/7 2018-q2-update/bin/../lib/gcc/arm-none-eabi/7.3.1/../../../../arm-none-eabi/lib/thumb/v7e-m/fpv4-sp/hard\libc_nano.a(lib_a-lseekr.o)
                0x0002e4f0                _lseek_r
 .text.__swhatbuf_r
                0x0002e514       0x48 c:/program files (x86)/gnu tools arm embedded/7 2018-q2-update/bin/../lib/gcc/arm-none-eabi/7.3.1/../../../../arm-none-eabi/lib/thumb/v7e-m/fpv4-sp/hard\libc_nano.a(lib_a-makebuf.o)
                0x0002e514                __swhatbuf_r
 .text.__smakebuf_r
                0x0002e55c       0x80 c:/program files (x86)/gnu tools arm embedded/7 2018-q2-update/bin/../lib/gcc/arm-none-eabi/7.3.1/../../../../arm-none-eabi/lib/thumb/v7e-m/fpv4-sp/hard\libc_nano.a(lib_a-makebuf.o)
                0x0002e55c                __smakebuf_r
 *fill*         0x0002e5dc        0x4 
 .text          0x0002e5e0       0xa0 c:/program files (x86)/gnu tools arm embedded/7 2018-q2-update/bin/../lib/gcc/arm-none-eabi/7.3.1/../../../../arm-none-eabi/lib/thumb/v7e-m/fpv4-sp/hard\libc_nano.a(lib_a-memchr.o)
                0x0002e5e0                memchr
 .text.__malloc_lock
                0x0002e680        0x2 c:/program files (x86)/gnu tools arm embedded/7 2018-q2-update/bin/../lib/gcc/arm-none-eabi/7.3.1/../../../../arm-none-eabi/lib/thumb/v7e-m/fpv4-sp/hard\libc_nano.a(lib_a-mlock.o)
                0x0002e680                __malloc_lock
 .text.__malloc_unlock
                0x0002e682        0x2 c:/program files (x86)/gnu tools arm embedded/7 2018-q2-update/bin/../lib/gcc/arm-none-eabi/7.3.1/../../../../arm-none-eabi/lib/thumb/v7e-m/fpv4-sp/hard\libc_nano.a(lib_a-mlock.o)
                0x0002e682                __malloc_unlock
 .text._free_r  0x0002e684       0x9c c:/program files (x86)/gnu tools arm embedded/7 2018-q2-update/bin/../lib/gcc/arm-none-eabi/7.3.1/../../../../arm-none-eabi/lib/thumb/v7e-m/fpv4-sp/hard\libc_nano.a(lib_a-nano-freer.o)
                0x0002e684                _free_r
 .text._read_r  0x0002e720       0x24 c:/program files (x86)/gnu tools arm embedded/7 2018-q2-update/bin/../lib/gcc/arm-none-eabi/7.3.1/../../../../arm-none-eabi/lib/thumb/v7e-m/fpv4-sp/hard\libc_nano.a(lib_a-readr.o)
                0x0002e720                _read_r
 .text._fstat_r
                0x0002e744       0x24 c:/program files (x86)/gnu tools arm embedded/7 2018-q2-update/bin/../lib/gcc/arm-none-eabi/7.3.1/../../../../arm-none-eabi/lib/thumb/v7e-m/fpv4-sp/hard\libc_nano.a(lib_a-fstatr.o)
                0x0002e744                _fstat_r
 .text._isatty_r
                0x0002e768       0x20 c:/program files (x86)/gnu tools arm embedded/7 2018-q2-update/bin/../lib/gcc/arm-none-eabi/7.3.1/../../../../arm-none-eabi/lib/thumb/v7e-m/fpv4-sp/hard\libc_nano.a(lib_a-isattyr.o)
                0x0002e768                _isatty_r
 .text._close   0x0002e788       0x10 c:/program files (x86)/gnu tools arm embedded/7 2018-q2-update/bin/../lib/gcc/arm-none-eabi/7.3.1/../../../../arm-none-eabi/lib/thumb/v7e-m/fpv4-sp/hard\libnosys.a(close.o)
                0x0002e788                _close
 .text._fstat   0x0002e798       0x10 c:/program files (x86)/gnu tools arm embedded/7 2018-q2-update/bin/../lib/gcc/arm-none-eabi/7.3.1/../../../../arm-none-eabi/lib/thumb/v7e-m/fpv4-sp/hard\libnosys.a(fstat.o)
                0x0002e798                _fstat
 .text._isatty  0x0002e7a8       0x10 c:/program files (x86)/gnu tools arm embedded/7 2018-q2-update/bin/../lib/gcc/arm-none-eabi/7.3.1/../../../../arm-none-eabi/lib/thumb/v7e-m/fpv4-sp/hard\libnosys.a(isatty.o)
                0x0002e7a8                _isatty
 .text._lseek   0x0002e7b8       0x10 c:/program files (x86)/gnu tools arm embedded/7 2018-q2-update/bin/../lib/gcc/arm-none-eabi/7.3.1/../../../../arm-none-eabi/lib/thumb/v7e-m/fpv4-sp/hard\libnosys.a(lseek.o)
                0x0002e7b8                _lseek
 .text._sbrk    0x0002e7c8       0x1c c:/program files (x86)/gnu tools arm embedded/7 2018-q2-update/bin/../lib/gcc/arm-none-eabi/7.3.1/../../../../arm-none-eabi/lib/thumb/v7e-m/fpv4-sp/hard\libnosys.a(sbrk.o)
                0x0002e7c8                _sbrk
 .text._exit    0x0002e7e4        0x4 c:/program files (x86)/gnu tools arm embedded/7 2018-q2-update/bin/../lib/gcc/arm-none-eabi/7.3.1/../../../../arm-none-eabi/lib/thumb/v7e-m/fpv4-sp/hard\libnosys.a(_exit.o)
                0x0002e7e4                _exit
 .text          0x0002e7e8       0x30 c:/program files (x86)/gnu tools arm embedded/7 2018-q2-update/bin/../lib/gcc/arm-none-eabi/7.3.1/thumb/v7e-m/fpv4-sp/hard\libgcc.a(_aeabi_uldivmod.o)
                0x0002e7e8                __aeabi_uldivmod
 .text          0x0002e818      0x2cc c:/program files (x86)/gnu tools arm embedded/7 2018-q2-update/bin/../lib/gcc/arm-none-eabi/7.3.1/thumb/v7e-m/fpv4-sp/hard\libgcc.a(_udivmoddi4.o)
                0x0002e818                __udivmoddi4
 .text          0x0002eae4        0x4 c:/program files (x86)/gnu tools arm embedded/7 2018-q2-update/bin/../lib/gcc/arm-none-eabi/7.3.1/thumb/v7e-m/fpv4-sp/hard\libgcc.a(_dvmd_tls.o)
                0x0002eae4                __aeabi_idiv0
                0x0002eae4                __aeabi_ldiv0
 *(.init)
 .init          0x0002eae8        0x4 c:/program files (x86)/gnu tools arm embedded/7 2018-q2-update/bin/../lib/gcc/arm-none-eabi/7.3.1/thumb/v7e-m/fpv4-sp/hard/crti.o
                0x0002eae8                _init
 .init          0x0002eaec        0x8 c:/program files (x86)/gnu tools arm embedded/7 2018-q2-update/bin/../lib/gcc/arm-none-eabi/7.3.1/thumb/v7e-m/fpv4-sp/hard/crtn.o
 *(.fini)
 .fini          0x0002eaf4        0x4 c:/program files (x86)/gnu tools arm embedded/7 2018-q2-update/bin/../lib/gcc/arm-none-eabi/7.3.1/thumb/v7e-m/fpv4-sp/hard/crti.o
                0x0002eaf4                _fini
 .fini          0x0002eaf8        0x8 c:/program files (x86)/gnu tools arm embedded/7 2018-q2-update/bin/../lib/gcc/arm-none-eabi/7.3.1/thumb/v7e-m/fpv4-sp/hard/crtn.o
 *crtbegin.o(.ctors)
 *crtbegin?.o(.ctors)
 *(EXCLUDE_FILE(*crtend.o *crtend?.o) .ctors)
 *(SORT_BY_NAME(.ctors.*))
 *(.ctors)
 *crtbegin.o(.dtors)
 *crtbegin?.o(.dtors)
 *(EXCLUDE_FILE(*crtend.o *crtend?.o) .dtors)
 *(SORT_BY_NAME(.dtors.*))
 *(.dtors)
 *(.rodata*)
 .rodata.delay_machine_code.9021
                0x0002eb00        0x6 _build/nrf52832_xxaa/nrf_log_backend_rtt.c.o
 *fill*         0x0002eb06        0x2 
 .rodata.nrf_log_backend_rtt_api
                0x0002eb08        0xc _build/nrf52832_xxaa/nrf_log_backend_rtt.c.o
                0x0002eb08                nrf_log_backend_rtt_api
 .rodata.str1.4
                0x0002eb14       0x10 _build/nrf52832_xxaa/nrf_log_default_backends.c.o
 .rodata.m_log_push_ringbuf
                0x0002eb24        0xc _build/nrf52832_xxaa/nrf_log_frontend.c.o
 .rodata.nrf_log_frontend_dequeue.part.6.str1.4
                0x0002eb30       0x11 _build/nrf52832_xxaa/nrf_log_frontend.c.o
 *fill*         0x0002eb41        0x3 
 .rodata.str1.4
                0x0002eb44        0x4 _build/nrf52832_xxaa/nrf_log_frontend.c.o
 .rodata.m_colors
                0x0002eb48       0x24 _build/nrf52832_xxaa/nrf_log_str_formatter.c.o
 .rodata.nrf_log_hexdump_entry_process.str1.4
                0x0002eb6c       0x13 _build/nrf52832_xxaa/nrf_log_str_formatter.c.o
                                 0x16 (size before relaxing)
 *fill*         0x0002eb7f        0x1 
 .rodata.nrf_log_std_entry_process.str1.4
                0x0002eb80       0x3b _build/nrf52832_xxaa/nrf_log_str_formatter.c.o
 *fill*         0x0002ebbb        0x1 
 .rodata.severity_names
                0x0002ebbc       0x14 _build/nrf52832_xxaa/nrf_log_str_formatter.c.o
 .rodata.str1.4
                0x0002ebd0       0x56 _build/nrf52832_xxaa/nrf_log_str_formatter.c.o
 *fill*         0x0002ec26        0x2 
 .rodata.m_detection_delay_timer_id
                0x0002ec28        0x4 _build/nrf52832_xxaa/app_button.c.o
 .rodata.str1.4
                0x0002ec2c        0xb _build/nrf52832_xxaa/app_button.c.o
 *fill*         0x0002ec37        0x1 
 .rodata.app_error_fault_handler.str1.4
                0x0002ec38       0x19 _build/nrf52832_xxaa/app_error_weak.c.o
 *fill*         0x0002ec51        0x3 
 .rodata        0x0002ec54        0x4 _build/nrf52832_xxaa/app_timer2.c.o
 .rodata.m_app_timer_sortlist
                0x0002ec58        0xc _build/nrf52832_xxaa/app_timer2.c.o
 .rodata.str1.4
                0x0002ec64        0xa _build/nrf52832_xxaa/app_timer2.c.o
 *fill*         0x0002ec6e        0x2 
 .rodata        0x0002ec70       0x20 _build/nrf52832_xxaa/app_uart_fifo.c.o
 .rodata.delay_machine_code.8345
                0x0002ec90        0x6 _build/nrf52832_xxaa/drv_rtc.c.o
 *fill*         0x0002ec96        0x2 
 .rodata.drv_rtc_init.str1.4
                0x0002ec98       0x36 _build/nrf52832_xxaa/drv_rtc.c.o
 *fill*         0x0002ecce        0x2 
 .rodata._aV2C.7442
                0x0002ecd0       0x10 _build/nrf52832_xxaa/nrf_fprintf_format.c.o
 .rodata.pwr_mgmt_data
                0x0002ece0        0xc _build/nrf52832_xxaa/nrf_pwr_mgmt.c.o
 .rodata.str1.4
                0x0002ecec        0x9 _build/nrf52832_xxaa/nrf_pwr_mgmt.c.o
 *fill*         0x0002ecf5        0x3 
 .rodata.str1.4
                0x0002ecf8        0x9 _build/nrf52832_xxaa/nrf_sortlist.c.o
 *fill*         0x0002ed01        0x3 
 .rodata.m_unknown_str
                0x0002ed04       0x13 _build/nrf52832_xxaa/nrf_strerror.c.o
 *fill*         0x0002ed17        0x1 
 .rodata.nrf_strerror_array
                0x0002ed18      0x128 _build/nrf52832_xxaa/nrf_strerror.c.o
 .rodata.str1.4
                0x0002ee40      0x3e9 _build/nrf52832_xxaa/nrf_strerror.c.o
 *fill*         0x0002f229        0x3 
 .rodata.m_board_btn_list
                0x0002f22c        0x4 _build/nrf52832_xxaa/boards.c.o
 .rodata.m_board_led_list
                0x0002f230        0x4 _build/nrf52832_xxaa/boards.c.o
 .rodata.str1.4
                0x0002f234        0x6 _build/nrf52832_xxaa/nrf_drv_clock.c.o
 *fill*         0x0002f23a        0x2 
 .rodata.str1.4
                0x0002f23c        0x6 _build/nrf52832_xxaa/nrfx_clock.c.o
 *fill*         0x0002f242        0x2 
 .rodata.str1.4
                0x0002f244        0x7 _build/nrf52832_xxaa/nrfx_gpiote.c.o
 *fill*         0x0002f24b        0x1 
 .rodata.str1.4
                0x0002f24c        0x4 _build/nrf52832_xxaa/nrfx_prs.c.o
 .rodata.str1.4
                0x0002f250        0x5 _build/nrf52832_xxaa/nrfx_uart.c.o
 *fill*         0x0002f255        0x3 
 .rodata.str1.4
                0x0002f258        0x6 _build/nrf52832_xxaa/nrfx_uarte.c.o
 *fill*         0x0002f25e        0x2 
 .rodata.app_buttons
                0x0002f260       0x20 _build/nrf52832_xxaa/bsp.c.o
 .rodata.m_bsp_alert_tmr
                0x0002f280        0x4 _build/nrf52832_xxaa/bsp.c.o
 .rodata.m_bsp_button_tmr
                0x0002f284        0x4 _build/nrf52832_xxaa/bsp.c.o
 .rodata.m_bsp_leds_tmr
                0x0002f288        0x4 _build/nrf52832_xxaa/bsp.c.o
 .rodata        0x0002f28c       0x18 _build/nrf52832_xxaa/main.c.o
 .rodata.ble_evt_handler.str1.4
                0x0002f2a4       0x19 _build/nrf52832_xxaa/main.c.o
 *fill*         0x0002f2bd        0x3 
 .rodata.gatt_evt_handler.str1.4
                0x0002f2c0       0x1c _build/nrf52832_xxaa/main.c.o
 .rodata.main.str1.4
                0x0002f2dc       0x49 _build/nrf52832_xxaa/main.c.o
 *fill*         0x0002f325        0x3 
 .rodata.nus_data_handler.str1.4
                0x0002f328       0x2b _build/nrf52832_xxaa/main.c.o
 *fill*         0x0002f353        0x1 
 .rodata.SEGGER_RTT_ReadNoLock.str1.4
                0x0002f354       0x17 _build/nrf52832_xxaa/SEGGER_RTT.c.o
 *fill*         0x0002f36b        0x1 
 .rodata.nrf_ble_gatt_data_length_set.str1.4
                0x0002f36c       0xe2 _build/nrf52832_xxaa/nrf_ble_gatt.c.o
 *fill*         0x0002f44e        0x2 
 .rodata.nrf_ble_gatt_on_ble_evt.str1.4
                0x0002f450       0x63 _build/nrf52832_xxaa/nrf_ble_gatt.c.o
 *fill*         0x0002f4b3        0x1 
 .rodata.str1.4
                0x0002f4b4        0xd _build/nrf52832_xxaa/nrf_ble_gatt.c.o
 *fill*         0x0002f4c1        0x3 
 .rodata        0x0002f4c4       0x10 _build/nrf52832_xxaa/ble_nus.c.o
 .rodata.str1.4
                0x0002f4d4        0x8 _build/nrf52832_xxaa/ble_nus.c.o
 .rodata        0x0002f4dc        0x4 _build/nrf52832_xxaa/nrf_sdh.c.o
 .rodata.sdh_req_observers
                0x0002f4e0        0xc _build/nrf52832_xxaa/nrf_sdh.c.o
 .rodata.sdh_stack_observers
                0x0002f4ec        0xc _build/nrf52832_xxaa/nrf_sdh.c.o
 .rodata.sdh_state_observers
                0x0002f4f8        0xc _build/nrf52832_xxaa/nrf_sdh.c.o
 .rodata.str1.4
                0x0002f504        0x8 _build/nrf52832_xxaa/nrf_sdh.c.o
 .rodata.nrf_sdh_ble_default_cfg_set.str1.4
                0x0002f50c      0x1cf _build/nrf52832_xxaa/nrf_sdh_ble.c.o
 *fill*         0x0002f6db        0x1 
 .rodata.nrf_sdh_ble_enable.str1.4
                0x0002f6dc       0xad _build/nrf52832_xxaa/nrf_sdh_ble.c.o
 *fill*         0x0002f789        0x3 
 .rodata.sdh_ble_observers
                0x0002f78c        0xc _build/nrf52832_xxaa/nrf_sdh_ble.c.o
 .rodata.str1.4
                0x0002f798        0xc _build/nrf52832_xxaa/nrf_sdh_ble.c.o
 .rodata.sdh_soc_observers
                0x0002f7a4        0xc _build/nrf52832_xxaa/nrf_sdh_soc.c.o
 .rodata.str1.4
                0x0002f7b0        0xc _build/nrf52832_xxaa/nrf_sdh_soc.c.o
 .rodata._global_impure_ptr
                0x0002f7bc        0x4 c:/program files (x86)/gnu tools arm embedded/7 2018-q2-update/bin/../lib/gcc/arm-none-eabi/7.3.1/../../../../arm-none-eabi/lib/thumb/v7e-m/fpv4-sp/hard\libc_nano.a(lib_a-impure.o)
                0x0002f7bc                _global_impure_ptr
 .rodata._setlocale_r.str1.1
                0x0002f7c0        0x8 c:/program files (x86)/gnu tools arm embedded/7 2018-q2-update/bin/../lib/gcc/arm-none-eabi/7.3.1/../../../../arm-none-eabi/lib/thumb/v7e-m/fpv4-sp/hard\libc_nano.a(lib_a-locale.o)
                                  0x9 (size before relaxing)
 .rodata.str1.1
                0x0002f7c8        0x2 c:/program files (x86)/gnu tools arm embedded/7 2018-q2-update/bin/../lib/gcc/arm-none-eabi/7.3.1/../../../../arm-none-eabi/lib/thumb/v7e-m/fpv4-sp/hard\libc_nano.a(lib_a-locale.o)
 .rodata._ctype_
                0x0002f7ca      0x101 c:/program files (x86)/gnu tools arm embedded/7 2018-q2-update/bin/../lib/gcc/arm-none-eabi/7.3.1/../../../../arm-none-eabi/lib/thumb/v7e-m/fpv4-sp/hard\libc_nano.a(lib_a-ctype_.o)
                0x0002f7ca                _ctype_
 *fill*         0x0002f8cb        0x1 
 .rodata.__sf_fake_stderr
                0x0002f8cc       0x20 c:/program files (x86)/gnu tools arm embedded/7 2018-q2-update/bin/../lib/gcc/arm-none-eabi/7.3.1/../../../../arm-none-eabi/lib/thumb/v7e-m/fpv4-sp/hard\libc_nano.a(lib_a-findfp.o)
                0x0002f8cc                __sf_fake_stderr
 .rodata.__sf_fake_stdin
                0x0002f8ec       0x20 c:/program files (x86)/gnu tools arm embedded/7 2018-q2-update/bin/../lib/gcc/arm-none-eabi/7.3.1/../../../../arm-none-eabi/lib/thumb/v7e-m/fpv4-sp/hard\libc_nano.a(lib_a-findfp.o)
                0x0002f8ec                __sf_fake_stdin
 .rodata.__sf_fake_stdout
                0x0002f90c       0x20 c:/program files (x86)/gnu tools arm embedded/7 2018-q2-update/bin/../lib/gcc/arm-none-eabi/7.3.1/../../../../arm-none-eabi/lib/thumb/v7e-m/fpv4-sp/hard\libc_nano.a(lib_a-findfp.o)
                0x0002f90c                __sf_fake_stdout
 .rodata._vfprintf_r.str1.1
                0x0002f92c       0x11 c:/program files (x86)/gnu tools arm embedded/7 2018-q2-update/bin/../lib/gcc/arm-none-eabi/7.3.1/../../../../arm-none-eabi/lib/thumb/v7e-m/fpv4-sp/hard\libc_nano.a(lib_a-nano-vfprintf.o)
 .rodata._printf_i.str1.1
                0x0002f93d       0x22 c:/program files (x86)/gnu tools arm embedded/7 2018-q2-update/bin/../lib/gcc/arm-none-eabi/7.3.1/../../../../arm-none-eabi/lib/thumb/v7e-m/fpv4-sp/hard\libc_nano.a(lib_a-nano-vfprintf_i.o)
 *(.eh_frame*)
 *fill*         0x0002f95f        0x1 
 .eh_frame      0x0002f960        0x0 c:/program files (x86)/gnu tools arm embedded/7 2018-q2-update/bin/../lib/gcc/arm-none-eabi/7.3.1/thumb/v7e-m/fpv4-sp/hard/crtbegin.o
 .eh_frame      0x0002f960        0x4 c:/program files (x86)/gnu tools arm embedded/7 2018-q2-update/bin/../lib/gcc/arm-none-eabi/7.3.1/thumb/v7e-m/fpv4-sp/hard/crtend.o

.glue_7         0x0002f964        0x0
 .glue_7        0x0002f964        0x0 linker stubs

.glue_7t        0x0002f964        0x0
 .glue_7t       0x0002f964        0x0 linker stubs

.vfp11_veneer   0x0002f964        0x0
 .vfp11_veneer  0x0002f964        0x0 linker stubs

.v4_bx          0x0002f964        0x0
 .v4_bx         0x0002f964        0x0 linker stubs

.iplt           0x0002f964        0x0
 .iplt          0x0002f964        0x0 c:/program files (x86)/gnu tools arm embedded/7 2018-q2-update/bin/../lib/gcc/arm-none-eabi/7.3.1/thumb/v7e-m/fpv4-sp/hard/crtbegin.o

.mem_section_dummy_rom

.sdh_soc_observers
                0x0002f964        0x8
                0x0002f964                PROVIDE (__start_sdh_soc_observers = .)
 *(SORT_BY_NAME(.sdh_soc_observers*))
 .sdh_soc_observers0
                0x0002f964        0x8 _build/nrf52832_xxaa/nrf_drv_clock.c.o
                0x0002f96c                PROVIDE (__stop_sdh_soc_observers = .)

.sdh_ble_observers
                0x0002f96c       0x40
                0x0002f96c                PROVIDE (__start_sdh_ble_observers = .)
 *(SORT_BY_NAME(.sdh_ble_observers*))
 .sdh_ble_observers0
                0x0002f96c        0x8 _build/nrf52832_xxaa/ble_conn_state.c.o
 .sdh_ble_observers1
                0x0002f974        0x8 _build/nrf52832_xxaa/bsp_btn_ble.c.o
 .sdh_ble_observers1
                0x0002f97c       0x10 _build/nrf52832_xxaa/main.c.o
 .sdh_ble_observers1
                0x0002f98c        0x8 _build/nrf52832_xxaa/ble_conn_params.c.o
 .sdh_ble_observers2
                0x0002f994       0x10 _build/nrf52832_xxaa/main.c.o
 .sdh_ble_observers3
                0x0002f9a4        0x8 _build/nrf52832_xxaa/main.c.o
                0x0002f9ac                PROVIDE (__stop_sdh_ble_observers = .)

.pwr_mgmt_data  0x0002f9ac        0x0
                0x0002f9ac                PROVIDE (__start_pwr_mgmt_data = .)
 *(SORT_BY_NAME(.pwr_mgmt_data*))
                0x0002f9ac                PROVIDE (__stop_pwr_mgmt_data = .)

.sdh_state_observers
                0x0002f9ac        0x8
                0x0002f9ac                PROVIDE (__start_sdh_state_observers = .)
 *(SORT_BY_NAME(.sdh_state_observers*))
 .sdh_state_observers0
                0x0002f9ac        0x8 _build/nrf52832_xxaa/nrf_drv_clock.c.o
                0x0002f9b4                PROVIDE (__stop_sdh_state_observers = .)

.sdh_stack_observers
                0x0002f9b4       0x10
                0x0002f9b4                PROVIDE (__start_sdh_stack_observers = .)
 *(SORT_BY_NAME(.sdh_stack_observers*))
 .sdh_stack_observers0
                0x0002f9b4        0x8 _build/nrf52832_xxaa/nrf_sdh_ble.c.o
 .sdh_stack_observers0
                0x0002f9bc        0x8 _build/nrf52832_xxaa/nrf_sdh_soc.c.o
                0x0002f9c4                PROVIDE (__stop_sdh_stack_observers = .)

.sdh_req_observers
                0x0002f9c4        0x0
                0x0002f9c4                PROVIDE (__start_sdh_req_observers = .)
 *(SORT_BY_NAME(.sdh_req_observers*))
                0x0002f9c4                PROVIDE (__stop_sdh_req_observers = .)

.nrf_queue      0x0002f9c4        0x0
                [!provide]                PROVIDE (__start_nrf_queue = .)
 *(.nrf_queue)
                [!provide]                PROVIDE (__stop_nrf_queue = .)

.nrf_balloc     0x0002f9c4       0x14
                [!provide]                PROVIDE (__start_nrf_balloc = .)
 *(.nrf_balloc)
 .nrf_balloc    0x0002f9c4       0x14 _build/nrf52832_xxaa/nrf_log_frontend.c.o
                0x0002f9c4                log_mempool
                [!provide]                PROVIDE (__stop_nrf_balloc = .)

.cli_command    0x0002f9d8        0x0
                [!provide]                PROVIDE (__start_cli_command = .)
 *(.cli_command)
                [!provide]                PROVIDE (__stop_cli_command = .)

.crypto_data    0x0002f9d8        0x0
                [!provide]                PROVIDE (__start_crypto_data = .)
 *(SORT_BY_NAME(.crypto_data*))
                [!provide]                PROVIDE (__stop_crypto_data = .)

.log_const_data
                0x0002f9d8       0x80
                0x0002f9d8                PROVIDE (__start_log_const_data = .)
 *(SORT_BY_NAME(.log_const_data*))
 .log_const_data_CLOCK
                0x0002f9d8        0x8 _build/nrf52832_xxaa/nrfx_clock.c.o
                0x0002f9d8                m_nrf_log_CLOCK_logs_data_const
 .log_const_data_GPIOTE
                0x0002f9e0        0x8 _build/nrf52832_xxaa/nrfx_gpiote.c.o
                0x0002f9e0                m_nrf_log_GPIOTE_logs_data_const
 .log_const_data_PRS
                0x0002f9e8        0x8 _build/nrf52832_xxaa/nrfx_prs.c.o
                0x0002f9e8                m_nrf_log_PRS_logs_data_const
 .log_const_data_UART
                0x0002f9f0        0x8 _build/nrf52832_xxaa/nrfx_uart.c.o
                0x0002f9f0                m_nrf_log_UART_logs_data_const
 .log_const_data_UARTE
                0x0002f9f8        0x8 _build/nrf52832_xxaa/nrfx_uarte.c.o
                0x0002f9f8                m_nrf_log_UARTE_logs_data_const
 .log_const_data_app
                0x0002fa00        0x8 _build/nrf52832_xxaa/nrf_log_frontend.c.o
                0x0002fa00                m_nrf_log_app_logs_data_const
 .log_const_data_app_button
                0x0002fa08        0x8 _build/nrf52832_xxaa/app_button.c.o
                0x0002fa08                m_nrf_log_app_button_logs_data_const
 .log_const_data_app_timer
                0x0002fa10        0x8 _build/nrf52832_xxaa/app_timer2.c.o
                0x0002fa10                m_nrf_log_app_timer_logs_data_const
 .log_const_data_ble_nus
                0x0002fa18        0x8 _build/nrf52832_xxaa/ble_nus.c.o
                0x0002fa18                m_nrf_log_ble_nus_logs_data_const
 .log_const_data_clock
                0x0002fa20        0x8 _build/nrf52832_xxaa/nrf_drv_clock.c.o
                0x0002fa20                m_nrf_log_clock_logs_data_const
 .log_const_data_nrf_ble_gatt
                0x0002fa28        0x8 _build/nrf52832_xxaa/nrf_ble_gatt.c.o
                0x0002fa28                m_nrf_log_nrf_ble_gatt_logs_data_const
 .log_const_data_nrf_sdh
                0x0002fa30        0x8 _build/nrf52832_xxaa/nrf_sdh.c.o
                0x0002fa30                m_nrf_log_nrf_sdh_logs_data_const
 .log_const_data_nrf_sdh_ble
                0x0002fa38        0x8 _build/nrf52832_xxaa/nrf_sdh_ble.c.o
                0x0002fa38                m_nrf_log_nrf_sdh_ble_logs_data_const
 .log_const_data_nrf_sdh_soc
                0x0002fa40        0x8 _build/nrf52832_xxaa/nrf_sdh_soc.c.o
                0x0002fa40                m_nrf_log_nrf_sdh_soc_logs_data_const
 .log_const_data_pwr_mgmt
                0x0002fa48        0x8 _build/nrf52832_xxaa/nrf_pwr_mgmt.c.o
                0x0002fa48                m_nrf_log_pwr_mgmt_logs_data_const
 .log_const_data_sortlist
                0x0002fa50        0x8 _build/nrf52832_xxaa/nrf_sortlist.c.o
                0x0002fa50                m_nrf_log_sortlist_logs_data_const
                0x0002fa58                PROVIDE (__stop_log_const_data = .)

.log_backends   0x0002fa58       0x10
                [!provide]                PROVIDE (__start_log_backends = .)
 *(SORT_BY_NAME(.log_backends*))
 .log_backends  0x0002fa58       0x10 _build/nrf52832_xxaa/nrf_log_default_backends.c.o
                [!provide]                PROVIDE (__stop_log_backends = .)

.ARM.extab
 *(.ARM.extab* .gnu.linkonce.armextab.*)
                0x0002fa68                __exidx_start = .

.ARM.exidx      0x0002fa68        0x8
 *(.ARM.exidx* .gnu.linkonce.armexidx.*)
 .ARM.exidx     0x0002fa68        0x8 c:/program files (x86)/gnu tools arm embedded/7 2018-q2-update/bin/../lib/gcc/arm-none-eabi/7.3.1/../../../../arm-none-eabi/lib/thumb/v7e-m/fpv4-sp/hard/crt0.o
 .ARM.exidx     0x0002fa70        0x0 c:/program files (x86)/gnu tools arm embedded/7 2018-q2-update/bin/../lib/gcc/arm-none-eabi/7.3.1/thumb/v7e-m/fpv4-sp/hard\libgcc.a(_udivmoddi4.o)
                                  0x8 (size before relaxing)
                0x0002fa70                __exidx_end = .
                0x0002fa70                __etext = .

.rel.dyn        0x0002fa70        0x0
 .rel.iplt      0x0002fa70        0x0 c:/program files (x86)/gnu tools arm embedded/7 2018-q2-update/bin/../lib/gcc/arm-none-eabi/7.3.1/thumb/v7e-m/fpv4-sp/hard/crtbegin.o

.data           0x20002ad8      0x22c load address 0x0002fa70
                0x20002ad8                __data_start__ = .
 *(vtable)
 *(.data*)
 .data.log_backend_cb_rtt_log_backend
                0x20002ad8        0x8 _build/nrf52832_xxaa/nrf_log_default_backends.c.o
 .data.m_rtc_inst
                0x20002ae0        0x8 _build/nrf52832_xxaa/app_timer2.c.o
 .data.app_uart_inst
                0x20002ae8       0x14 _build/nrf52832_xxaa/app_uart_fifo.c.o
 .data.SystemCoreClock
                0x20002afc        0x4 _build/nrf52832_xxaa/system_nrf52.c.o
                0x20002afc                SystemCoreClock
 .data.m_adv_uuids
                0x20002b00        0x4 _build/nrf52832_xxaa/main.c.o
 .data.m_conn_handle
                0x20002b04        0x2 _build/nrf52832_xxaa/main.c.o
 *fill*         0x20002b06        0x2 
 .data.m_nus    0x20002b08       0x1c _build/nrf52832_xxaa/main.c.o
 .data.m_nus_link_ctx_storage
                0x20002b24        0x8 _build/nrf52832_xxaa/main.c.o
 .data._impure_ptr
                0x20002b2c        0x4 c:/program files (x86)/gnu tools arm embedded/7 2018-q2-update/bin/../lib/gcc/arm-none-eabi/7.3.1/../../../../arm-none-eabi/lib/thumb/v7e-m/fpv4-sp/hard\libc_nano.a(lib_a-impure.o)
                0x20002b2c                _impure_ptr
 .data.impure_data
                0x20002b30       0x60 c:/program files (x86)/gnu tools arm embedded/7 2018-q2-update/bin/../lib/gcc/arm-none-eabi/7.3.1/../../../../arm-none-eabi/lib/thumb/v7e-m/fpv4-sp/hard\libc_nano.a(lib_a-impure.o)
 .data.__global_locale
                0x20002b90      0x16c c:/program files (x86)/gnu tools arm embedded/7 2018-q2-update/bin/../lib/gcc/arm-none-eabi/7.3.1/../../../../arm-none-eabi/lib/thumb/v7e-m/fpv4-sp/hard\libc_nano.a(lib_a-locale.o)
                0x20002b90                __global_locale
                0x20002cfc                . = ALIGN (0x4)
                0x20002cfc                PROVIDE (__preinit_array_start = .)
 *(.preinit_array)
                0x20002cfc                PROVIDE (__preinit_array_end = .)
                0x20002cfc                . = ALIGN (0x4)
                0x20002cfc                PROVIDE (__init_array_start = .)
 *(SORT_BY_NAME(.init_array.*))
 *(.init_array)
 .init_array    0x20002cfc        0x4 c:/program files (x86)/gnu tools arm embedded/7 2018-q2-update/bin/../lib/gcc/arm-none-eabi/7.3.1/thumb/v7e-m/fpv4-sp/hard/crtbegin.o
                0x20002d00                PROVIDE (__init_array_end = .)
                0x20002d00                . = ALIGN (0x4)
                [!provide]                PROVIDE (__fini_array_start = .)
 *(SORT_BY_NAME(.fini_array.*))
 *(.fini_array)
 .fini_array    0x20002d00        0x4 c:/program files (x86)/gnu tools arm embedded/7 2018-q2-update/bin/../lib/gcc/arm-none-eabi/7.3.1/thumb/v7e-m/fpv4-sp/hard/crtbegin.o
                [!provide]                PROVIDE (__fini_array_end = .)
 *(.jcr*)
                0x20002d04                . = ALIGN (0x4)
                0x20002d04                __data_end__ = .
LOAD c:/program files (x86)/gnu tools arm embedded/7 2018-q2-update/bin/../lib/gcc/arm-none-eabi/7.3.1/thumb/v7e-m/fpv4-sp/hard/crti.o
LOAD c:/program files (x86)/gnu tools arm embedded/7 2018-q2-update/bin/../lib/gcc/arm-none-eabi/7.3.1/thumb/v7e-m/fpv4-sp/hard/crtbegin.o
LOAD c:/program files (x86)/gnu tools arm embedded/7 2018-q2-update/bin/../lib/gcc/arm-none-eabi/7.3.1/../../../../arm-none-eabi/lib/thumb/v7e-m/fpv4-sp/hard/crt0.o
LOAD _build/nrf52832_xxaa/gcc_startup_nrf52.S.o
LOAD _build/nrf52832_xxaa/nrf_log_backend_rtt.c.o
LOAD _build/nrf52832_xxaa/nrf_log_backend_serial.c.o
LOAD _build/nrf52832_xxaa/nrf_log_default_backends.c.o
LOAD _build/nrf52832_xxaa/nrf_log_frontend.c.o
LOAD _build/nrf52832_xxaa/nrf_log_str_formatter.c.o
LOAD _build/nrf52832_xxaa/app_button.c.o
LOAD _build/nrf52832_xxaa/app_error.c.o
LOAD _build/nrf52832_xxaa/app_error_handler_gcc.c.o
LOAD _build/nrf52832_xxaa/app_error_weak.c.o
LOAD _build/nrf52832_xxaa/app_fifo.c.o
LOAD _build/nrf52832_xxaa/app_scheduler.c.o
LOAD _build/nrf52832_xxaa/app_timer2.c.o
LOAD _build/nrf52832_xxaa/app_uart_fifo.c.o
LOAD _build/nrf52832_xxaa/app_util_platform.c.o
LOAD _build/nrf52832_xxaa/drv_rtc.c.o
LOAD _build/nrf52832_xxaa/hardfault_implementation.c.o
LOAD _build/nrf52832_xxaa/nrf_assert.c.o
LOAD _build/nrf52832_xxaa/nrf_atfifo.c.o
LOAD _build/nrf52832_xxaa/nrf_atflags.c.o
LOAD _build/nrf52832_xxaa/nrf_atomic.c.o
LOAD _build/nrf52832_xxaa/nrf_balloc.c.o
LOAD _build/nrf52832_xxaa/nrf_fprintf.c.o
LOAD _build/nrf52832_xxaa/nrf_fprintf_format.c.o
LOAD _build/nrf52832_xxaa/nrf_memobj.c.o
LOAD _build/nrf52832_xxaa/nrf_pwr_mgmt.c.o
LOAD _build/nrf52832_xxaa/nrf_ringbuf.c.o
LOAD _build/nrf52832_xxaa/nrf_section_iter.c.o
LOAD _build/nrf52832_xxaa/nrf_sortlist.c.o
LOAD _build/nrf52832_xxaa/nrf_strerror.c.o
LOAD _build/nrf52832_xxaa/retarget.c.o
LOAD _build/nrf52832_xxaa/system_nrf52.c.o
LOAD _build/nrf52832_xxaa/boards.c.o
LOAD _build/nrf52832_xxaa/nrf_drv_clock.c.o
LOAD _build/nrf52832_xxaa/nrf_drv_uart.c.o
LOAD _build/nrf52832_xxaa/nrfx_atomic.c.o
LOAD _build/nrf52832_xxaa/nrfx_clock.c.o
LOAD _build/nrf52832_xxaa/nrfx_gpiote.c.o
LOAD _build/nrf52832_xxaa/nrfx_prs.c.o
LOAD _build/nrf52832_xxaa/nrfx_uart.c.o
LOAD _build/nrf52832_xxaa/nrfx_uarte.c.o
LOAD _build/nrf52832_xxaa/bsp.c.o
LOAD _build/nrf52832_xxaa/bsp_btn_ble.c.o
LOAD _build/nrf52832_xxaa/main.c.o
LOAD _build/nrf52832_xxaa/SEGGER_RTT.c.o
LOAD _build/nrf52832_xxaa/SEGGER_RTT_Syscalls_GCC.c.o
LOAD _build/nrf52832_xxaa/SEGGER_RTT_printf.c.o
LOAD _build/nrf52832_xxaa/ble_advdata.c.o
LOAD _build/nrf52832_xxaa/ble_advertising.c.o
LOAD _build/nrf52832_xxaa/ble_conn_params.c.o
LOAD _build/nrf52832_xxaa/ble_conn_state.c.o
LOAD _build/nrf52832_xxaa/ble_link_ctx_manager.c.o
LOAD _build/nrf52832_xxaa/ble_srv_common.c.o
LOAD _build/nrf52832_xxaa/nrf_ble_gatt.c.o
LOAD _build/nrf52832_xxaa/nrf_ble_qwr.c.o
LOAD _build/nrf52832_xxaa/utf.c.o
LOAD _build/nrf52832_xxaa/ble_nus.c.o
LOAD _build/nrf52832_xxaa/nrf_sdh.c.o
LOAD _build/nrf52832_xxaa/nrf_sdh_ble.c.o
LOAD _build/nrf52832_xxaa/nrf_sdh_soc.c.o
LOAD c:/program files (x86)/gnu tools arm embedded/7 2018-q2-update/bin/../lib/gcc/arm-none-eabi/7.3.1/../../../../arm-none-eabi/lib/thumb/v7e-m/fpv4-sp/hard\libc_nano.a
LOAD c:/program files (x86)/gnu tools arm embedded/7 2018-q2-update/bin/../lib/gcc/arm-none-eabi/7.3.1/../../../../arm-none-eabi/lib/thumb/v7e-m/fpv4-sp/hard\libnosys.a
LOAD c:/program files (x86)/gnu tools arm embedded/7 2018-q2-update/bin/../lib/gcc/arm-none-eabi/7.3.1/../../../../arm-none-eabi/lib/thumb/v7e-m/fpv4-sp/hard\libm.a
START GROUP
LOAD c:/program files (x86)/gnu tools arm embedded/7 2018-q2-update/bin/../lib/gcc/arm-none-eabi/7.3.1/thumb/v7e-m/fpv4-sp/hard\libgcc.a
LOAD c:/program files (x86)/gnu tools arm embedded/7 2018-q2-update/bin/../lib/gcc/arm-none-eabi/7.3.1/../../../../arm-none-eabi/lib/thumb/v7e-m/fpv4-sp/hard\libg_nano.a
LOAD c:/program files (x86)/gnu tools arm embedded/7 2018-q2-update/bin/../lib/gcc/arm-none-eabi/7.3.1/../../../../arm-none-eabi/lib/thumb/v7e-m/fpv4-sp/hard\libc_nano.a
END GROUP
START GROUP
LOAD c:/program files (x86)/gnu tools arm embedded/7 2018-q2-update/bin/../lib/gcc/arm-none-eabi/7.3.1/thumb/v7e-m/fpv4-sp/hard\libgcc.a
LOAD c:/program files (x86)/gnu tools arm embedded/7 2018-q2-update/bin/../lib/gcc/arm-none-eabi/7.3.1/../../../../arm-none-eabi/lib/thumb/v7e-m/fpv4-sp/hard\libc_nano.a
END GROUP
LOAD c:/program files (x86)/gnu tools arm embedded/7 2018-q2-update/bin/../lib/gcc/arm-none-eabi/7.3.1/thumb/v7e-m/fpv4-sp/hard/crtend.o
LOAD c:/program files (x86)/gnu tools arm embedded/7 2018-q2-update/bin/../lib/gcc/arm-none-eabi/7.3.1/thumb/v7e-m/fpv4-sp/hard/crtn.o
START GROUP
LOAD c:/program files (x86)/gnu tools arm embedded/7 2018-q2-update/bin/../lib/gcc/arm-none-eabi/7.3.1/thumb/v7e-m/fpv4-sp/hard\libgcc.a
LOAD c:/program files (x86)/gnu tools arm embedded/7 2018-q2-update/bin/../lib/gcc/arm-none-eabi/7.3.1/../../../../arm-none-eabi/lib/thumb/v7e-m/fpv4-sp/hard\libc.a
LOAD c:/program files (x86)/gnu tools arm embedded/7 2018-q2-update/bin/../lib/gcc/arm-none-eabi/7.3.1/../../../../arm-none-eabi/lib/thumb/v7e-m/fpv4-sp/hard\libnosys.a
END GROUP

.igot.plt       0x20002d04        0x0 load address 0x0002fc9c
 .igot.plt      0x20002d04        0x0 c:/program files (x86)/gnu tools arm embedded/7 2018-q2-update/bin/../lib/gcc/arm-none-eabi/7.3.1/thumb/v7e-m/fpv4-sp/hard/crtbegin.o
                0x20002d04                . = ALIGN (0x4)

.mem_section_dummy_ram

.cli_sorted_cmd_ptrs
                0x20002d04        0x0
                [!provide]                PROVIDE (__start_cli_sorted_cmd_ptrs = .)
 *(.cli_sorted_cmd_ptrs)
                [!provide]                PROVIDE (__stop_cli_sorted_cmd_ptrs = .)

.fs_data        0x20002d04        0x0
                [!provide]                PROVIDE (__start_fs_data = .)
 *(.fs_data)
                [!provide]                PROVIDE (__stop_fs_data = .)

.log_dynamic_data
                0x20002d04        0x0
                0x20002d04                PROVIDE (__start_log_dynamic_data = .)
 *(SORT_BY_NAME(.log_dynamic_data*))
                [!provide]                PROVIDE (__stop_log_dynamic_data = .)

.log_filter_data
                0x20002d04        0x0
                [!provide]                PROVIDE (__start_log_filter_data = .)
 *(SORT_BY_NAME(.log_filter_data*))
                [!provide]                PROVIDE (__stop_log_filter_data = .)

.bss            0x20002d08     0x1348 load address 0x0002fca0
                0x20002d08                . = ALIGN (0x4)
                0x20002d08                __bss_start__ = .
 *(.bss*)
 .bss           0x20002d08       0x1c c:/program files (x86)/gnu tools arm embedded/7 2018-q2-update/bin/../lib/gcc/arm-none-eabi/7.3.1/thumb/v7e-m/fpv4-sp/hard/crtbegin.o
 .bss.m_host_present
                0x20002d24        0x1 _build/nrf52832_xxaa/nrf_log_backend_rtt.c.o
 *fill*         0x20002d25        0x3 
 .bss.m_string_buff
                0x20002d28       0x40 _build/nrf52832_xxaa/nrf_log_backend_rtt.c.o
 .bss.log_mempool_nrf_balloc_cb
                0x20002d68        0x8 _build/nrf52832_xxaa/nrf_log_frontend.c.o
 .bss.log_mempool_nrf_balloc_pool_mem
                0x20002d70       0xc0 _build/nrf52832_xxaa/nrf_log_frontend.c.o
 .bss.log_mempool_nrf_balloc_pool_stack
                0x20002e30        0x8 _build/nrf52832_xxaa/nrf_log_frontend.c.o
 .bss.m_log_data
                0x20002e38      0x424 _build/nrf52832_xxaa/nrf_log_frontend.c.o
 .bss.m_log_push_ringbuf_buf
                0x2000325c       0x80 _build/nrf52832_xxaa/nrf_log_frontend.c.o
 .bss.m_log_push_ringbuf_cb
                0x200032dc       0x18 _build/nrf52832_xxaa/nrf_log_frontend.c.o
 .bss.m_button_count
                0x200032f4        0x1 _build/nrf52832_xxaa/app_button.c.o
 *fill*         0x200032f5        0x3 
 .bss.m_detection_delay
                0x200032f8        0x4 _build/nrf52832_xxaa/app_button.c.o
 *fill*         0x200032fc        0x4 
 .bss.m_detection_delay_timer_id_data
                0x20003300       0x20 _build/nrf52832_xxaa/app_button.c.o
 .bss.m_pin_active
                0x20003320        0x8 _build/nrf52832_xxaa/app_button.c.o
 .bss.m_pin_states
                0x20003328       0x10 _build/nrf52832_xxaa/app_button.c.o
 .bss.mp_buttons
                0x20003338        0x4 _build/nrf52832_xxaa/app_button.c.o
 .bss.m_app_timer_sortlist_sortlist_cb
                0x2000333c        0x4 _build/nrf52832_xxaa/app_timer2.c.o
 .bss.m_base_counter
                0x20003340        0x8 _build/nrf52832_xxaa/app_timer2.c.o
 .bss.m_global_active
                0x20003348        0x1 _build/nrf52832_xxaa/app_timer2.c.o
 *fill*         0x20003349        0x3 
 .bss.m_req_fifo_data
                0x2000334c       0x58 _build/nrf52832_xxaa/app_timer2.c.o
 .bss.m_req_fifo_inst
                0x200033a4       0x10 _build/nrf52832_xxaa/app_timer2.c.o
 *fill*         0x200033b4        0x4 
 .bss.m_stamp64
                0x200033b8        0x8 _build/nrf52832_xxaa/app_timer2.c.o
 .bss.mp_active_timer
                0x200033c0        0x4 _build/nrf52832_xxaa/app_timer2.c.o
 .bss.m_event_handler
                0x200033c4        0x4 _build/nrf52832_xxaa/app_uart_fifo.c.o
 .bss.m_rx_fifo
                0x200033c8       0x10 _build/nrf52832_xxaa/app_uart_fifo.c.o
 .bss.m_rx_ovf  0x200033d8        0x1 _build/nrf52832_xxaa/app_uart_fifo.c.o
 *fill*         0x200033d9        0x3 
 .bss.m_tx_fifo
                0x200033dc       0x10 _build/nrf52832_xxaa/app_uart_fifo.c.o
 .bss.rx_buffer
                0x200033ec        0x1 _build/nrf52832_xxaa/app_uart_fifo.c.o
 *fill*         0x200033ed        0x3 
 .bss.tx_buffer
                0x200033f0        0x1 _build/nrf52832_xxaa/app_uart_fifo.c.o
 *fill*         0x200033f1        0x3 
 .bss.m_cb      0x200033f4        0x8 _build/nrf52832_xxaa/drv_rtc.c.o
 .bss.m_handlers
                0x200033fc        0x4 _build/nrf52832_xxaa/drv_rtc.c.o
 .bss.m_handlers_iter
                0x20003400        0x8 _build/nrf52832_xxaa/nrf_pwr_mgmt.c.o
 .bss.m_shutdown_started
                0x20003408        0x1 _build/nrf52832_xxaa/nrf_pwr_mgmt.c.o
 *fill*         0x20003409        0x3 
 .bss.m_sysoff_mtx
                0x2000340c        0x4 _build/nrf52832_xxaa/nrf_pwr_mgmt.c.o
 .bss.m_clock_cb
                0x20003410       0x14 _build/nrf52832_xxaa/nrf_drv_clock.c.o
 .bss.m_contexts
                0x20003424        0x4 _build/nrf52832_xxaa/nrf_drv_uart.c.o
 .bss.m_handlers
                0x20003428        0x4 _build/nrf52832_xxaa/nrf_drv_uart.c.o
 .bss.m_clock_cb
                0x2000342c        0x8 _build/nrf52832_xxaa/nrfx_clock.c.o
 .bss.m_cb      0x20003434       0x5c _build/nrf52832_xxaa/nrfx_gpiote.c.o
 .bss.m_prs_box_4
                0x20003490        0x8 _build/nrf52832_xxaa/nrfx_prs.c.o
 .bss.m_cb      0x20003498       0x2c _build/nrf52832_xxaa/nrfx_uart.c.o
 .bss.m_cb      0x200034c4       0x24 _build/nrf52832_xxaa/nrfx_uarte.c.o
 .bss.current_long_push_pin_no.8938
                0x200034e8        0x1 _build/nrf52832_xxaa/bsp.c.o
 .bss.m_alert_on
                0x200034e9        0x1 _build/nrf52832_xxaa/bsp.c.o
 *fill*         0x200034ea        0x6 
 .bss.m_bsp_alert_tmr_data
                0x200034f0       0x20 _build/nrf52832_xxaa/bsp.c.o
 .bss.m_bsp_button_tmr_data
                0x20003510       0x20 _build/nrf52832_xxaa/bsp.c.o
 .bss.m_bsp_leds_tmr_data
                0x20003530       0x20 _build/nrf52832_xxaa/bsp.c.o
 .bss.m_events_list
                0x20003550        0xc _build/nrf52832_xxaa/bsp.c.o
 .bss.m_indication_type
                0x2000355c        0x4 _build/nrf52832_xxaa/bsp.c.o
 .bss.m_leds_clear
                0x20003560        0x1 _build/nrf52832_xxaa/bsp.c.o
 *fill*         0x20003561        0x3 
 .bss.m_registered_callback
                0x20003564        0x4 _build/nrf52832_xxaa/bsp.c.o
 .bss.m_stable_state
                0x20003568        0x1 _build/nrf52832_xxaa/bsp.c.o
 *fill*         0x20003569        0x3 
 .bss.release_event_at_push.8939
                0x2000356c        0x4 _build/nrf52832_xxaa/bsp.c.o
 .bss.m_error_handler
                0x20003570        0x4 _build/nrf52832_xxaa/bsp_btn_ble.c.o
 .bss.m_num_connections
                0x20003574        0x4 _build/nrf52832_xxaa/bsp_btn_ble.c.o
 .bss.data_array.12222
                0x20003578       0xf4 _build/nrf52832_xxaa/main.c.o
 .bss.index.12223
                0x2000366c        0x1 _build/nrf52832_xxaa/main.c.o
 *fill*         0x2000366d        0x3 
 .bss.m_advertising
                0x20003670      0x434 _build/nrf52832_xxaa/main.c.o
 .bss.m_gatt    0x20003aa4       0x14 _build/nrf52832_xxaa/main.c.o
 .bss.m_nus_link_ctx_storage_ctx_data_pool
                0x20003ab8        0x4 _build/nrf52832_xxaa/main.c.o
 .bss.m_qwr     0x20003abc        0xc _build/nrf52832_xxaa/main.c.o
 .bss.m_systick_cnt
                0x20003ac8        0x8 _build/nrf52832_xxaa/main.c.o
 .bss.rx_buf.12236
                0x20003ad0      0x100 _build/nrf52832_xxaa/main.c.o
 .bss.tx_buf.12237
                0x20003bd0      0x100 _build/nrf52832_xxaa/main.c.o
 .bss._acDownBuffer
                0x20003cd0       0x10 _build/nrf52832_xxaa/SEGGER_RTT.c.o
 .bss._acUpBuffer
                0x20003ce0      0x200 _build/nrf52832_xxaa/SEGGER_RTT.c.o
 .bss.m_conn_params_config
                0x20003ee0       0x1c _build/nrf52832_xxaa/ble_conn_params.c.o
 .bss.m_conn_params_instances
                0x20003efc       0x14 _build/nrf52832_xxaa/ble_conn_params.c.o
 .bss.m_preferred_conn_params
                0x20003f10        0x8 _build/nrf52832_xxaa/ble_conn_params.c.o
 .bss.m_timer_data
                0x20003f18       0x20 _build/nrf52832_xxaa/ble_conn_params.c.o
 .bss.m_bcs     0x20003f38       0x7c _build/nrf52832_xxaa/ble_conn_state.c.o
 .bss.m_nrf_sdh_continue
                0x20003fb4        0x1 _build/nrf52832_xxaa/nrf_sdh.c.o
 .bss.m_nrf_sdh_enabled
                0x20003fb5        0x1 _build/nrf52832_xxaa/nrf_sdh.c.o
 .bss.m_nrf_sdh_suspended
                0x20003fb6        0x1 _build/nrf52832_xxaa/nrf_sdh.c.o
 .bss.m_stack_is_enabled
                0x20003fb7        0x1 _build/nrf52832_xxaa/nrf_sdh_ble.c.o
 .bss.__malloc_free_list
                0x20003fb8        0x4 c:/program files (x86)/gnu tools arm embedded/7 2018-q2-update/bin/../lib/gcc/arm-none-eabi/7.3.1/../../../../arm-none-eabi/lib/thumb/v7e-m/fpv4-sp/hard\libc_nano.a(lib_a-nano-mallocr.o)
                0x20003fb8                __malloc_free_list
 .bss.__malloc_sbrk_start
                0x20003fbc        0x4 c:/program files (x86)/gnu tools arm embedded/7 2018-q2-update/bin/../lib/gcc/arm-none-eabi/7.3.1/../../../../arm-none-eabi/lib/thumb/v7e-m/fpv4-sp/hard\libc_nano.a(lib_a-nano-mallocr.o)
                0x20003fbc                __malloc_sbrk_start
 .bss.heap_end.5377
                0x20003fc0        0x4 c:/program files (x86)/gnu tools arm embedded/7 2018-q2-update/bin/../lib/gcc/arm-none-eabi/7.3.1/../../../../arm-none-eabi/lib/thumb/v7e-m/fpv4-sp/hard\libnosys.a(sbrk.o)
 *(COMMON)
 COMMON         0x20003fc4        0xc _build/nrf52832_xxaa/app_util_platform.c.o
                0x20003fc4                nrf_nvic_state
 COMMON         0x20003fd0        0x1 _build/nrf52832_xxaa/nrf_drv_uart.c.o
                0x20003fd0                nrf_drv_uart_use_easy_dma
 *fill*         0x20003fd1        0x3 
 COMMON         0x20003fd4       0x78 _build/nrf52832_xxaa/SEGGER_RTT.c.o
                0x20003fd4                _SEGGER_RTT
 COMMON         0x2000404c        0x4 c:/program files (x86)/gnu tools arm embedded/7 2018-q2-update/bin/../lib/gcc/arm-none-eabi/7.3.1/../../../../arm-none-eabi/lib/thumb/v7e-m/fpv4-sp/hard\libc_nano.a(lib_a-reent.o)
                0x2000404c                errno
                0x20004050                . = ALIGN (0x4)
                0x20004050                __bss_end__ = .

.heap           0x20004050     0x2000
                0x20004050                __HeapBase = .
                0x20004050                __end__ = .
                0x20004050                PROVIDE (end = .)
 *(.heap*)
 .heap          0x20004050     0x2000 _build/nrf52832_xxaa/gcc_startup_nrf52.S.o
                0x20006050                __HeapLimit = .

.stack_dummy    0x20004050     0x2000
 *(.stack*)
 .stack         0x20004050     0x2000 _build/nrf52832_xxaa/gcc_startup_nrf52.S.o
                0x20010000                __StackTop = (ORIGIN (RAM) + LENGTH (RAM))
                0x2000e000                __StackLimit = (__StackTop - SIZEOF (.stack_dummy))
                0x20010000                PROVIDE (__stack = __StackTop)
                0x00000001                ASSERT ((__StackLimit >= __HeapLimit), region RAM overflowed with stack)
                0x00000230                DataInitFlashUsed = (__bss_start__ - __data_start__)
                0x00009a70                CodeFlashUsed = (__etext - ORIGIN (FLASH))
                0x00009ca0                TotalFlashUsed = (CodeFlashUsed + DataInitFlashUsed)
                0x00000001                ASSERT ((TotalFlashUsed <= LENGTH (FLASH)), region FLASH overflowed with .data and user data)
OUTPUT(_build/nrf52832_xxaa.out elf32-littlearm)

.ARM.attributes
                0x00000000       0x30
 .ARM.attributes
                0x00000000       0x22 c:/program files (x86)/gnu tools arm embedded/7 2018-q2-update/bin/../lib/gcc/arm-none-eabi/7.3.1/thumb/v7e-m/fpv4-sp/hard/crti.o
 .ARM.attributes
                0x00000022       0x34 c:/program files (x86)/gnu tools arm embedded/7 2018-q2-update/bin/../lib/gcc/arm-none-eabi/7.3.1/thumb/v7e-m/fpv4-sp/hard/crtbegin.o
 .ARM.attributes
                0x00000056       0x20 c:/program files (x86)/gnu tools arm embedded/7 2018-q2-update/bin/../lib/gcc/arm-none-eabi/7.3.1/../../../../arm-none-eabi/lib/thumb/v7e-m/fpv4-sp/hard/crt0.o
 .ARM.attributes
                0x00000076       0x20 _build/nrf52832_xxaa/gcc_startup_nrf52.S.o
 .ARM.attributes
                0x00000096       0x39 _build/nrf52832_xxaa/nrf_log_backend_rtt.c.o
 .ARM.attributes
                0x000000cf       0x39 _build/nrf52832_xxaa/nrf_log_backend_serial.c.o
 .ARM.attributes
                0x00000108       0x39 _build/nrf52832_xxaa/nrf_log_default_backends.c.o
 .ARM.attributes
                0x00000141       0x39 _build/nrf52832_xxaa/nrf_log_frontend.c.o
 .ARM.attributes
                0x0000017a       0x39 _build/nrf52832_xxaa/nrf_log_str_formatter.c.o
 .ARM.attributes
                0x000001b3       0x39 _build/nrf52832_xxaa/app_button.c.o
 .ARM.attributes
                0x000001ec       0x39 _build/nrf52832_xxaa/app_error.c.o
 .ARM.attributes
                0x00000225       0x39 _build/nrf52832_xxaa/app_error_weak.c.o
 .ARM.attributes
                0x0000025e       0x39 _build/nrf52832_xxaa/app_fifo.c.o
 .ARM.attributes
                0x00000297       0x39 _build/nrf52832_xxaa/app_timer2.c.o
 .ARM.attributes
                0x000002d0       0x39 _build/nrf52832_xxaa/app_uart_fifo.c.o
 .ARM.attributes
                0x00000309       0x39 _build/nrf52832_xxaa/app_util_platform.c.o
 .ARM.attributes
                0x00000342       0x39 _build/nrf52832_xxaa/drv_rtc.c.o
 .ARM.attributes
                0x0000037b       0x39 _build/nrf52832_xxaa/nrf_atfifo.c.o
 .ARM.attributes
                0x000003b4       0x39 _build/nrf52832_xxaa/nrf_atflags.c.o
 .ARM.attributes
                0x000003ed       0x39 _build/nrf52832_xxaa/nrf_atomic.c.o
 .ARM.attributes
                0x00000426       0x39 _build/nrf52832_xxaa/nrf_balloc.c.o
 .ARM.attributes
                0x0000045f       0x39 _build/nrf52832_xxaa/nrf_fprintf.c.o
 .ARM.attributes
                0x00000498       0x39 _build/nrf52832_xxaa/nrf_fprintf_format.c.o
 .ARM.attributes
                0x000004d1       0x39 _build/nrf52832_xxaa/nrf_memobj.c.o
 .ARM.attributes
                0x0000050a       0x39 _build/nrf52832_xxaa/nrf_pwr_mgmt.c.o
 .ARM.attributes
                0x00000543       0x39 _build/nrf52832_xxaa/nrf_ringbuf.c.o
 .ARM.attributes
                0x0000057c       0x39 _build/nrf52832_xxaa/nrf_section_iter.c.o
 .ARM.attributes
                0x000005b5       0x39 _build/nrf52832_xxaa/nrf_sortlist.c.o
 .ARM.attributes
                0x000005ee       0x39 _build/nrf52832_xxaa/nrf_strerror.c.o
 .ARM.attributes
                0x00000627       0x39 _build/nrf52832_xxaa/retarget.c.o
 .ARM.attributes
                0x00000660       0x39 _build/nrf52832_xxaa/system_nrf52.c.o
 .ARM.attributes
                0x00000699       0x39 _build/nrf52832_xxaa/boards.c.o
 .ARM.attributes
                0x000006d2       0x39 _build/nrf52832_xxaa/nrf_drv_clock.c.o
 .ARM.attributes
                0x0000070b       0x39 _build/nrf52832_xxaa/nrf_drv_uart.c.o
 .ARM.attributes
                0x00000744       0x39 _build/nrf52832_xxaa/nrfx_clock.c.o
 .ARM.attributes
                0x0000077d       0x39 _build/nrf52832_xxaa/nrfx_gpiote.c.o
 .ARM.attributes
                0x000007b6       0x39 _build/nrf52832_xxaa/nrfx_prs.c.o
 .ARM.attributes
                0x000007ef       0x39 _build/nrf52832_xxaa/nrfx_uart.c.o
 .ARM.attributes
                0x00000828       0x39 _build/nrf52832_xxaa/nrfx_uarte.c.o
 .ARM.attributes